╨б╨▒╨╛╤А╨║╨░ ╨╜╨░╤З╨░╤В╨░ 28.04.2026 11:09:09.
     1>╨Я╤А╨╛╨╡╨║╤В "D:\Git\NoviVovi\tests\NoviVovi.Api.Tests\NoviVovi.Api.Tests.csproj" ╨▓ ╤Г╨╖╨╗╨╡ 1 (╤Ж╨╡╨╗╨╡╨▓╤Л╨╡ ╨╛╨▒╤К╨╡╨║╤В╤Л Restore).
     1>_GetAllRestoreProjectPathItems:
         ╨Ю╨┐╤А╨╡╨┤╨╡╨╗╨╡╨╜╨╕╨╡ ╨┐╤А╨╛╨╡╨║╤В╨╛╨▓ ╨┤╨╗╤П ╨▓╨╛╤Б╤Б╤В╨░╨╜╨╛╨▓╨╗╨╡╨╜╨╕╤П...
     1>╨Я╤А╨╛╨╡╨║╤В "D:\Git\NoviVovi\tests\NoviVovi.Api.Tests\NoviVovi.Api.Tests.csproj" (1) ╨▓╤Л╨┐╨╛╨╗╨╜╤П╨╡╤В ╤Б╨▒╨╛╤А╨║╤Г "D:\Git\NoviVovi\backend\NoviVovi.Api\NoviVovi.Api.csproj" (2:4) ╨▓ ╤Г╨╖╨╗╨╡ 1 (╤Ж╨╡╨╗╨╡╨▓╤Л╨╡ ╨╛╨▒╤К╨╡╨║╤В╤Л _GenerateProjectRestoreGraph).
     2>AddPrunePackageReferences:
         Loading prune package data from PrunePackageData folder
         Failed to load prune package data from PrunePackageData folder, loading from targeting packs instead
     1>╨Я╤А╨╛╨╡╨║╤В "D:\Git\NoviVovi\tests\NoviVovi.Api.Tests\NoviVovi.Api.Tests.csproj" (1) ╨▓╤Л╨┐╨╛╨╗╨╜╤П╨╡╤В ╤Б╨▒╨╛╤А╨║╤Г "D:\Git\NoviVovi\backend\NoviVovi.Infrastructure\NoviVovi.Infrastructure.csproj" (3:5) ╨▓ ╤Г╨╖╨╗╨╡ 4 (╤Ж╨╡╨╗╨╡╨▓╤Л╨╡ ╨╛╨▒╤К╨╡╨║╤В╤Л _GenerateProjectRestoreGraph).
     3>AddPrunePackageReferences:
         Loading prune package data from PrunePackageData folder
         Failed to load prune package data from PrunePackageData folder, loading from targeting packs instead
         Looking for targeting packs in C:\Program Files\dotnet\packs\Microsoft.NETCore.App.Ref
     1>╨Я╤А╨╛╨╡╨║╤В "D:\Git\NoviVovi\tests\NoviVovi.Api.Tests\NoviVovi.Api.Tests.csproj" (1) ╨▓╤Л╨┐╨╛╨╗╨╜╤П╨╡╤В ╤Б╨▒╨╛╤А╨║╤Г "D:\Git\NoviVovi\backend\NoviVovi.Domain\NoviVovi.Domain.csproj" (5:6) ╨▓ ╤Г╨╖╨╗╨╡ 2 (╤Ж╨╡╨╗╨╡╨▓╤Л╨╡ ╨╛╨▒╤К╨╡╨║╤В╤Л _GenerateProjectRestoreGraph).
     5>AddPrunePackageReferences:
         Loading prune package data from PrunePackageData folder
         Failed to load prune package data from PrunePackageData folder, loading from targeting packs instead
     2>AddPrunePackageReferences:
         Looking for targeting packs in C:\Program Files\dotnet\packs\Microsoft.NETCore.App.Ref
     3>AddPrunePackageReferences:
         Pack directories found: C:\Program Files\dotnet\packs\Microsoft.NETCore.App.Ref\10.0.3
     2>AddPrunePackageReferences:
         Pack directories found: C:\Program Files\dotnet\packs\Microsoft.NETCore.App.Ref\10.0.3
     3>AddPrunePackageReferences:
         Found package overrides file C:\Program Files\dotnet\packs\Microsoft.NETCore.App.Ref\10.0.3\data\PackageOverrides.txt
     2>AddPrunePackageReferences:
         Found package overrides file C:\Program Files\dotnet\packs\Microsoft.NETCore.App.Ref\10.0.3\data\PackageOverrides.txt
         Loading prune package data from PrunePackageData folder
         Failed to load prune package data from PrunePackageData folder, loading from targeting packs instead
         Looking for targeting packs in C:\Program Files\dotnet\packs\Microsoft.AspNetCore.App.Ref
         Pack directories found: C:\Program Files\dotnet\packs\Microsoft.AspNetCore.App.Ref\10.0.3
         Found package overrides file C:\Program Files\dotnet\packs\Microsoft.AspNetCore.App.Ref\10.0.3\data\PackageOverrides.txt
     1>╨Я╤А╨╛╨╡╨║╤В "D:\Git\NoviVovi\tests\NoviVovi.Api.Tests\NoviVovi.Api.Tests.csproj" (1) ╨▓╤Л╨┐╨╛╨╗╨╜╤П╨╡╤В ╤Б╨▒╨╛╤А╨║╤Г "D:\Git\NoviVovi\backend\NoviVovi.Application\NoviVovi.Application.csproj" (4:6) ╨▓ ╤Г╨╖╨╗╨╡ 3 (╤Ж╨╡╨╗╨╡╨▓╤Л╨╡ ╨╛╨▒╤К╨╡╨║╤В╤Л _GenerateProjectRestoreGraph).
     4>AddPrunePackageReferences:
         Loading prune package data from PrunePackageData folder
         Failed to load prune package data from PrunePackageData folder, loading from targeting packs instead
         Looking for targeting packs in C:\Program Files\dotnet\packs\Microsoft.NETCore.App.Ref
         Pack directories found: C:\Program Files\dotnet\packs\Microsoft.NETCore.App.Ref\10.0.3
     5>AddPrunePackageReferences:
         Looking for targeting packs in C:\Program Files\dotnet\packs\Microsoft.NETCore.App.Ref
         Pack directories found: C:\Program Files\dotnet\packs\Microsoft.NETCore.App.Ref\10.0.3
     3>╨б╨▒╨╛╤А╨║╨░ ╨┐╤А╨╛╨╡╨║╤В╨░ "D:\Git\NoviVovi\backend\NoviVovi.Infrastructure\NoviVovi.Infrastructure.csproj" ╨╖╨░╨▓╨╡╤А╤И╨╡╨╜╨░ (╤Ж╨╡╨╗╨╡╨▓╤Л╨╡ ╨╛╨▒╤К╨╡╨║╤В╤Л _GenerateProjectRestoreGraph).
     4>AddPrunePackageReferences:
         Found package overrides file C:\Program Files\dotnet\packs\Microsoft.NETCore.App.Ref\10.0.3\data\PackageOverrides.txt
     5>AddPrunePackageReferences:
         Found package overrides file C:\Program Files\dotnet\packs\Microsoft.NETCore.App.Ref\10.0.3\data\PackageOverrides.txt
     2>╨б╨▒╨╛╤А╨║╨░ ╨┐╤А╨╛╨╡╨║╤В╨░ "D:\Git\NoviVovi\backend\NoviVovi.Api\NoviVovi.Api.csproj" ╨╖╨░╨▓╨╡╤А╤И╨╡╨╜╨░ (╤Ж╨╡╨╗╨╡╨▓╤Л╨╡ ╨╛╨▒╤К╨╡╨║╤В╤Л _GenerateProjectRestoreGraph).
     4>╨б╨▒╨╛╤А╨║╨░ ╨┐╤А╨╛╨╡╨║╤В╨░ "D:\Git\NoviVovi\backend\NoviVovi.Application\NoviVovi.Application.csproj" ╨╖╨░╨▓╨╡╤А╤И╨╡╨╜╨░ (╤Ж╨╡╨╗╨╡╨▓╤Л╨╡ ╨╛╨▒╤К╨╡╨║╤В╤Л _GenerateProjectRestoreGraph).
     5>╨б╨▒╨╛╤А╨║╨░ ╨┐╤А╨╛╨╡╨║╤В╨░ "D:\Git\NoviVovi\backend\NoviVovi.Domain\NoviVovi.Domain.csproj" ╨╖╨░╨▓╨╡╤А╤И╨╡╨╜╨░ (╤Ж╨╡╨╗╨╡╨▓╤Л╨╡ ╨╛╨▒╤К╨╡╨║╤В╤Л _GenerateProjectRestoreGraph).
     1>╨Я╤А╨╛╨╡╨║╤В "D:\Git\NoviVovi\tests\NoviVovi.Api.Tests\NoviVovi.Api.Tests.csproj" (1) ╨▓╤Л╨┐╨╛╨╗╨╜╤П╨╡╤В ╤Б╨▒╨╛╤А╨║╤Г "D:\Git\NoviVovi\tests\NoviVovi.Api.Tests\NoviVovi.Api.Tests.csproj" (1:6) ╨▓ ╤Г╨╖╨╗╨╡ 1 (╤Ж╨╡╨╗╨╡╨▓╤Л╨╡ ╨╛╨▒╤К╨╡╨║╤В╤Л _GenerateProjectRestoreGraph).
     1>AddPrunePackageReferences:
         Loading prune package data from PrunePackageData folder
         Failed to load prune package data from PrunePackageData folder, loading from targeting packs instead
         Looking for targeting packs in C:\Program Files\dotnet\packs\Microsoft.NETCore.App.Ref
         Pack directories found: C:\Program Files\dotnet\packs\Microsoft.NETCore.App.Ref\10.0.3
         Found package overrides file C:\Program Files\dotnet\packs\Microsoft.NETCore.App.Ref\10.0.3\data\PackageOverrides.txt
     1>╨б╨▒╨╛╤А╨║╨░ ╨┐╤А╨╛╨╡╨║╤В╨░ "D:\Git\NoviVovi\tests\NoviVovi.Api.Tests\NoviVovi.Api.Tests.csproj" ╨╖╨░╨▓╨╡╤А╤И╨╡╨╜╨░ (╤Ж╨╡╨╗╨╡╨▓╤Л╨╡ ╨╛╨▒╤К╨╡╨║╤В╤Л _GenerateProjectRestoreGraph).
     1>Restore:
         ╨Я╤А╨╕ ╨┐╤А╨╛╨▓╨╡╤А╨║╨╡ ╤Ж╨╡╨┐╨╛╤З╨║╨╕ ╤Б╨╡╤А╤В╨╕╤Д╨╕╨║╨░╤В╨╛╨▓ X.509 ╨▒╤Г╨┤╨╡╤В ╨╕╤Б╨┐╨╛╨╗╤М╨╖╨╛╨▓╨░╤В╤М╤Б╤П ╤Е╤А╨░╨╜╨╕╨╗╨╕╤Й╨╡ ╨┤╨╛╨▓╨╡╤А╨╕╤П ╨┐╨╛ ╤Г╨╝╨╛╨╗╤З╨░╨╜╨╕╤О, ╨▓╤Л╨▒╤А╨░╨╜╨╜╨╛╨╡ .NET ╨┤╨╗╤П ╨┐╨╛╨┤╨┐╨╕╤Б╤Л╨▓╨░╨╜╨╕╤П ╨║╨╛╨┤╨░.
         ╨Я╤А╨╕ ╨┐╤А╨╛╨▓╨╡╤А╨║╨╡ ╤Ж╨╡╨┐╨╛╤З╨║╨╕ ╤Б╨╡╤А╤В╨╕╤Д╨╕╨║╨░╤В╨╛╨▓ X.509 ╨▒╤Г╨┤╨╡╤В ╨╕╤Б╨┐╨╛╨╗╤М╨╖╨╛╨▓╨░╤В╤М╤Б╤П ╤Е╤А╨░╨╜╨╕╨╗╨╕╤Й╨╡ ╨┤╨╛╨▓╨╡╤А╨╕╤П ╨┐╨╛ ╤Г╨╝╨╛╨╗╤З╨░╨╜╨╕╤О, ╨▓╤Л╨▒╤А╨░╨╜╨╜╨╛╨╡ .NET ╨┤╨╗╤П ╤Г╤Б╤В╨░╨╜╨╛╨▓╨║╨╕ ╨╝╨╡╤В╨║╨╕ ╨▓╤А╨╡╨╝╨╡╨╜╨╕.
         ╨д╨░╨╣╨╗ ╤А╨╡╤Б╤Г╤А╤Б╨╛╨▓ ╨╜╨╡ ╨▒╤Л╨╗ ╨╕╨╖╨╝╨╡╨╜╨╡╨╜. ╨Я╤А╨╛╨┐╤Г╤Б╨║ ╨╖╨░╨┐╨╕╤Б╨╕ ╤Д╨░╨╣╨╗╨░ ╤А╨╡╤Б╤Г╤А╤Б╨╛╨▓. ╨Я╤Г╤В╤М: D:\Git\NoviVovi\backend\NoviVovi.Domain\obj\project.assets.json
         ╨Т╨╛╤Б╤Б╤В╨░╨╜╨╛╨▓╨╗╨╡╨╜ D:\Git\NoviVovi\backend\NoviVovi.Domain\NoviVovi.Domain.csproj (╨╖╨░ 63┬а╨╝╤Б).
         ╨д╨░╨╣╨╗ ╤А╨╡╤Б╤Г╤А╤Б╨╛╨▓ ╨╜╨╡ ╨▒╤Л╨╗ ╨╕╨╖╨╝╨╡╨╜╨╡╨╜. ╨Я╤А╨╛╨┐╤Г╤Б╨║ ╨╖╨░╨┐╨╕╤Б╨╕ ╤Д╨░╨╣╨╗╨░ ╤А╨╡╤Б╤Г╤А╤Б╨╛╨▓. ╨Я╤Г╤В╤М: D:\Git\NoviVovi\backend\NoviVovi.Application\obj\project.assets.json
         ╨Т╨╛╤Б╤Б╤В╨░╨╜╨╛╨▓╨╗╨╡╨╜ D:\Git\NoviVovi\backend\NoviVovi.Application\NoviVovi.Application.csproj (╨╖╨░ 68┬а╨╝╤Б).
         ╨д╨░╨╣╨╗ ╤А╨╡╤Б╤Г╤А╤Б╨╛╨▓ ╨╜╨╡ ╨▒╤Л╨╗ ╨╕╨╖╨╝╨╡╨╜╨╡╨╜. ╨Я╤А╨╛╨┐╤Г╤Б╨║ ╨╖╨░╨┐╨╕╤Б╨╕ ╤Д╨░╨╣╨╗╨░ ╤А╨╡╤Б╤Г╤А╤Б╨╛╨▓. ╨Я╤Г╤В╤М: D:\Git\NoviVovi\backend\NoviVovi.Api\obj\project.assets.json
         ╨Т╨╛╤Б╤Б╤В╨░╨╜╨╛╨▓╨╗╨╡╨╜ D:\Git\NoviVovi\backend\NoviVovi.Api\NoviVovi.Api.csproj (╨╖╨░ 75┬а╨╝╤Б).
     1>D:\Git\NoviVovi\backend\NoviVovi.Infrastructure\NoviVovi.Infrastructure.csproj : warning NU1510: PackageReference System.Security.Claims will not be pruned. Consider removing this package from your dependencies, as it is likely unnecessary. [D:\Git\NoviVovi\tests\NoviVovi.Api.Tests\NoviVovi.Api.Tests.csproj]
     1>D:\Git\NoviVovi\backend\NoviVovi.Infrastructure\NoviVovi.Infrastructure.csproj : warning NU1903: Package 'System.Security.Cryptography.Xml' 8.0.2 has a known high severity vulnerability, https://github.com/advisories/GHSA-37gx-xxp4-5rgx [D:\Git\NoviVovi\tests\NoviVovi.Api.Tests\NoviVovi.Api.Tests.csproj]
     1>D:\Git\NoviVovi\backend\NoviVovi.Infrastructure\NoviVovi.Infrastructure.csproj : warning NU1903: Package 'System.Security.Cryptography.Xml' 8.0.2 has a known high severity vulnerability, https://github.com/advisories/GHSA-w3x6-4m5h-cxqf [D:\Git\NoviVovi\tests\NoviVovi.Api.Tests\NoviVovi.Api.Tests.csproj]
         ╨д╨░╨╣╨╗ ╤А╨╡╤Б╤Г╤А╤Б╨╛╨▓ ╨╜╨╡ ╨▒╤Л╨╗ ╨╕╨╖╨╝╨╡╨╜╨╡╨╜. ╨Я╤А╨╛╨┐╤Г╤Б╨║ ╨╖╨░╨┐╨╕╤Б╨╕ ╤Д╨░╨╣╨╗╨░ ╤А╨╡╤Б╤Г╤А╤Б╨╛╨▓. ╨Я╤Г╤В╤М: D:\Git\NoviVovi\backend\NoviVovi.Infrastructure\obj\project.assets.json
         ╨Т╨╛╤Б╤Б╤В╨░╨╜╨╛╨▓╨╗╨╡╨╜ D:\Git\NoviVovi\backend\NoviVovi.Infrastructure\NoviVovi.Infrastructure.csproj (╨╖╨░ 105┬а╨╝╤Б).
     1>D:\Git\NoviVovi\tests\NoviVovi.Api.Tests\NoviVovi.Api.Tests.csproj : warning NU1903: Package 'System.Security.Cryptography.Xml' 8.0.2 has a known high severity vulnerability, https://github.com/advisories/GHSA-37gx-xxp4-5rgx
     1>D:\Git\NoviVovi\tests\NoviVovi.Api.Tests\NoviVovi.Api.Tests.csproj : warning NU1903: Package 'System.Security.Cryptography.Xml' 8.0.2 has a known high severity vulnerability, https://github.com/advisories/GHSA-w3x6-4m5h-cxqf
         ╨д╨░╨╣╨╗ ╤А╨╡╤Б╤Г╤А╤Б╨╛╨▓ ╨╜╨╡ ╨▒╤Л╨╗ ╨╕╨╖╨╝╨╡╨╜╨╡╨╜. ╨Я╤А╨╛╨┐╤Г╤Б╨║ ╨╖╨░╨┐╨╕╤Б╨╕ ╤Д╨░╨╣╨╗╨░ ╤А╨╡╤Б╤Г╤А╤Б╨╛╨▓. ╨Я╤Г╤В╤М: D:\Git\NoviVovi\tests\NoviVovi.Api.Tests\obj\project.assets.json
         ╨Т╨╛╤Б╤Б╤В╨░╨╜╨╛╨▓╨╗╨╡╨╜ D:\Git\NoviVovi\tests\NoviVovi.Api.Tests\NoviVovi.Api.Tests.csproj (╨╖╨░ 113┬а╨╝╤Б).
         
         ╨Ш╤Б╨┐╨╛╨╗╤М╨╖╨╛╨▓╨░╨╜╨╜╤Л╨╡ ╤Д╨░╨╣╨╗╤Л ╨║╨╛╨╜╤Д╨╕╨│╤Г╤А╨░╤Ж╨╕╨╕ NuGet:
             C:\Users\vl_ga\AppData\Roaming\NuGet\NuGet.Config
         
         ╨Ш╤Б╨┐╨╛╨╗╤М╨╖╨╛╨▓╨░╨╜╨╜╤Л╨╡ ╨▓╨╡╨▒-╨║╨░╨╜╨░╨╗╤Л:
             https://api.nuget.org/v3/index.json
         ╨Т╤Б╨╡ ╨┐╤А╨╛╨╡╨║╤В╤Л ╨╛╨▒╨╜╨╛╨▓╨╗╨╡╨╜╤Л ╨┤╨╗╤П ╨▓╨╛╤Б╤Б╤В╨░╨╜╨╛╨▓╨╗╨╡╨╜╨╕╤П.
     1>╨б╨▒╨╛╤А╨║╨░ ╨┐╤А╨╛╨╡╨║╤В╨░ "D:\Git\NoviVovi\tests\NoviVovi.Api.Tests\NoviVovi.Api.Tests.csproj" ╨╖╨░╨▓╨╡╤А╤И╨╡╨╜╨░ (╤Ж╨╡╨╗╨╡╨▓╤Л╨╡ ╨╛╨▒╤К╨╡╨║╤В╤Л Restore).
   1:7>╨Я╤А╨╛╨╡╨║╤В "D:\Git\NoviVovi\tests\NoviVovi.Api.Tests\NoviVovi.Api.Tests.csproj" ╨▓ ╤Г╨╖╨╗╨╡ 3 (╤Ж╨╡╨╗╨╡╨▓╤Л╨╡ ╨╛╨▒╤К╨╡╨║╤В╤Л VSTest).
     1>BuildProject:
         ╨б╨▒╨╛╤А╨║╨░ ╨╜╨░╤З╨░╤В╨░, ╨┐╨╛╨┤╨╛╨╢╨┤╨╕╤В╨╡...
   1:7>╨Я╤А╨╛╨╡╨║╤В "D:\Git\NoviVovi\tests\NoviVovi.Api.Tests\NoviVovi.Api.Tests.csproj" (1:7) ╨▓╤Л╨┐╨╛╨╗╨╜╤П╨╡╤В ╤Б╨▒╨╛╤А╨║╤Г "D:\Git\NoviVovi\tests\NoviVovi.Api.Tests\NoviVovi.Api.Tests.csproj" (1:8) ╨▓ ╤Г╨╖╨╗╨╡ 3 (╤Ж╨╡╨╗╨╡╨▓╤Л╨╡ ╨╛╨▒╤К╨╡╨║╤В╤Л ╨┐╨╛ ╤Г╨╝╨╛╨╗╤З╨░╨╜╨╕╤О).
     1>D:\Git\NoviVovi\tests\NoviVovi.Api.Tests\NoviVovi.Api.Tests.csproj : warning NU1903: Package 'System.Security.Cryptography.Xml' 8.0.2 has a known high severity vulnerability, https://github.com/advisories/GHSA-37gx-xxp4-5rgx
     1>D:\Git\NoviVovi\tests\NoviVovi.Api.Tests\NoviVovi.Api.Tests.csproj : warning NU1903: Package 'System.Security.Cryptography.Xml' 8.0.2 has a known high severity vulnerability, https://github.com/advisories/GHSA-w3x6-4m5h-cxqf
   1:8>╨Я╤А╨╛╨╡╨║╤В "D:\Git\NoviVovi\tests\NoviVovi.Api.Tests\NoviVovi.Api.Tests.csproj" (1:8) ╨▓╤Л╨┐╨╛╨╗╨╜╤П╨╡╤В ╤Б╨▒╨╛╤А╨║╤Г "D:\Git\NoviVovi\backend\NoviVovi.Infrastructure\NoviVovi.Infrastructure.csproj" (3:7) ╨▓ ╤Г╨╖╨╗╨╡ 1 (╤Ж╨╡╨╗╨╡╨▓╤Л╨╡ ╨╛╨▒╤К╨╡╨║╤В╤Л ╨┐╨╛ ╤Г╨╝╨╛╨╗╤З╨░╨╜╨╕╤О).
     3>D:\Git\NoviVovi\backend\NoviVovi.Infrastructure\NoviVovi.Infrastructure.csproj : warning NU1510: PackageReference System.Security.Claims will not be pruned. Consider removing this package from your dependencies, as it is likely unnecessary.
     3>D:\Git\NoviVovi\backend\NoviVovi.Infrastructure\NoviVovi.Infrastructure.csproj : warning NU1903: Package 'System.Security.Cryptography.Xml' 8.0.2 has a known high severity vulnerability, https://github.com/advisories/GHSA-37gx-xxp4-5rgx
     3>D:\Git\NoviVovi\backend\NoviVovi.Infrastructure\NoviVovi.Infrastructure.csproj : warning NU1903: Package 'System.Security.Cryptography.Xml' 8.0.2 has a known high severity vulnerability, https://github.com/advisories/GHSA-w3x6-4m5h-cxqf
   1:8>╨Я╤А╨╛╨╡╨║╤В "D:\Git\NoviVovi\tests\NoviVovi.Api.Tests\NoviVovi.Api.Tests.csproj" (1:8) ╨▓╤Л╨┐╨╛╨╗╨╜╤П╨╡╤В ╤Б╨▒╨╛╤А╨║╤Г "D:\Git\NoviVovi\backend\NoviVovi.Domain\NoviVovi.Domain.csproj" (5:8) ╨▓ ╤Г╨╖╨╗╨╡ 3 (╤Ж╨╡╨╗╨╡╨▓╤Л╨╡ ╨╛╨▒╤К╨╡╨║╤В╤Л ╨┐╨╛ ╤Г╨╝╨╛╨╗╤З╨░╨╜╨╕╤О).
     5>GenerateTargetFrameworkMonikerAttribute:
       ╨ж╨╡╨╗╨╡╨▓╨╛╨╣ ╨╛╨▒╤К╨╡╨║╤В "GenerateTargetFrameworkMonikerAttribute" ╨┐╤А╨╛╨┐╤Г╤Б╨║╨░╨╡╤В╤Б╤П, ╤В╨░╨║ ╨║╨░╨║ ╨▓╤Б╨╡ ╨▓╤Л╤Е╨╛╨┤╨╜╤Л╨╡ ╤Д╨░╨╣╨╗╤Л ╨░╨║╤В╤Г╨░╨╗╤М╨╜╤Л ╨┐╨╛ ╨╛╤В╨╜╨╛╤И╨╡╨╜╨╕╤О ╨║ ╨▓╤Е╨╛╨┤╨╜╤Л╨╝.
       CoreGenerateAssemblyInfo:
       ╨ж╨╡╨╗╨╡╨▓╨╛╨╣ ╨╛╨▒╤К╨╡╨║╤В "CoreGenerateAssemblyInfo" ╨┐╤А╨╛╨┐╤Г╤Б╨║╨░╨╡╤В╤Б╤П, ╤В╨░╨║ ╨║╨░╨║ ╨▓╤Б╨╡ ╨▓╤Л╤Е╨╛╨┤╨╜╤Л╨╡ ╤Д╨░╨╣╨╗╤Л ╨░╨║╤В╤Г╨░╨╗╤М╨╜╤Л ╨┐╨╛ ╨╛╤В╨╜╨╛╤И╨╡╨╜╨╕╤О ╨║ ╨▓╤Е╨╛╨┤╨╜╤Л╨╝.
       _GenerateSourceLinkFile:
         ╨д╨░╨╣╨╗ Source Link "obj\Debug\net10.0\NoviVovi.Domain.sourcelink.json" ╨╛╨▒╨╜╨╛╨▓╨╗╨╡╨╜.
       CoreCompile:
       ╨ж╨╡╨╗╨╡╨▓╨╛╨╣ ╨╛╨▒╤К╨╡╨║╤В "CoreCompile" ╨┐╤А╨╛╨┐╤Г╤Б╨║╨░╨╡╤В╤Б╤П, ╤В╨░╨║ ╨║╨░╨║ ╨▓╤Б╨╡ ╨▓╤Л╤Е╨╛╨┤╨╜╤Л╨╡ ╤Д╨░╨╣╨╗╤Л ╨░╨║╤В╤Г╨░╨╗╤М╨╜╤Л ╨┐╨╛ ╨╛╤В╨╜╨╛╤И╨╡╨╜╨╕╤О ╨║ ╨▓╤Е╨╛╨┤╨╜╤Л╨╝.
       GenerateBuildDependencyFile:
       ╨ж╨╡╨╗╨╡╨▓╨╛╨╣ ╨╛╨▒╤К╨╡╨║╤В "GenerateBuildDependencyFile" ╨┐╤А╨╛╨┐╤Г╤Б╨║╨░╨╡╤В╤Б╤П, ╤В╨░╨║ ╨║╨░╨║ ╨▓╤Б╨╡ ╨▓╤Л╤Е╨╛╨┤╨╜╤Л╨╡ ╤Д╨░╨╣╨╗╤Л ╨░╨║╤В╤Г╨░╨╗╤М╨╜╤Л ╨┐╨╛ ╨╛╤В╨╜╨╛╤И╨╡╨╜╨╕╤О ╨║ ╨▓╤Е╨╛╨┤╨╜╤Л╨╝.
       CopyFilesToOutputDirectory:
         NoviVovi.Domain -> D:\Git\NoviVovi\backend\NoviVovi.Domain\bin\Debug\net10.0\NoviVovi.Domain.dll
     5>╨б╨▒╨╛╤А╨║╨░ ╨┐╤А╨╛╨╡╨║╤В╨░ "D:\Git\NoviVovi\backend\NoviVovi.Domain\NoviVovi.Domain.csproj" ╨╖╨░╨▓╨╡╤А╤И╨╡╨╜╨░ (╤Ж╨╡╨╗╨╡╨▓╤Л╨╡ ╨╛╨▒╤К╨╡╨║╤В╤Л ╨┐╨╛ ╤Г╨╝╨╛╨╗╤З╨░╨╜╨╕╤О).
   1:8>╨Я╤А╨╛╨╡╨║╤В "D:\Git\NoviVovi\tests\NoviVovi.Api.Tests\NoviVovi.Api.Tests.csproj" (1:8) ╨▓╤Л╨┐╨╛╨╗╨╜╤П╨╡╤В ╤Б╨▒╨╛╤А╨║╤Г "D:\Git\NoviVovi\backend\NoviVovi.Application\NoviVovi.Application.csproj" (4:8) ╨▓ ╤Г╨╖╨╗╨╡ 4 (╤Ж╨╡╨╗╨╡╨▓╤Л╨╡ ╨╛╨▒╤К╨╡╨║╤В╤Л ╨┐╨╛ ╤Г╨╝╨╛╨╗╤З╨░╨╜╨╕╤О).
     4>GenerateTargetFrameworkMonikerAttribute:
       ╨ж╨╡╨╗╨╡╨▓╨╛╨╣ ╨╛╨▒╤К╨╡╨║╤В "GenerateTargetFrameworkMonikerAttribute" ╨┐╤А╨╛╨┐╤Г╤Б╨║╨░╨╡╤В╤Б╤П, ╤В╨░╨║ ╨║╨░╨║ ╨▓╤Б╨╡ ╨▓╤Л╤Е╨╛╨┤╨╜╤Л╨╡ ╤Д╨░╨╣╨╗╤Л ╨░╨║╤В╤Г╨░╨╗╤М╨╜╤Л ╨┐╨╛ ╨╛╤В╨╜╨╛╤И╨╡╨╜╨╕╤О ╨║ ╨▓╤Е╨╛╨┤╨╜╤Л╨╝.
       CoreGenerateAssemblyInfo:
       ╨ж╨╡╨╗╨╡╨▓╨╛╨╣ ╨╛╨▒╤К╨╡╨║╤В "CoreGenerateAssemblyInfo" ╨┐╤А╨╛╨┐╤Г╤Б╨║╨░╨╡╤В╤Б╤П, ╤В╨░╨║ ╨║╨░╨║ ╨▓╤Б╨╡ ╨▓╤Л╤Е╨╛╨┤╨╜╤Л╨╡ ╤Д╨░╨╣╨╗╤Л ╨░╨║╤В╤Г╨░╨╗╤М╨╜╤Л ╨┐╨╛ ╨╛╤В╨╜╨╛╤И╨╡╨╜╨╕╤О ╨║ ╨▓╤Е╨╛╨┤╨╜╤Л╨╝.
       _GenerateSourceLinkFile:
         ╨д╨░╨╣╨╗ Source Link "obj\Debug\net10.0\NoviVovi.Application.sourcelink.json" ╨╛╨▒╨╜╨╛╨▓╨╗╨╡╨╜.
       CoreCompile:
       ╨ж╨╡╨╗╨╡╨▓╨╛╨╣ ╨╛╨▒╤К╨╡╨║╤В "CoreCompile" ╨┐╤А╨╛╨┐╤Г╤Б╨║╨░╨╡╤В╤Б╤П, ╤В╨░╨║ ╨║╨░╨║ ╨▓╤Б╨╡ ╨▓╤Л╤Е╨╛╨┤╨╜╤Л╨╡ ╤Д╨░╨╣╨╗╤Л ╨░╨║╤В╤Г╨░╨╗╤М╨╜╤Л ╨┐╨╛ ╨╛╤В╨╜╨╛╤И╨╡╨╜╨╕╤О ╨║ ╨▓╤Е╨╛╨┤╨╜╤Л╨╝.
       GenerateBuildDependencyFile:
       ╨ж╨╡╨╗╨╡╨▓╨╛╨╣ ╨╛╨▒╤К╨╡╨║╤В "GenerateBuildDependencyFile" ╨┐╤А╨╛╨┐╤Г╤Б╨║╨░╨╡╤В╤Б╤П, ╤В╨░╨║ ╨║╨░╨║ ╨▓╤Б╨╡ ╨▓╤Л╤Е╨╛╨┤╨╜╤Л╨╡ ╤Д╨░╨╣╨╗╤Л ╨░╨║╤В╤Г╨░╨╗╤М╨╜╤Л ╨┐╨╛ ╨╛╤В╨╜╨╛╤И╨╡╨╜╨╕╤О ╨║ ╨▓╤Е╨╛╨┤╨╜╤Л╨╝.
       CopyFilesToOutputDirectory:
         NoviVovi.Application -> D:\Git\NoviVovi\backend\NoviVovi.Application\bin\Debug\net10.0\NoviVovi.Application.dll
     4>╨б╨▒╨╛╤А╨║╨░ ╨┐╤А╨╛╨╡╨║╤В╨░ "D:\Git\NoviVovi\backend\NoviVovi.Application\NoviVovi.Application.csproj" ╨╖╨░╨▓╨╡╤А╤И╨╡╨╜╨░ (╤Ж╨╡╨╗╨╡╨▓╤Л╨╡ ╨╛╨▒╤К╨╡╨║╤В╤Л ╨┐╨╛ ╤Г╨╝╨╛╨╗╤З╨░╨╜╨╕╤О).
     3>GenerateTargetFrameworkMonikerAttribute:
       ╨ж╨╡╨╗╨╡╨▓╨╛╨╣ ╨╛╨▒╤К╨╡╨║╤В "GenerateTargetFrameworkMonikerAttribute" ╨┐╤А╨╛╨┐╤Г╤Б╨║╨░╨╡╤В╤Б╤П, ╤В╨░╨║ ╨║╨░╨║ ╨▓╤Б╨╡ ╨▓╤Л╤Е╨╛╨┤╨╜╤Л╨╡ ╤Д╨░╨╣╨╗╤Л ╨░╨║╤В╤Г╨░╨╗╤М╨╜╤Л ╨┐╨╛ ╨╛╤В╨╜╨╛╤И╨╡╨╜╨╕╤О ╨║ ╨▓╤Е╨╛╨┤╨╜╤Л╨╝.
       CoreGenerateAssemblyInfo:
       ╨ж╨╡╨╗╨╡╨▓╨╛╨╣ ╨╛╨▒╤К╨╡╨║╤В "CoreGenerateAssemblyInfo" ╨┐╤А╨╛╨┐╤Г╤Б╨║╨░╨╡╤В╤Б╤П, ╤В╨░╨║ ╨║╨░╨║ ╨▓╤Б╨╡ ╨▓╤Л╤Е╨╛╨┤╨╜╤Л╨╡ ╤Д╨░╨╣╨╗╤Л ╨░╨║╤В╤Г╨░╨╗╤М╨╜╤Л ╨┐╨╛ ╨╛╤В╨╜╨╛╤И╨╡╨╜╨╕╤О ╨║ ╨▓╤Е╨╛╨┤╨╜╤Л╨╝.
       _GenerateSourceLinkFile:
         ╨д╨░╨╣╨╗ Source Link "obj\Debug\net10.0\NoviVovi.Infrastructure.sourcelink.json" ╨╛╨▒╨╜╨╛╨▓╨╗╨╡╨╜.
       CoreCompile:
       ╨ж╨╡╨╗╨╡╨▓╨╛╨╣ ╨╛╨▒╤К╨╡╨║╤В "CoreCompile" ╨┐╤А╨╛╨┐╤Г╤Б╨║╨░╨╡╤В╤Б╤П, ╤В╨░╨║ ╨║╨░╨║ ╨▓╤Б╨╡ ╨▓╤Л╤Е╨╛╨┤╨╜╤Л╨╡ ╤Д╨░╨╣╨╗╤Л ╨░╨║╤В╤Г╨░╨╗╤М╨╜╤Л ╨┐╨╛ ╨╛╤В╨╜╨╛╤И╨╡╨╜╨╕╤О ╨║ ╨▓╤Е╨╛╨┤╨╜╤Л╨╝.
       GenerateBuildDependencyFile:
       ╨ж╨╡╨╗╨╡╨▓╨╛╨╣ ╨╛╨▒╤К╨╡╨║╤В "GenerateBuildDependencyFile" ╨┐╤А╨╛╨┐╤Г╤Б╨║╨░╨╡╤В╤Б╤П, ╤В╨░╨║ ╨║╨░╨║ ╨▓╤Б╨╡ ╨▓╤Л╤Е╨╛╨┤╨╜╤Л╨╡ ╤Д╨░╨╣╨╗╤Л ╨░╨║╤В╤Г╨░╨╗╤М╨╜╤Л ╨┐╨╛ ╨╛╤В╨╜╨╛╤И╨╡╨╜╨╕╤О ╨║ ╨▓╤Е╨╛╨┤╨╜╤Л╨╝.
       CopyFilesToOutputDirectory:
         NoviVovi.Infrastructure -> D:\Git\NoviVovi\backend\NoviVovi.Infrastructure\bin\Debug\net10.0\NoviVovi.Infrastructure.dll
     3>╨б╨▒╨╛╤А╨║╨░ ╨┐╤А╨╛╨╡╨║╤В╨░ "D:\Git\NoviVovi\backend\NoviVovi.Infrastructure\NoviVovi.Infrastructure.csproj" ╨╖╨░╨▓╨╡╤А╤И╨╡╨╜╨░ (╤Ж╨╡╨╗╨╡╨▓╤Л╨╡ ╨╛╨▒╤К╨╡╨║╤В╤Л ╨┐╨╛ ╤Г╨╝╨╛╨╗╤З╨░╨╜╨╕╤О).
   1:8>╨Я╤А╨╛╨╡╨║╤В "D:\Git\NoviVovi\tests\NoviVovi.Api.Tests\NoviVovi.Api.Tests.csproj" (1:8) ╨▓╤Л╨┐╨╛╨╗╨╜╤П╨╡╤В ╤Б╨▒╨╛╤А╨║╤Г "D:\Git\NoviVovi\backend\NoviVovi.Api\NoviVovi.Api.csproj" (2:6) ╨▓ ╤Г╨╖╨╗╨╡ 2 (╤Ж╨╡╨╗╨╡╨▓╤Л╨╡ ╨╛╨▒╤К╨╡╨║╤В╤Л ╨┐╨╛ ╤Г╨╝╨╛╨╗╤З╨░╨╜╨╕╤О).
     2>GenerateTargetFrameworkMonikerAttribute:
       ╨ж╨╡╨╗╨╡╨▓╨╛╨╣ ╨╛╨▒╤К╨╡╨║╤В "GenerateTargetFrameworkMonikerAttribute" ╨┐╤А╨╛╨┐╤Г╤Б╨║╨░╨╡╤В╤Б╤П, ╤В╨░╨║ ╨║╨░╨║ ╨▓╤Б╨╡ ╨▓╤Л╤Е╨╛╨┤╨╜╤Л╨╡ ╤Д╨░╨╣╨╗╤Л ╨░╨║╤В╤Г╨░╨╗╤М╨╜╤Л ╨┐╨╛ ╨╛╤В╨╜╨╛╤И╨╡╨╜╨╕╤О ╨║ ╨▓╤Е╨╛╨┤╨╜╤Л╨╝.
       CoreGenerateAssemblyInfo:
       ╨ж╨╡╨╗╨╡╨▓╨╛╨╣ ╨╛╨▒╤К╨╡╨║╤В "CoreGenerateAssemblyInfo" ╨┐╤А╨╛╨┐╤Г╤Б╨║╨░╨╡╤В╤Б╤П, ╤В╨░╨║ ╨║╨░╨║ ╨▓╤Б╨╡ ╨▓╤Л╤Е╨╛╨┤╨╜╤Л╨╡ ╤Д╨░╨╣╨╗╤Л ╨░╨║╤В╤Г╨░╨╗╤М╨╜╤Л ╨┐╨╛ ╨╛╤В╨╜╨╛╤И╨╡╨╜╨╕╤О ╨║ ╨▓╤Е╨╛╨┤╨╜╤Л╨╝.
       _DiscoverMvcApplicationParts:
       ╨ж╨╡╨╗╨╡╨▓╨╛╨╣ ╨╛╨▒╤К╨╡╨║╤В "_DiscoverMvcApplicationParts" ╨┐╤А╨╛╨┐╤Г╤Б╨║╨░╨╡╤В╤Б╤П, ╤В╨░╨║ ╨║╨░╨║ ╨▓╤Б╨╡ ╨▓╤Л╤Е╨╛╨┤╨╜╤Л╨╡ ╤Д╨░╨╣╨╗╤Л ╨░╨║╤В╤Г╨░╨╗╤М╨╜╤Л ╨┐╨╛ ╨╛╤В╨╜╨╛╤И╨╡╨╜╨╕╤О ╨║ ╨▓╤Е╨╛╨┤╨╜╤Л╨╝.
       _GenerateSourceLinkFile:
         ╨д╨░╨╣╨╗ Source Link "obj\Debug\net10.0\NoviVovi.Api.sourcelink.json" ╨╛╨▒╨╜╨╛╨▓╨╗╨╡╨╜.
       CoreCompile:
       ╨ж╨╡╨╗╨╡╨▓╨╛╨╣ ╨╛╨▒╤К╨╡╨║╤В "CoreCompile" ╨┐╤А╨╛╨┐╤Г╤Б╨║╨░╨╡╤В╤Б╤П, ╤В╨░╨║ ╨║╨░╨║ ╨▓╤Б╨╡ ╨▓╤Л╤Е╨╛╨┤╨╜╤Л╨╡ ╤Д╨░╨╣╨╗╤Л ╨░╨║╤В╤Г╨░╨╗╤М╨╜╤Л ╨┐╨╛ ╨╛╤В╨╜╨╛╤И╨╡╨╜╨╕╤О ╨║ ╨▓╤Е╨╛╨┤╨╜╤Л╨╝.
       _CreateAppHost:
       ╨ж╨╡╨╗╨╡╨▓╨╛╨╣ ╨╛╨▒╤К╨╡╨║╤В "_CreateAppHost" ╨┐╤А╨╛╨┐╤Г╤Б╨║╨░╨╡╤В╤Б╤П, ╤В╨░╨║ ╨║╨░╨║ ╨▓╤Б╨╡ ╨▓╤Л╤Е╨╛╨┤╨╜╤Л╨╡ ╤Д╨░╨╣╨╗╤Л ╨░╨║╤В╤Г╨░╨╗╤М╨╜╤Л ╨┐╨╛ ╨╛╤В╨╜╨╛╤И╨╡╨╜╨╕╤О ╨║ ╨▓╤Е╨╛╨┤╨╜╤Л╨╝.
       _ProcessScopedCssFiles:
       ╨ж╨╡╨╗╨╡╨▓╨╛╨╣ ╨╛╨▒╤К╨╡╨║╤В "_ProcessScopedCssFiles" ╨┐╤А╨╛╨┐╤Г╤Б╨║╨░╨╡╤В╤Б╤П ╨╕╨╖-╨╖╨░ ╨╛╤В╤Б╤Г╤В╤Б╤В╨▓╨╕╤П ╨▓╤Л╤Е╨╛╨┤╨╜╤Л╤Е ╤Д╨░╨╣╨╗╨╛╨▓.
       _ProcessScopedCssFiles:
       ╨ж╨╡╨╗╨╡╨▓╨╛╨╣ ╨╛╨▒╤К╨╡╨║╤В "_ProcessScopedCssFiles" ╨┐╤А╨╛╨┐╤Г╤Б╨║╨░╨╡╤В╤Б╤П ╨╕╨╖-╨╖╨░ ╨╛╤В╤Б╤Г╤В╤Б╤В╨▓╨╕╤П ╨▓╤Л╤Е╨╛╨┤╨╜╤Л╤Е ╤Д╨░╨╣╨╗╨╛╨▓.
       _BuildCopyStaticWebAssetsPreserveNewest:
       ╨ж╨╡╨╗╨╡╨▓╨╛╨╣ ╨╛╨▒╤К╨╡╨║╤В "_BuildCopyStaticWebAssetsPreserveNewest" ╨┐╤А╨╛╨┐╤Г╤Б╨║╨░╨╡╤В╤Б╤П ╨╕╨╖-╨╖╨░ ╨╛╤В╤Б╤Г╤В╤Б╤В╨▓╨╕╤П ╨▓╤Л╤Е╨╛╨┤╨╜╤Л╤Е ╤Д╨░╨╣╨╗╨╛╨▓.
       _CopyOutOfDateSourceItemsToOutputDirectory:
       ╨ж╨╡╨╗╨╡╨▓╨╛╨╣ ╨╛╨▒╤К╨╡╨║╤В "_CopyOutOfDateSourceItemsToOutputDirectory" ╨┐╤А╨╛╨┐╤Г╤Б╨║╨░╨╡╤В╤Б╤П, ╤В╨░╨║ ╨║╨░╨║ ╨▓╤Б╨╡ ╨▓╤Л╤Е╨╛╨┤╨╜╤Л╨╡ ╤Д╨░╨╣╨╗╤Л ╨░╨║╤В╤Г╨░╨╗╤М╨╜╤Л ╨┐╨╛ ╨╛╤В╨╜╨╛╤И╨╡╨╜╨╕╤О ╨║ ╨▓╤Е╨╛╨┤╨╜╤Л╨╝.
       GenerateBuildDependencyFile:
       ╨ж╨╡╨╗╨╡╨▓╨╛╨╣ ╨╛╨▒╤К╨╡╨║╤В "GenerateBuildDependencyFile" ╨┐╤А╨╛╨┐╤Г╤Б╨║╨░╨╡╤В╤Б╤П, ╤В╨░╨║ ╨║╨░╨║ ╨▓╤Б╨╡ ╨▓╤Л╤Е╨╛╨┤╨╜╤Л╨╡ ╤Д╨░╨╣╨╗╤Л ╨░╨║╤В╤Г╨░╨╗╤М╨╜╤Л ╨┐╨╛ ╨╛╤В╨╜╨╛╤И╨╡╨╜╨╕╤О ╨║ ╨▓╤Е╨╛╨┤╨╜╤Л╨╝.
       GenerateBuildRuntimeConfigurationFiles:
       ╨ж╨╡╨╗╨╡╨▓╨╛╨╣ ╨╛╨▒╤К╨╡╨║╤В "GenerateBuildRuntimeConfigurationFiles" ╨┐╤А╨╛╨┐╤Г╤Б╨║╨░╨╡╤В╤Б╤П, ╤В╨░╨║ ╨║╨░╨║ ╨▓╤Б╨╡ ╨▓╤Л╤Е╨╛╨┤╨╜╤Л╨╡ ╤Д╨░╨╣╨╗╤Л ╨░╨║╤В╤Г╨░╨╗╤М╨╜╤Л ╨┐╨╛ ╨╛╤В╨╜╨╛╤И╨╡╨╜╨╕╤О ╨║ ╨▓╤Е╨╛╨┤╨╜╤Л╨╝.
       CopyFilesToOutputDirectory:
         NoviVovi.Api -> D:\Git\NoviVovi\backend\NoviVovi.Api\bin\Debug\net10.0\NoviVovi.Api.dll
     2>╨б╨▒╨╛╤А╨║╨░ ╨┐╤А╨╛╨╡╨║╤В╨░ "D:\Git\NoviVovi\backend\NoviVovi.Api\NoviVovi.Api.csproj" ╨╖╨░╨▓╨╡╤А╤И╨╡╨╜╨░ (╤Ж╨╡╨╗╨╡╨▓╤Л╨╡ ╨╛╨▒╤К╨╡╨║╤В╤Л ╨┐╨╛ ╤Г╨╝╨╛╨╗╤З╨░╨╜╨╕╤О).
     1>GenerateTargetFrameworkMonikerAttribute:
       ╨ж╨╡╨╗╨╡╨▓╨╛╨╣ ╨╛╨▒╤К╨╡╨║╤В "GenerateTargetFrameworkMonikerAttribute" ╨┐╤А╨╛╨┐╤Г╤Б╨║╨░╨╡╤В╤Б╤П, ╤В╨░╨║ ╨║╨░╨║ ╨▓╤Б╨╡ ╨▓╤Л╤Е╨╛╨┤╨╜╤Л╨╡ ╤Д╨░╨╣╨╗╤Л ╨░╨║╤В╤Г╨░╨╗╤М╨╜╤Л ╨┐╨╛ ╨╛╤В╨╜╨╛╤И╨╡╨╜╨╕╤О ╨║ ╨▓╤Е╨╛╨┤╨╜╤Л╨╝.
       CoreGenerateAssemblyInfo:
       ╨ж╨╡╨╗╨╡╨▓╨╛╨╣ ╨╛╨▒╤К╨╡╨║╤В "CoreGenerateAssemblyInfo" ╨┐╤А╨╛╨┐╤Г╤Б╨║╨░╨╡╤В╤Б╤П, ╤В╨░╨║ ╨║╨░╨║ ╨▓╤Б╨╡ ╨▓╤Л╤Е╨╛╨┤╨╜╤Л╨╡ ╤Д╨░╨╣╨╗╤Л ╨░╨║╤В╤Г╨░╨╗╤М╨╜╤Л ╨┐╨╛ ╨╛╤В╨╜╨╛╤И╨╡╨╜╨╕╤О ╨║ ╨▓╤Е╨╛╨┤╨╜╤Л╨╝.
       _GenerateSourceLinkFile:
         ╨д╨░╨╣╨╗ Source Link "obj\Debug\net10.0\NoviVovi.Api.Tests.sourcelink.json" ╨╛╨▒╨╜╨╛╨▓╨╗╨╡╨╜.
       CoreCompile:
       ╨ж╨╡╨╗╨╡╨▓╨╛╨╣ ╨╛╨▒╤К╨╡╨║╤В "CoreCompile" ╨┐╤А╨╛╨┐╤Г╤Б╨║╨░╨╡╤В╤Б╤П, ╤В╨░╨║ ╨║╨░╨║ ╨▓╤Б╨╡ ╨▓╤Л╤Е╨╛╨┤╨╜╤Л╨╡ ╤Д╨░╨╣╨╗╤Л ╨░╨║╤В╤Г╨░╨╗╤М╨╜╤Л ╨┐╨╛ ╨╛╤В╨╜╨╛╤И╨╡╨╜╨╕╤О ╨║ ╨▓╤Е╨╛╨┤╨╜╤Л╨╝.
       _CopyOutOfDateSourceItemsToOutputDirectory:
       ╨з╨░╤Б╤В╨╕╤З╨╜╨╛╨╡ ╤Б╨╛╨╖╨┤╨░╨╜╨╕╨╡ ╤Ж╨╡╨╗╨╡╨▓╨╛╨│╨╛ ╨╛╨▒╤К╨╡╨║╤В╨░ "_CopyOutOfDateSourceItemsToOutputDirectory", ╤В╨░╨║ ╨║╨░╨║ ╨╜╨╡╨║╨╛╤В╨╛╤А╤Л╨╡ ╨▓╤Л╤Е╨╛╨┤╨╜╤Л╨╡ ╤Д╨░╨╣╨╗╤Л ╤Г╤Б╤В╨░╤А╨╡╨╗╨╕ ╨┐╨╛ ╨╛╤В╨╜╨╛╤И╨╡╨╜╨╕╤О ╨║ ╨▓╤Е╨╛╨┤╨╜╤Л╨╝.
         ╨Ъ╨╛╨┐╨╕╤А╨╛╨▓╨░╨╜╨╕╨╡ ╤Д╨░╨╣╨╗╨░ ╨╕╨╖ "D:\Git\NoviVovi\tests\NoviVovi.Api.Tests\obj\Debug\net10.0\MvcTestingAppManifest.json" ╨▓ "D:\Git\NoviVovi\tests\NoviVovi.Api.Tests\bin\Debug\net10.0\MvcTestingAppManifest.json".
       GenerateBuildDependencyFile:
       ╨ж╨╡╨╗╨╡╨▓╨╛╨╣ ╨╛╨▒╤К╨╡╨║╤В "GenerateBuildDependencyFile" ╨┐╤А╨╛╨┐╤Г╤Б╨║╨░╨╡╤В╤Б╤П, ╤В╨░╨║ ╨║╨░╨║ ╨▓╤Б╨╡ ╨▓╤Л╤Е╨╛╨┤╨╜╤Л╨╡ ╤Д╨░╨╣╨╗╤Л ╨░╨║╤В╤Г╨░╨╗╤М╨╜╤Л ╨┐╨╛ ╨╛╤В╨╜╨╛╤И╨╡╨╜╨╕╤О ╨║ ╨▓╤Е╨╛╨┤╨╜╤Л╨╝.
       GenerateBuildRuntimeConfigurationFiles:
       ╨ж╨╡╨╗╨╡╨▓╨╛╨╣ ╨╛╨▒╤К╨╡╨║╤В "GenerateBuildRuntimeConfigurationFiles" ╨┐╤А╨╛╨┐╤Г╤Б╨║╨░╨╡╤В╤Б╤П, ╤В╨░╨║ ╨║╨░╨║ ╨▓╤Б╨╡ ╨▓╤Л╤Е╨╛╨┤╨╜╤Л╨╡ ╤Д╨░╨╣╨╗╤Л ╨░╨║╤В╤Г╨░╨╗╤М╨╜╤Л ╨┐╨╛ ╨╛╤В╨╜╨╛╤И╨╡╨╜╨╕╤О ╨║ ╨▓╤Е╨╛╨┤╨╜╤Л╨╝.
       CopyFilesToOutputDirectory:
         NoviVovi.Api.Tests -> D:\Git\NoviVovi\tests\NoviVovi.Api.Tests\bin\Debug\net10.0\NoviVovi.Api.Tests.dll
       _MvcCopyDependencyFiles:
         ╨Ъ╨╛╨┐╨╕╤А╨╛╨▓╨░╨╜╨╕╨╡ ╤Д╨░╨╣╨╗╨░ ╨╕╨╖ "D:\Git\NoviVovi\backend\NoviVovi.Api\bin\Debug\net10.0\NoviVovi.Api.deps.json" ╨▓ "D:\Git\NoviVovi\tests\NoviVovi.Api.Tests\bin\Debug\net10.0\NoviVovi.Api.deps.json".
         ╨Ъ╨╛╨┐╨╕╤А╨╛╨▓╨░╨╜╨╕╨╡ ╤Д╨░╨╣╨╗╨░ ╨╕╨╖ "D:\Git\NoviVovi\backend\NoviVovi.Application\bin\Debug\net10.0\NoviVovi.Application.deps.json" ╨▓ "D:\Git\NoviVovi\tests\NoviVovi.Api.Tests\bin\Debug\net10.0\NoviVovi.Application.deps.json".
         ╨Ъ╨╛╨┐╨╕╤А╨╛╨▓╨░╨╜╨╕╨╡ ╤Д╨░╨╣╨╗╨░ ╨╕╨╖ "D:\Git\NoviVovi\backend\NoviVovi.Domain\bin\Debug\net10.0\NoviVovi.Domain.deps.json" ╨▓ "D:\Git\NoviVovi\tests\NoviVovi.Api.Tests\bin\Debug\net10.0\NoviVovi.Domain.deps.json".
         ╨Ъ╨╛╨┐╨╕╤А╨╛╨▓╨░╨╜╨╕╨╡ ╤Д╨░╨╣╨╗╨░ ╨╕╨╖ "D:\Git\NoviVovi\backend\NoviVovi.Infrastructure\bin\Debug\net10.0\NoviVovi.Infrastructure.deps.json" ╨▓ "D:\Git\NoviVovi\tests\NoviVovi.Api.Tests\bin\Debug\net10.0\NoviVovi.Infrastructure.deps.json".
     1>╨б╨▒╨╛╤А╨║╨░ ╨┐╤А╨╛╨╡╨║╤В╨░ "D:\Git\NoviVovi\tests\NoviVovi.Api.Tests\NoviVovi.Api.Tests.csproj" ╨╖╨░╨▓╨╡╤А╤И╨╡╨╜╨░ (╤Ж╨╡╨╗╨╡╨▓╤Л╨╡ ╨╛╨▒╤К╨╡╨║╤В╤Л ╨┐╨╛ ╤Г╨╝╨╛╨╗╤З╨░╨╜╨╕╤О).
     1>BuildProject:
         ╨б╨▒╨╛╤А╨║╨░ ╨▓╤Л╨┐╨╛╨╗╨╜╨╡╨╜╨░.
         
╨в╨╡╤Б╤В╨╛╨▓╤Л╨╣ ╨╖╨░╨┐╤Г╤Б╨║ ╨┤╨╗╤П D:\Git\NoviVovi\tests\NoviVovi.Api.Tests\bin\Debug\net10.0\NoviVovi.Api.Tests.dll (.NETCoreApp,Version=v10.0)
╨Т╨╡╤А╤Б╨╕╤П VSTest 18.0.1 (x64)

╨Ч╨░╨┐╤Г╤Б╨║ ╨▓╤Л╨┐╨╛╨╗╨╜╨╡╨╜╨╕╤П ╤В╨╡╤Б╤В╨╛╨▓; ╨┐╨╛╨┤╨╛╨╢╨┤╨╕╤В╨╡...
╨Ю╨▒╤Й╨╡╨╡ ╨║╨╛╨╗╨╕╤З╨╡╤Б╤В╨▓╨╛ ╤В╨╡╤Б╤В╨╛╨▓╤Л╤Е ╤Д╨░╨╣╨╗╨╛╨▓ (1), ╤Б╨╛╨╛╤В╨▓╨╡╤В╤Б╤В╨▓╤Г╤О╤Й╨╕╤Е ╤Г╨║╨░╨╖╨░╨╜╨╜╨╛╨╝╤Г ╤И╨░╨▒╨╗╨╛╨╜╤Г.
[xUnit.net 00:00:00.00] xUnit.net VSTest Adapter v3.1.4+50e68bbb8b (64-bit .NET 10.0.3)
[xUnit.net 00:00:00.09]   Discovering: NoviVovi.Api.Tests
[xUnit.net 00:00:00.13]   Discovered:  NoviVovi.Api.Tests
[xUnit.net 00:00:00.15]   Starting:    NoviVovi.Api.Tests
info: Microsoft.Hosting.Lifetime[0]
      Application started. Press Ctrl+C to shut down.
info: Microsoft.Hosting.Lifetime[0]
      Hosting environment: Testing
info: Microsoft.Hosting.Lifetime[0]
      Content root path: D:\Git\NoviVovi\backend\NoviVovi.Api
warn: Microsoft.AspNetCore.HttpsPolicy.HttpsRedirectionMiddleware[3]
      Failed to determine the https port for redirect.
warn: LuckyPennySoftware.MediatR.License[0]
      You do not have a valid license key for the Lucky Penny software MediatR. This is allowed for development and testing scenarios. If you are running in production you are required to have a licensed version. Please visit https://luckypennysoftware.com to obtain a valid license.
dotnet : [xUnit.net 00:00:02.90]     NoviVovi.Api.Tests.Characters.CharacterStatesControllerTests.GetCharacterState_Exi
stingId_ReturnsState [FAIL]
строка:1 знак:1
+ dotnet test tests/NoviVovi.Api.Tests/ --verbosity normal > test-resul ...
+ ~~~~~~~~~~~~~~~~~~~~~~~~~~~~~~~~~~~~~~~~~~~~~~~~~~~~~~~~~~~~~~~~~~~~~
    + CategoryInfo          : NotSpecified: ([xUnit.net 00:0...rnsState [FAIL]:String) [], RemoteException
    + FullyQualifiedErrorId : NativeCommandError
 
[xUnit.net 00:00:02.90]       System.Net.Http.HttpRequestException : Response status code does not indicate success: 404 (Not Found).
[xUnit.net 00:00:02.90]       Stack Trace:
[xUnit.net 00:00:02.91]            at System.Net.Http.HttpResponseMessage.EnsureSuccessStatusCode()
[xUnit.net 00:00:02.91]         D:\Git\NoviVovi\tests\NoviVovi.Api.Tests\Infrastructure\IntegrationTestBase.cs(46,0): at NoviVovi.Api.Tests.Infrastructure.IntegrationTestBase.PostAsync[TResponse](String url, Object request)
[xUnit.net 00:00:02.91]         D:\Git\NoviVovi\tests\NoviVovi.Api.Tests\Characters\CharacterStatesControllerTests.cs(42,0): at NoviVovi.Api.Tests.Characters.CharacterStatesControllerTests.CreateTestImageAsync(Guid novelId)
[xUnit.net 00:00:02.91]         D:\Git\NoviVovi\tests\NoviVovi.Api.Tests\Characters\CharacterStatesControllerTests.cs(164,0): at NoviVovi.Api.Tests.Characters.CharacterStatesControllerTests.GetCharacterState_ExistingId_ReturnsState()
[xUnit.net 00:00:02.91]         --- End of stack trace from previous location ---
  ╨Э╨╡ ╨┐╤А╨╛╨╣╨┤╨╡╨╜ NoviVovi.Api.Tests.Characters.CharacterStatesControllerTests.GetCharacterState_ExistingId_ReturnsState [736 ms]
  ╨б╨╛╨╛╨▒╤Й╨╡╨╜╨╕╨╡ ╨╛╨▒ ╨╛╤И╨╕╨▒╨║╨╡:
   System.Net.Http.HttpRequestException : Response status code does not indicate success: 404 (Not Found).
  ╨в╤А╨░╤Б╤Б╨╕╤А╨╛╨▓╨║╨░ ╤Б╤В╨╡╨║╨░:
     at System.Net.Http.HttpResponseMessage.EnsureSuccessStatusCode()
   at NoviVovi.Api.Tests.Infrastructure.IntegrationTestBase.PostAsync[TResponse](String url, Object request) in D:\Git\NoviVovi\tests\NoviVovi.Api.Tests\Infrastructure\IntegrationTestBase.cs:line 46
   at NoviVovi.Api.Tests.Characters.CharacterStatesControllerTests.CreateTestImageAsync(Guid novelId) in D:\Git\NoviVovi\tests\NoviVovi.Api.Tests\Characters\CharacterStatesControllerTests.cs:line 42
   at NoviVovi.Api.Tests.Characters.CharacterStatesControllerTests.GetCharacterState_ExistingId_ReturnsState() in D:\Git\NoviVovi\tests\NoviVovi.Api.Tests\Characters\CharacterStatesControllerTests.cs:line 164
--- End of stack trace from previous location ---
fail: NoviVovi.Api.Infrastructure.GlobalExceptionHandler[0]
      я┐╜роия┐╜я┐╜шла я┐╜я┐╜я┐╜я┐╜рабя┐╜таня┐╜я┐╜я┐╜ я┐╜шибя┐╜я┐╜: StateId 9e47dd71-ad04-451d-aa5d-58e6f5cd3fbf doesn't exists
      NoviVovi.Domain.Common.DomainException: StateId 9e47dd71-ad04-451d-aa5d-58e6f5cd3fbf doesn't exists
         at NoviVovi.Domain.Characters.Character.RemoveCharacterStateById(Guid stateId) in D:\Git\NoviVovi\backend\NoviVovi.Domain\Characters\Character.cs:line 77
         at NoviVovi.Application.Characters.Features.Delete.DeleteCharacterStateHandler.Handle(DeleteCharacterStateCommand request, CancellationToken ct) in D:\Git\NoviVovi\backend\NoviVovi.Application\Characters\Features\Delete\DeleteCharacterState.cs:line 32
         at NoviVovi.Application.Characters.Features.Delete.DeleteCharacterStateHandler.Handle(DeleteCharacterStateCommand request, CancellationToken ct) in D:\Git\NoviVovi\backend\NoviVovi.Application\Characters\Features\Delete\DeleteCharacterState.cs:line 41
         at MediatR.Wrappers.RequestHandlerWrapperImpl`1.<>c__DisplayClass1_0.<<Handle>g__Handler|0>d.MoveNext()
      --- End of stack trace from previous location ---
         at NoviVovi.Api.Characters.Controllers.CharacterStatesController.Delete(Guid novelId, Guid characterId, Guid stateId) in D:\Git\NoviVovi\backend\NoviVovi.Api\Characters\Controllers\CharacterStatesController.cs:line 80
         at Microsoft.AspNetCore.Mvc.Infrastructure.ActionMethodExecutor.TaskOfIActionResultExecutor.Execute(ActionContext actionContext, IActionResultTypeMapper mapper, ObjectMethodExecutor executor, Object controller, Object[] arguments)
         at Microsoft.AspNetCore.Mvc.Infrastructure.ControllerActionInvoker.<InvokeActionMethodAsync>g__Awaited|12_0(ControllerActionInvoker invoker, ValueTask`1 actionResultValueTask)
         at Microsoft.AspNetCore.Mvc.Infrastructure.ControllerActionInvoker.<InvokeNextActionFilterAsync>g__Awaited|10_0(ControllerActionInvoker invoker, Task lastTask, State next, Scope scope, Object state, Boolean isCompleted)
         at Microsoft.AspNetCore.Mvc.Infrastructure.ControllerActionInvoker.Rethrow(ActionExecutedContextSealed context)
         at Microsoft.AspNetCore.Mvc.Infrastructure.ControllerActionInvoker.Next(State& next, Scope& scope, Object& state, Boolean& isCompleted)
         at Microsoft.AspNetCore.Mvc.Infrastructure.ControllerActionInvoker.<InvokeInnerFilterAsync>g__Awaited|13_0(ControllerActionInvoker invoker, Task lastTask, State next, Scope scope, Object state, Boolean isCompleted)
         at Microsoft.AspNetCore.Mvc.Infrastructure.ResourceInvoker.<InvokeFilterPipelineAsync>g__Awaited|20_0(ResourceInvoker invoker, Task lastTask, State next, Scope scope, Object state, Boolean isCompleted)
         at Microsoft.AspNetCore.Mvc.Infrastructure.ResourceInvoker.<InvokeAsync>g__Awaited|17_0(ResourceInvoker invoker, Task task, IDisposable scope)
         at Microsoft.AspNetCore.Mvc.Infrastructure.ResourceInvoker.<InvokeAsync>g__Awaited|17_0(ResourceInvoker invoker, Task task, IDisposable scope)
         at Microsoft.AspNetCore.Authorization.AuthorizationMiddleware.Invoke(HttpContext context)
         at Microsoft.AspNetCore.Authentication.AuthenticationMiddleware.Invoke(HttpContext context)
         at Microsoft.AspNetCore.Diagnostics.ExceptionHandlerMiddlewareImpl.<Invoke>g__Awaited|10_0(ExceptionHandlerMiddlewareImpl middleware, HttpContext context, Task task)
[xUnit.net 00:00:03.51]     NoviVovi.Api.Tests.Characters.CharacterStatesControllerTests.DeleteCharacterState_NonExisti
ngId_ReturnsNotFound [FAIL]
[xUnit.net 00:00:03.51]       Assert.Equal() Failure: Values differ
[xUnit.net 00:00:03.51]       Expected: NotFound
[xUnit.net 00:00:03.51]       Actual:   UnprocessableEntity
[xUnit.net 00:00:03.51]       Stack Trace:
[xUnit.net 00:00:03.51]         D:\Git\NoviVovi\tests\NoviVovi.Api.Tests\Characters\CharacterStatesControllerTests.cs(334,0): at NoviVovi.Api.Tests.Characters.CharacterStatesControllerTests.DeleteCharacterState_NonExistingId_ReturnsNotFound()
[xUnit.net 00:00:03.51]         --- End of stack trace from previous location ---
[xUnit.net 00:00:03.94]     NoviVovi.Api.Tests.Characters.CharacterStatesControllerTests.PatchCharacterState_ValidReque
st_UpdatesState [FAIL]
[xUnit.net 00:00:03.94]       System.Net.Http.HttpRequestException : Response status code does not indicate success: 404 (Not Found).
[xUnit.net 00:00:03.94]       Stack Trace:
[xUnit.net 00:00:03.94]            at System.Net.Http.HttpResponseMessage.EnsureSuccessStatusCode()
[xUnit.net 00:00:03.94]         D:\Git\NoviVovi\tests\NoviVovi.Api.Tests\Infrastructure\IntegrationTestBase.cs(46,0): at NoviVovi.Api.Tests.Infrastructure.IntegrationTestBase.PostAsync[TResponse](String url, Object request)
[xUnit.net 00:00:03.94]         D:\Git\NoviVovi\tests\NoviVovi.Api.Tests\Characters\CharacterStatesControllerTests.cs(42,0): at NoviVovi.Api.Tests.Characters.CharacterStatesControllerTests.CreateTestImageAsync(Guid novelId)
[xUnit.net 00:00:03.94]         D:\Git\NoviVovi\tests\NoviVovi.Api.Tests\Characters\CharacterStatesControllerTests.cs(238,0): at NoviVovi.Api.Tests.Characters.CharacterStatesControllerTests.PatchCharacterState_ValidRequest_UpdatesState()
[xUnit.net 00:00:03.94]         --- End of stack trace from previous location ---
[xUnit.net 00:00:04.35]     NoviVovi.Api.Tests.Characters.CharacterStatesControllerTests.AddCharacterState_ValidRequest
_ReturnsCreatedState [FAIL]
[xUnit.net 00:00:04.35]       System.Net.Http.HttpRequestException : Response status code does not indicate success: 404 (Not Found).
[xUnit.net 00:00:04.35]       Stack Trace:
[xUnit.net 00:00:04.35]            at System.Net.Http.HttpResponseMessage.EnsureSuccessStatusCode()
[xUnit.net 00:00:04.35]         D:\Git\NoviVovi\tests\NoviVovi.Api.Tests\Infrastructure\IntegrationTestBase.cs(46,0): at NoviVovi.Api.Tests.Infrastructure.IntegrationTestBase.PostAsync[TResponse](String url, Object request)
[xUnit.net 00:00:04.35]         D:\Git\NoviVovi\tests\NoviVovi.Api.Tests\Characters\CharacterStatesControllerTests.cs(42,0): at NoviVovi.Api.Tests.Characters.CharacterStatesControllerTests.CreateTestImageAsync(Guid novelId)
[xUnit.net 00:00:04.35]         D:\Git\NoviVovi\tests\NoviVovi.Api.Tests\Characters\CharacterStatesControllerTests.cs(57,0): at NoviVovi.Api.Tests.Characters.CharacterStatesControllerTests.AddCharacterState_ValidRequest_ReturnsCreatedState()
[xUnit.net 00:00:04.35]         --- End of stack trace from previous location ---
  ╨Э╨╡ ╨┐╤А╨╛╨╣╨┤╨╡╨╜ NoviVovi.Api.Tests.Characters.CharacterStatesControllerTests.DeleteCharacterState_NonExistingId_ReturnsNotFound [76 ms]
  ╨б╨╛╨╛╨▒╤Й╨╡╨╜╨╕╨╡ ╨╛╨▒ ╨╛╤И╨╕╨▒╨║╨╡:
   Assert.Equal() Failure: Values differ
Expected: NotFound
Actual:   UnprocessableEntity
  ╨в╤А╨░╤Б╤Б╨╕╤А╨╛╨▓╨║╨░ ╤Б╤В╨╡╨║╨░:
     at NoviVovi.Api.Tests.Characters.CharacterStatesControllerTests.DeleteCharacterState_NonExistingId_ReturnsNotFound() in D:\Git\NoviVovi\tests\NoviVovi.Api.Tests\Characters\CharacterStatesControllerTests.cs:line 334
--- End of stack trace from previous location ---
  ╨Э╨╡ ╨┐╤А╨╛╨╣╨┤╨╡╨╜ NoviVovi.Api.Tests.Characters.CharacterStatesControllerTests.PatchCharacterState_ValidRequest_UpdatesState [32 ms]
  ╨б╨╛╨╛╨▒╤Й╨╡╨╜╨╕╨╡ ╨╛╨▒ ╨╛╤И╨╕╨▒╨║╨╡:
   System.Net.Http.HttpRequestException : Response status code does not indicate success: 404 (Not Found).
  ╨в╤А╨░╤Б╤Б╨╕╤А╨╛╨▓╨║╨░ ╤Б╤В╨╡╨║╨░:
     at System.Net.Http.HttpResponseMessage.EnsureSuccessStatusCode()
   at NoviVovi.Api.Tests.Infrastructure.IntegrationTestBase.PostAsync[TResponse](String url, Object request) in D:\Git\NoviVovi\tests\NoviVovi.Api.Tests\Infrastructure\IntegrationTestBase.cs:line 46
   at NoviVovi.Api.Tests.Characters.CharacterStatesControllerTests.CreateTestImageAsync(Guid novelId) in D:\Git\NoviVovi\tests\NoviVovi.Api.Tests\Characters\CharacterStatesControllerTests.cs:line 42
   at NoviVovi.Api.Tests.Characters.CharacterStatesControllerTests.PatchCharacterState_ValidRequest_UpdatesState() in D:\Git\NoviVovi\tests\NoviVovi.Api.Tests\Characters\CharacterStatesControllerTests.cs:line 238
--- End of stack trace from previous location ---
  ╨Э╨╡ ╨┐╤А╨╛╨╣╨┤╨╡╨╜ NoviVovi.Api.Tests.Characters.CharacterStatesControllerTests.AddCharacterState_ValidRequest_ReturnsCreatedState [18 ms]
  ╨б╨╛╨╛╨▒╤Й╨╡╨╜╨╕╨╡ ╨╛╨▒ ╨╛╤И╨╕╨▒╨║╨╡:
   System.Net.Http.HttpRequestException : Response status code does not indicate success: 404 (Not Found).
  ╨в╤А╨░╤Б╤Б╨╕╤А╨╛╨▓╨║╨░ ╤Б╤В╨╡╨║╨░:
     at System.Net.Http.HttpResponseMessage.EnsureSuccessStatusCode()
   at NoviVovi.Api.Tests.Infrastructure.IntegrationTestBase.PostAsync[TResponse](String url, Object request) in D:\Git\NoviVovi\tests\NoviVovi.Api.Tests\Infrastructure\IntegrationTestBase.cs:line 46
   at NoviVovi.Api.Tests.Characters.CharacterStatesControllerTests.CreateTestImageAsync(Guid novelId) in D:\Git\NoviVovi\tests\NoviVovi.Api.Tests\Characters\CharacterStatesControllerTests.cs:line 42
   at NoviVovi.Api.Tests.Characters.CharacterStatesControllerTests.AddCharacterState_ValidRequest_ReturnsCreatedState() in D:\Git\NoviVovi\tests\NoviVovi.Api.Tests\Characters\CharacterStatesControllerTests.cs:line 57
--- End of stack trace from previous location ---
[xUnit.net 00:00:04.78]     NoviVovi.Api.Tests.Characters.CharacterStatesControllerTests.AddCharacterState_NonExistingC
haracter_ReturnsNotFound [FAIL]
[xUnit.net 00:00:04.78]       System.Net.Http.HttpRequestException : Response status code does not indicate success: 404 (Not Found).
[xUnit.net 00:00:04.78]       Stack Trace:
[xUnit.net 00:00:04.78]            at System.Net.Http.HttpResponseMessage.EnsureSuccessStatusCode()
[xUnit.net 00:00:04.78]         D:\Git\NoviVovi\tests\NoviVovi.Api.Tests\Infrastructure\IntegrationTestBase.cs(46,0): at NoviVovi.Api.Tests.Infrastructure.IntegrationTestBase.PostAsync[TResponse](String url, Object request)
[xUnit.net 00:00:04.78]         D:\Git\NoviVovi\tests\NoviVovi.Api.Tests\Characters\CharacterStatesControllerTests.cs(42,0): at NoviVovi.Api.Tests.Characters.CharacterStatesControllerTests.CreateTestImageAsync(Guid novelId)
[xUnit.net 00:00:04.78]         D:\Git\NoviVovi\tests\NoviVovi.Api.Tests\Characters\CharacterStatesControllerTests.cs(120,0): at NoviVovi.Api.Tests.Characters.CharacterStatesControllerTests.AddCharacterState_NonExistingCharacter_ReturnsNotFound()
[xUnit.net 00:00:04.78]         --- End of stack trace from previous location ---
fail: NoviVovi.Api.Infrastructure.GlobalExceptionHandler[0]
      я┐╜роия┐╜я┐╜шла я┐╜я┐╜я┐╜я┐╜рабя┐╜таня┐╜я┐╜я┐╜ я┐╜шибя┐╜я┐╜: я┐╜я┐╜я┐╜я┐╜яния┐╜ я┐╜я┐╜я┐╜соня┐╜я┐╜я┐╜ '9e28cab9-293a-4dd4-90c1-07cbb584711f' я┐╜я┐╜ я┐╜я┐╜я┐╜я┐╜я┐╜я┐╜я┐╜
      NoviVovi.Application.Common.Exceptions.NotFoundException: я┐╜я┐╜я┐╜я┐╜яния┐╜ я┐╜я┐╜я┐╜соня┐╜я┐╜я┐╜ '9e28cab9-293a-4dd4-90c1-07cbb584711f' я┐╜я┐╜ я┐╜я┐╜я┐╜я┐╜я┐╜я┐╜я┐╜
         at NoviVovi.Application.Characters.Features.Patch.PatchCharacterStateHandler.Handle(PatchCharacterStateCommand request, CancellationToken ct) in D:\Git\NoviVovi\backend\NoviVovi.Application\Characters\Features\Patch\PatchCharacterState.cs:line 47
         at NoviVovi.Application.Characters.Features.Patch.PatchCharacterStateHandler.Handle(PatchCharacterStateCommand request, CancellationToken ct) in D:\Git\NoviVovi\backend\NoviVovi.Application\Characters\Features\Patch\PatchCharacterState.cs:line 80
         at NoviVovi.Api.Characters.Controllers.CharacterStatesController.Patch(Guid novelId, Guid characterId, Guid stateId, PatchCharacterStateRequest request) in D:\Git\NoviVovi\backend\NoviVovi.Api\Characters\Controllers\CharacterStatesController.cs:line 68
         at lambda_method86(Closure, Object)
         at Microsoft.AspNetCore.Mvc.Infrastructure.ActionMethodExecutor.AwaitableObjectResultExecutor.Execute(ActionContext actionContext, IActionResultTypeMapper mapper, ObjectMethodExecutor executor, Object controller, Object[] arguments)
         at Microsoft.AspNetCore.Mvc.Infrastructure.ControllerActionInvoker.<InvokeActionMethodAsync>g__Awaited|12_0(ControllerActionInvoker invoker, ValueTask`1 actionResultValueTask)
         at Microsoft.AspNetCore.Mvc.Infrastructure.ControllerActionInvoker.<InvokeNextActionFilterAsync>g__Awaited|10_0(ControllerActionInvoker invoker, Task lastTask, State next, Scope scope, Object state, Boolean isCompleted)
         at Microsoft.AspNetCore.Mvc.Infrastructure.ControllerActionInvoker.Rethrow(ActionExecutedContextSealed context)
         at Microsoft.AspNetCore.Mvc.Infrastructure.ControllerActionInvoker.Next(State& next, Scope& scope, Object& state, Boolean& isCompleted)
         at Microsoft.AspNetCore.Mvc.Infrastructure.ControllerActionInvoker.<InvokeInnerFilterAsync>g__Awaited|13_0(ControllerActionInvoker invoker, Task lastTask, State next, Scope scope, Object state, Boolean isCompleted)
         at Microsoft.AspNetCore.Mvc.Infrastructure.ResourceInvoker.<InvokeFilterPipelineAsync>g__Awaited|20_0(ResourceInvoker invoker, Task lastTask, State next, Scope scope, Object state, Boolean isCompleted)
         at Microsoft.AspNetCore.Mvc.Infrastructure.ResourceInvoker.<InvokeAsync>g__Awaited|17_0(ResourceInvoker invoker, Task task, IDisposable scope)
         at Microsoft.AspNetCore.Mvc.Infrastructure.ResourceInvoker.<InvokeAsync>g__Awaited|17_0(ResourceInvoker invoker, Task task, IDisposable scope)
         at Microsoft.AspNetCore.Authorization.AuthorizationMiddleware.Invoke(HttpContext context)
         at Microsoft.AspNetCore.Authentication.AuthenticationMiddleware.Invoke(HttpContext context)
         at Microsoft.AspNetCore.Diagnostics.ExceptionHandlerMiddlewareImpl.<Invoke>g__Awaited|10_0(ExceptionHandlerMiddlewareImpl middleware, HttpContext context, Task task)
[xUnit.net 00:00:05.69]     NoviVovi.Api.Tests.Characters.CharacterStatesControllerTests.GetAllCharacterStates_ReturnsA
llStatesForCharacter [FAIL]
[xUnit.net 00:00:05.69]       System.Net.Http.HttpRequestException : Response status code does not indicate success: 404 (Not Found).
[xUnit.net 00:00:05.69]       Stack Trace:
[xUnit.net 00:00:05.69]            at System.Net.Http.HttpResponseMessage.EnsureSuccessStatusCode()
[xUnit.net 00:00:05.69]         D:\Git\NoviVovi\tests\NoviVovi.Api.Tests\Infrastructure\IntegrationTestBase.cs(46,0): at NoviVovi.Api.Tests.Infrastructure.IntegrationTestBase.PostAsync[TResponse](String url, Object request)
[xUnit.net 00:00:05.69]         D:\Git\NoviVovi\tests\NoviVovi.Api.Tests\Characters\CharacterStatesControllerTests.cs(42,0): at NoviVovi.Api.Tests.Characters.CharacterStatesControllerTests.CreateTestImageAsync(Guid novelId)
[xUnit.net 00:00:05.69]         D:\Git\NoviVovi\tests\NoviVovi.Api.Tests\Characters\CharacterStatesControllerTests.cs(207,0): at NoviVovi.Api.Tests.Characters.CharacterStatesControllerTests.GetAllCharacterStates_ReturnsAllStatesForCharacter()
[xUnit.net 00:00:05.69]         --- End of stack trace from previous location ---
  ╨Э╨╡ ╨┐╤А╨╛╨╣╨┤╨╡╨╜ NoviVovi.Api.Tests.Characters.CharacterStatesControllerTests.AddCharacterState_NonExistingCharacter_ReturnsNotFound [12 ms]
  ╨б╨╛╨╛╨▒╤Й╨╡╨╜╨╕╨╡ ╨╛╨▒ ╨╛╤И╨╕╨▒╨║╨╡:
   System.Net.Http.HttpRequestException : Response status code does not indicate success: 404 (Not Found).
  ╨в╤А╨░╤Б╤Б╨╕╤А╨╛╨▓╨║╨░ ╤Б╤В╨╡╨║╨░:
     at System.Net.Http.HttpResponseMessage.EnsureSuccessStatusCode()
   at NoviVovi.Api.Tests.Infrastructure.IntegrationTestBase.PostAsync[TResponse](String url, Object request) in D:\Git\NoviVovi\tests\NoviVovi.Api.Tests\Infrastructure\IntegrationTestBase.cs:line 46
   at NoviVovi.Api.Tests.Characters.CharacterStatesControllerTests.CreateTestImageAsync(Guid novelId) in D:\Git\NoviVovi\tests\NoviVovi.Api.Tests\Characters\CharacterStatesControllerTests.cs:line 42
   at NoviVovi.Api.Tests.Characters.CharacterStatesControllerTests.AddCharacterState_NonExistingCharacter_ReturnsNotFound() in D:\Git\NoviVovi\tests\NoviVovi.Api.Tests\Characters\CharacterStatesControllerTests.cs:line 120
--- End of stack trace from previous location ---
  ╨Я╤А╨╛╨╣╨┤╨╡╨╜ NoviVovi.Api.Tests.Characters.CharacterStatesControllerTests.PatchCharacterState_NonExistingId_ReturnsNotFound [48 ms]
  ╨Э╨╡ ╨┐╤А╨╛╨╣╨┤╨╡╨╜ NoviVovi.Api.Tests.Characters.CharacterStatesControllerTests.GetAllCharacterStates_ReturnsAllStatesForCharacter [18 ms]
  ╨б╨╛╨╛╨▒╤Й╨╡╨╜╨╕╨╡ ╨╛╨▒ ╨╛╤И╨╕╨▒╨║╨╡:
   System.Net.Http.HttpRequestException : Response status code does not indicate success: 404 (Not Found).
  ╨в╤А╨░╤Б╤Б╨╕╤А╨╛╨▓╨║╨░ ╤Б╤В╨╡╨║╨░:
     at System.Net.Http.HttpResponseMessage.EnsureSuccessStatusCode()
   at NoviVovi.Api.Tests.Infrastructure.IntegrationTestBase.PostAsync[TResponse](String url, Object request) in D:\Git\NoviVovi\tests\NoviVovi.Api.Tests\Infrastructure\IntegrationTestBase.cs:line 46
   at NoviVovi.Api.Tests.Characters.CharacterStatesControllerTests.CreateTestImageAsync(Guid novelId) in D:\Git\NoviVovi\tests\NoviVovi.Api.Tests\Characters\CharacterStatesControllerTests.cs:line 42
   at NoviVovi.Api.Tests.Characters.CharacterStatesControllerTests.GetAllCharacterStates_ReturnsAllStatesForCharacter() in D:\Git\NoviVovi\tests\NoviVovi.Api.Tests\Characters\CharacterStatesControllerTests.cs:line 207
--- End of stack trace from previous location ---
fail: NoviVovi.Api.Infrastructure.GlobalExceptionHandler[0]
      я┐╜роия┐╜я┐╜шла я┐╜я┐╜я┐╜я┐╜рабя┐╜таня┐╜я┐╜я┐╜ я┐╜шибя┐╜я┐╜: NextAction cannot be null
      NoviVovi.Domain.Common.DomainException: NextAction cannot be null
         at NoviVovi.Domain.Characters.CharacterState.Create(String name, Image image, Transform localTransform, String description) in D:\Git\NoviVovi\backend\NoviVovi.Domain\Characters\CharacterState.cs:line 29
         at NoviVovi.Application.Characters.Features.Add.AddCharacterStateHandler.Handle(AddCharacterStateCommand request, CancellationToken ct) in D:\Git\NoviVovi\backend\NoviVovi.Application\Characters\Features\Add\AddCharacterState.cs:line 50
         at NoviVovi.Application.Characters.Features.Add.AddCharacterStateHandler.Handle(AddCharacterStateCommand request, CancellationToken ct) in D:\Git\NoviVovi\backend\NoviVovi.Application\Characters\Features\Add\AddCharacterState.cs:line 63
         at NoviVovi.Api.Characters.Controllers.CharacterStatesController.Add(Guid novelId, Guid characterId, AddCharacterStateRequest request) in D:\Git\NoviVovi\backend\NoviVovi.Api\Characters\Controllers\CharacterStatesController.cs:line 30
         at lambda_method95(Closure, Object)
         at Microsoft.AspNetCore.Mvc.Infrastructure.ActionMethodExecutor.AwaitableObjectResultExecutor.Execute(ActionContext actionContext, IActionResultTypeMapper mapper, ObjectMethodExecutor executor, Object controller, Object[] arguments)
         at Microsoft.AspNetCore.Mvc.Infrastructure.ControllerActionInvoker.<InvokeActionMethodAsync>g__Awaited|12_0(ControllerActionInvoker invoker, ValueTask`1 actionResultValueTask)
         at Microsoft.AspNetCore.Mvc.Infrastructure.ControllerActionInvoker.<InvokeNextActionFilterAsync>g__Awaited|10_0(ControllerActionInvoker invoker, Task lastTask, State next, Scope scope, Object state, Boolean isCompleted)
         at Microsoft.AspNetCore.Mvc.Infrastructure.ControllerActionInvoker.Rethrow(ActionExecutedContextSealed context)
         at Microsoft.AspNetCore.Mvc.Infrastructure.ControllerActionInvoker.Next(State& next, Scope& scope, Object& state, Boolean& isCompleted)
         at Microsoft.AspNetCore.Mvc.Infrastructure.ControllerActionInvoker.<InvokeInnerFilterAsync>g__Awaited|13_0(ControllerActionInvoker invoker, Task lastTask, State next, Scope scope, Object state, Boolean isCompleted)
         at Microsoft.AspNetCore.Mvc.Infrastructure.ResourceInvoker.<InvokeFilterPipelineAsync>g__Awaited|20_0(ResourceInvoker invoker, Task lastTask, State next, Scope scope, Object state, Boolean isCompleted)
         at Microsoft.AspNetCore.Mvc.Infrastructure.ResourceInvoker.<InvokeAsync>g__Awaited|17_0(ResourceInvoker invoker, Task task, IDisposable scope)
         at Microsoft.AspNetCore.Mvc.Infrastructure.ResourceInvoker.<InvokeAsync>g__Awaited|17_0(ResourceInvoker invoker, Task task, IDisposable scope)
         at Microsoft.AspNetCore.Authorization.AuthorizationMiddleware.Invoke(HttpContext context)
         at Microsoft.AspNetCore.Authentication.AuthenticationMiddleware.Invoke(HttpContext context)
         at Microsoft.AspNetCore.Diagnostics.ExceptionHandlerMiddlewareImpl.<Invoke>g__Awaited|10_0(ExceptionHandlerMiddlewareImpl middleware, HttpContext context, Task task)
fail: NoviVovi.Api.Infrastructure.GlobalExceptionHandler[0]
      я┐╜роия┐╜я┐╜шла я┐╜я┐╜я┐╜я┐╜рабя┐╜таня┐╜я┐╜я┐╜ я┐╜шибя┐╜я┐╜: я┐╜я┐╜я┐╜я┐╜яния┐╜ я┐╜я┐╜я┐╜соня┐╜я┐╜я┐╜ '96ac1d56-6b4f-47ab-9b1c-2ee250a850a0' я┐╜я┐╜ я┐╜я┐╜я┐╜я┐╜я┐╜я┐╜я┐╜
      NoviVovi.Application.Common.Exceptions.NotFoundException: я┐╜я┐╜я┐╜я┐╜яния┐╜ я┐╜я┐╜я┐╜соня┐╜я┐╜я┐╜ '96ac1d56-6b4f-47ab-9b1c-2ee250a850a0' я┐╜я┐╜ я┐╜я┐╜я┐╜я┐╜я┐╜я┐╜я┐╜
         at NoviVovi.Application.Characters.Features.Get.GetCharacterStateHandler.Handle(GetCharacterStateQuery request, CancellationToken ct) in D:\Git\NoviVovi\backend\NoviVovi.Application\Characters\Features\Get\GetCharacterState.cs:line 28
         at NoviVovi.Api.Characters.Controllers.CharacterStatesController.Get(Guid novelId, Guid characterId, Guid stateId) in D:\Git\NoviVovi\backend\NoviVovi.Api\Characters\Controllers\CharacterStatesController.cs:line 42
         at lambda_method104(Closure, Object)
         at Microsoft.AspNetCore.Mvc.Infrastructure.ActionMethodExecutor.AwaitableObjectResultExecutor.Execute(ActionContext actionContext, IActionResultTypeMapper mapper, ObjectMethodExecutor executor, Object controller, Object[] arguments)
         at Microsoft.AspNetCore.Mvc.Infrastructure.ControllerActionInvoker.<InvokeActionMethodAsync>g__Awaited|12_0(ControllerActionInvoker invoker, ValueTask`1 actionResultValueTask)
         at Microsoft.AspNetCore.Mvc.Infrastructure.ControllerActionInvoker.<InvokeNextActionFilterAsync>g__Awaited|10_0(ControllerActionInvoker invoker, Task lastTask, State next, Scope scope, Object state, Boolean isCompleted)
         at Microsoft.AspNetCore.Mvc.Infrastructure.ControllerActionInvoker.Rethrow(ActionExecutedContextSealed context)
         at Microsoft.AspNetCore.Mvc.Infrastructure.ControllerActionInvoker.Next(State& next, Scope& scope, Object& state, Boolean& isCompleted)
         at Microsoft.AspNetCore.Mvc.Infrastructure.ControllerActionInvoker.<InvokeInnerFilterAsync>g__Awaited|13_0(ControllerActionInvoker invoker, Task lastTask, State next, Scope scope, Object state, Boolean isCompleted)
         at Microsoft.AspNetCore.Mvc.Infrastructure.ResourceInvoker.<InvokeFilterPipelineAsync>g__Awaited|20_0(ResourceInvoker invoker, Task lastTask, State next, Scope scope, Object state, Boolean isCompleted)
         at Microsoft.AspNetCore.Mvc.Infrastructure.ResourceInvoker.<InvokeAsync>g__Awaited|17_0(ResourceInvoker invoker, Task task, IDisposable scope)
         at Microsoft.AspNetCore.Mvc.Infrastructure.ResourceInvoker.<InvokeAsync>g__Awaited|17_0(ResourceInvoker invoker, Task task, IDisposable scope)
         at Microsoft.AspNetCore.Authorization.AuthorizationMiddleware.Invoke(HttpContext context)
         at Microsoft.AspNetCore.Authentication.AuthenticationMiddleware.Invoke(HttpContext context)
         at Microsoft.AspNetCore.Diagnostics.ExceptionHandlerMiddlewareImpl.<Invoke>g__Awaited|10_0(ExceptionHandlerMiddlewareImpl middleware, HttpContext context, Task task)
  ╨Я╤А╨╛╨╣╨┤╨╡╨╜ NoviVovi.Api.Tests.Characters.CharacterStatesControllerTests.AddCharacterState_NonExistingImage_ReturnsUnprocessableEntity [41 ms]
  ╨Я╤А╨╛╨╣╨┤╨╡╨╜ NoviVovi.Api.Tests.Characters.CharacterStatesControllerTests.GetCharacterState_NonExistingId_ReturnsNotFound [28 ms]
[xUnit.net 00:00:07.75]     NoviVovi.Api.Tests.Characters.CharacterStatesControllerTests.DeleteCharacterState_ExistingI
d_DeletesState [FAIL]
[xUnit.net 00:00:07.75]       System.Net.Http.HttpRequestException : Response status code does not indicate success: 404 (Not Found).
[xUnit.net 00:00:07.75]       Stack Trace:
[xUnit.net 00:00:07.75]            at System.Net.Http.HttpResponseMessage.EnsureSuccessStatusCode()
[xUnit.net 00:00:07.75]         D:\Git\NoviVovi\tests\NoviVovi.Api.Tests\Infrastructure\IntegrationTestBase.cs(46,0): at NoviVovi.Api.Tests.Infrastructure.IntegrationTestBase.PostAsync[TResponse](String url, Object request)
[xUnit.net 00:00:07.75]         D:\Git\NoviVovi\tests\NoviVovi.Api.Tests\Characters\CharacterStatesControllerTests.cs(42,0): at NoviVovi.Api.Tests.Characters.CharacterStatesControllerTests.CreateTestImageAsync(Guid novelId)
[xUnit.net 00:00:07.75]         D:\Git\NoviVovi\tests\NoviVovi.Api.Tests\Characters\CharacterStatesControllerTests.cs(295,0): at NoviVovi.Api.Tests.Characters.CharacterStatesControllerTests.DeleteCharacterState_ExistingId_DeletesState()
[xUnit.net 00:00:07.75]         --- End of stack trace from previous location ---
[xUnit.net 00:00:08.37]     NoviVovi.Api.Tests.Characters.CharacterStatesControllerTests.AddCharacterState_EmptyName_Re
turnsUnprocessableEntity [FAIL]
[xUnit.net 00:00:08.37]       System.Net.Http.HttpRequestException : Response status code does not indicate success: 404 (Not Found).
[xUnit.net 00:00:08.37]       Stack Trace:
[xUnit.net 00:00:08.37]            at System.Net.Http.HttpResponseMessage.EnsureSuccessStatusCode()
[xUnit.net 00:00:08.37]         D:\Git\NoviVovi\tests\NoviVovi.Api.Tests\Infrastructure\IntegrationTestBase.cs(46,0): at NoviVovi.Api.Tests.Infrastructure.IntegrationTestBase.PostAsync[TResponse](String url, Object request)
[xUnit.net 00:00:08.37]         D:\Git\NoviVovi\tests\NoviVovi.Api.Tests\Characters\CharacterStatesControllerTests.cs(42,0): at NoviVovi.Api.Tests.Characters.CharacterStatesControllerTests.CreateTestImageAsync(Guid novelId)
[xUnit.net 00:00:08.37]         D:\Git\NoviVovi\tests\NoviVovi.Api.Tests\Characters\CharacterStatesControllerTests.cs(98,0): at NoviVovi.Api.Tests.Characters.CharacterStatesControllerTests.AddCharacterState_EmptyName_ReturnsUnprocessableEntity()
[xUnit.net 00:00:08.37]         --- End of stack trace from previous location ---
  ╨Э╨╡ ╨┐╤А╨╛╨╣╨┤╨╡╨╜ NoviVovi.Api.Tests.Characters.CharacterStatesControllerTests.DeleteCharacterState_ExistingId_DeletesState [19 ms]
  ╨б╨╛╨╛╨▒╤Й╨╡╨╜╨╕╨╡ ╨╛╨▒ ╨╛╤И╨╕╨▒╨║╨╡:
   System.Net.Http.HttpRequestException : Response status code does not indicate success: 404 (Not Found).
  ╨в╤А╨░╤Б╤Б╨╕╤А╨╛╨▓╨║╨░ ╤Б╤В╨╡╨║╨░:
     at System.Net.Http.HttpResponseMessage.EnsureSuccessStatusCode()
   at NoviVovi.Api.Tests.Infrastructure.IntegrationTestBase.PostAsync[TResponse](String url, Object request) in D:\Git\NoviVovi\tests\NoviVovi.Api.Tests\Infrastructure\IntegrationTestBase.cs:line 46
   at NoviVovi.Api.Tests.Characters.CharacterStatesControllerTests.CreateTestImageAsync(Guid novelId) in D:\Git\NoviVovi\tests\NoviVovi.Api.Tests\Characters\CharacterStatesControllerTests.cs:line 42
   at NoviVovi.Api.Tests.Characters.CharacterStatesControllerTests.DeleteCharacterState_ExistingId_DeletesState() in D:\Git\NoviVovi\tests\NoviVovi.Api.Tests\Characters\CharacterStatesControllerTests.cs:line 295
--- End of stack trace from previous location ---
  ╨Э╨╡ ╨┐╤А╨╛╨╣╨┤╨╡╨╜ NoviVovi.Api.Tests.Characters.CharacterStatesControllerTests.AddCharacterState_EmptyName_ReturnsUnprocessableEntity [17 ms]
  ╨б╨╛╨╛╨▒╤Й╨╡╨╜╨╕╨╡ ╨╛╨▒ ╨╛╤И╨╕╨▒╨║╨╡:
   System.Net.Http.HttpRequestException : Response status code does not indicate success: 404 (Not Found).
  ╨в╤А╨░╤Б╤Б╨╕╤А╨╛╨▓╨║╨░ ╤Б╤В╨╡╨║╨░:
     at System.Net.Http.HttpResponseMessage.EnsureSuccessStatusCode()
   at NoviVovi.Api.Tests.Infrastructure.IntegrationTestBase.PostAsync[TResponse](String url, Object request) in D:\Git\NoviVovi\tests\NoviVovi.Api.Tests\Infrastructure\IntegrationTestBase.cs:line 46
   at NoviVovi.Api.Tests.Characters.CharacterStatesControllerTests.CreateTestImageAsync(Guid novelId) in D:\Git\NoviVovi\tests\NoviVovi.Api.Tests\Characters\CharacterStatesControllerTests.cs:line 42
   at NoviVovi.Api.Tests.Characters.CharacterStatesControllerTests.AddCharacterState_EmptyName_ReturnsUnprocessableEntity() in D:\Git\NoviVovi\tests\NoviVovi.Api.Tests\Characters\CharacterStatesControllerTests.cs:line 98
--- End of stack trace from previous location ---
info: Microsoft.Hosting.Lifetime[0]
      Application is shutting down...
info: Microsoft.Hosting.Lifetime[0]
      Application started. Press Ctrl+C to shut down.
info: Microsoft.Hosting.Lifetime[0]
      Hosting environment: Testing
info: Microsoft.Hosting.Lifetime[0]
      Content root path: D:\Git\NoviVovi\backend\NoviVovi.Api
warn: Microsoft.AspNetCore.HttpsPolicy.HttpsRedirectionMiddleware[3]
      Failed to determine the https port for redirect.
warn: LuckyPennySoftware.MediatR.License[0]
      You do not have a valid license key for the Lucky Penny software MediatR. This is allowed for development and testing scenarios. If you are running in production you are required to have a licensed version. Please visit https://luckypennysoftware.com to obtain a valid license.
fail: NoviVovi.Api.Infrastructure.GlobalExceptionHandler[0]
      я┐╜роия┐╜я┐╜шла я┐╜я┐╜я┐╜я┐╜рабя┐╜таня┐╜я┐╜я┐╜ я┐╜шибя┐╜я┐╜: Invalid color format: 'GGGGGG'. Expected #RRGGBB or #RGB
      NoviVovi.Domain.Common.DomainException: Invalid color format: 'GGGGGG'. Expected #RRGGBB or #RGB
         at NoviVovi.Domain.Common.Color.FromHex(String hex) in D:\Git\NoviVovi\backend\NoviVovi.Domain\Common\Color.cs:line 33
         at NoviVovi.Application.Characters.Features.Add.AddCharacterHandler.Handle(AddCharacterCommand request, CancellationToken ct) in D:\Git\NoviVovi\backend\NoviVovi.Application\Characters\Features\Add\AddCharacter.cs:line 39
         at NoviVovi.Application.Characters.Features.Add.AddCharacterHandler.Handle(AddCharacterCommand request, CancellationToken ct) in D:\Git\NoviVovi\backend\NoviVovi.Application\Characters\Features\Add\AddCharacter.cs:line 56
         at NoviVovi.Api.Characters.Controllers.CharactersController.Add(Guid novelId, AddCharacterRequest request) in D:\Git\NoviVovi\backend\NoviVovi.Api\Characters\Controllers\CharactersController.cs:line 29
         at lambda_method125(Closure, Object)
         at Microsoft.AspNetCore.Mvc.Infrastructure.ActionMethodExecutor.AwaitableObjectResultExecutor.Execute(ActionContext actionContext, IActionResultTypeMapper mapper, ObjectMethodExecutor executor, Object controller, Object[] arguments)
         at Microsoft.AspNetCore.Mvc.Infrastructure.ControllerActionInvoker.<InvokeActionMethodAsync>g__Awaited|12_0(ControllerActionInvoker invoker, ValueTask`1 actionResultValueTask)
         at Microsoft.AspNetCore.Mvc.Infrastructure.ControllerActionInvoker.<InvokeNextActionFilterAsync>g__Awaited|10_0(ControllerActionInvoker invoker, Task lastTask, State next, Scope scope, Object state, Boolean isCompleted)
         at Microsoft.AspNetCore.Mvc.Infrastructure.ControllerActionInvoker.Rethrow(ActionExecutedContextSealed context)
         at Microsoft.AspNetCore.Mvc.Infrastructure.ControllerActionInvoker.Next(State& next, Scope& scope, Object& state, Boolean& isCompleted)
         at Microsoft.AspNetCore.Mvc.Infrastructure.ControllerActionInvoker.<InvokeInnerFilterAsync>g__Awaited|13_0(ControllerActionInvoker invoker, Task lastTask, State next, Scope scope, Object state, Boolean isCompleted)
         at Microsoft.AspNetCore.Mvc.Infrastructure.ResourceInvoker.<InvokeFilterPipelineAsync>g__Awaited|20_0(ResourceInvoker invoker, Task lastTask, State next, Scope scope, Object state, Boolean isCompleted)
         at Microsoft.AspNetCore.Mvc.Infrastructure.ResourceInvoker.<InvokeAsync>g__Awaited|17_0(ResourceInvoker invoker, Task task, IDisposable scope)
         at Microsoft.AspNetCore.Mvc.Infrastructure.ResourceInvoker.<InvokeAsync>g__Awaited|17_0(ResourceInvoker invoker, Task task, IDisposable scope)
         at Microsoft.AspNetCore.Authorization.AuthorizationMiddleware.Invoke(HttpContext context)
         at Microsoft.AspNetCore.Authentication.AuthenticationMiddleware.Invoke(HttpContext context)
         at Microsoft.AspNetCore.Diagnostics.ExceptionHandlerMiddlewareImpl.<Invoke>g__Awaited|10_0(ExceptionHandlerMiddlewareImpl middleware, HttpContext context, Task task)
fail: NoviVovi.Api.Infrastructure.GlobalExceptionHandler[0]
      я┐╜роия┐╜я┐╜шла я┐╜я┐╜я┐╜я┐╜рабя┐╜таня┐╜я┐╜я┐╜ я┐╜шибя┐╜я┐╜: я┐╜я┐╜я┐╜я┐╜я┐╜я┐╜я┐╜ '8296f6ab-5e89-49e7-8a7a-2d6cd904a55c' я┐╜я┐╜ я┐╜я┐╜я┐╜я┐╜я┐╜я┐╜я┐╜
      NoviVovi.Application.Common.Exceptions.NotFoundException: я┐╜я┐╜я┐╜я┐╜я┐╜я┐╜я┐╜ '8296f6ab-5e89-49e7-8a7a-2d6cd904a55c' я┐╜я┐╜ я┐╜я┐╜я┐╜я┐╜я┐╜я┐╜я┐╜
         at NoviVovi.Application.Characters.Features.Add.AddCharacterHandler.Handle(AddCharacterCommand request, CancellationToken ct) in D:\Git\NoviVovi\backend\NoviVovi.Application\Characters\Features\Add\AddCharacter.cs:line 36
         at NoviVovi.Application.Characters.Features.Add.AddCharacterHandler.Handle(AddCharacterCommand request, CancellationToken ct) in D:\Git\NoviVovi\backend\NoviVovi.Application\Characters\Features\Add\AddCharacter.cs:line 56
         at NoviVovi.Api.Characters.Controllers.CharactersController.Add(Guid novelId, AddCharacterRequest request) in D:\Git\NoviVovi\backend\NoviVovi.Api\Characters\Controllers\CharactersController.cs:line 29
         at lambda_method125(Closure, Object)
         at Microsoft.AspNetCore.Mvc.Infrastructure.ActionMethodExecutor.AwaitableObjectResultExecutor.Execute(ActionContext actionContext, IActionResultTypeMapper mapper, ObjectMethodExecutor executor, Object controller, Object[] arguments)
         at Microsoft.AspNetCore.Mvc.Infrastructure.ControllerActionInvoker.<InvokeActionMethodAsync>g__Awaited|12_0(ControllerActionInvoker invoker, ValueTask`1 actionResultValueTask)
         at Microsoft.AspNetCore.Mvc.Infrastructure.ControllerActionInvoker.<InvokeNextActionFilterAsync>g__Awaited|10_0(ControllerActionInvoker invoker, Task lastTask, State next, Scope scope, Object state, Boolean isCompleted)
         at Microsoft.AspNetCore.Mvc.Infrastructure.ControllerActionInvoker.Rethrow(ActionExecutedContextSealed context)
         at Microsoft.AspNetCore.Mvc.Infrastructure.ControllerActionInvoker.Next(State& next, Scope& scope, Object& state, Boolean& isCompleted)
         at Microsoft.AspNetCore.Mvc.Infrastructure.ControllerActionInvoker.<InvokeInnerFilterAsync>g__Awaited|13_0(ControllerActionInvoker invoker, Task lastTask, State next, Scope scope, Object state, Boolean isCompleted)
         at Microsoft.AspNetCore.Mvc.Infrastructure.ResourceInvoker.<InvokeFilterPipelineAsync>g__Awaited|20_0(ResourceInvoker invoker, Task lastTask, State next, Scope scope, Object state, Boolean isCompleted)
         at Microsoft.AspNetCore.Mvc.Infrastructure.ResourceInvoker.<InvokeAsync>g__Awaited|17_0(ResourceInvoker invoker, Task task, IDisposable scope)
         at Microsoft.AspNetCore.Mvc.Infrastructure.ResourceInvoker.<InvokeAsync>g__Awaited|17_0(ResourceInvoker invoker, Task task, IDisposable scope)
         at Microsoft.AspNetCore.Authorization.AuthorizationMiddleware.Invoke(HttpContext context)
         at Microsoft.AspNetCore.Authentication.AuthenticationMiddleware.Invoke(HttpContext context)
         at Microsoft.AspNetCore.Diagnostics.ExceptionHandlerMiddlewareImpl.<Invoke>g__Awaited|10_0(ExceptionHandlerMiddlewareImpl middleware, HttpContext context, Task task)
fail: NoviVovi.Api.Infrastructure.GlobalExceptionHandler[0]
      я┐╜роия┐╜я┐╜шла я┐╜я┐╜я┐╜я┐╜рабя┐╜таня┐╜я┐╜я┐╜ я┐╜шибя┐╜я┐╜: Character 0bb435c5-db77-40c9-9f5d-00d5d2d22833 doesn't exists
      NoviVovi.Domain.Common.DomainException: Character 0bb435c5-db77-40c9-9f5d-00d5d2d22833 doesn't exists
         at NoviVovi.Domain.Novels.Novel.RemoveCharacterById(Guid characterId) in D:\Git\NoviVovi\backend\NoviVovi.Domain\Novels\Novel.cs:line 118
         at NoviVovi.Application.Characters.Features.Delete.DeleteCharacterHandler.Handle(DeleteCharacterCommand request, CancellationToken ct) in D:\Git\NoviVovi\backend\NoviVovi.Application\Characters\Features\Delete\DeleteCharacter.cs:line 31
         at NoviVovi.Application.Characters.Features.Delete.DeleteCharacterHandler.Handle(DeleteCharacterCommand request, CancellationToken ct) in D:\Git\NoviVovi\backend\NoviVovi.Application\Characters\Features\Delete\DeleteCharacter.cs:line 45
         at MediatR.Wrappers.RequestHandlerWrapperImpl`1.<>c__DisplayClass1_0.<<Handle>g__Handler|0>d.MoveNext()
      --- End of stack trace from previous location ---
         at NoviVovi.Api.Characters.Controllers.CharactersController.Delete(Guid novelId, Guid characterId) in D:\Git\NoviVovi\backend\NoviVovi.Api\Characters\Controllers\CharactersController.cs:line 75
         at Microsoft.AspNetCore.Mvc.Infrastructure.ActionMethodExecutor.TaskOfIActionResultExecutor.Execute(ActionContext actionContext, IActionResultTypeMapper mapper, ObjectMethodExecutor executor, Object controller, Object[] arguments)
         at Microsoft.AspNetCore.Mvc.Infrastructure.ControllerActionInvoker.<InvokeActionMethodAsync>g__Awaited|12_0(ControllerActionInvoker invoker, ValueTask`1 actionResultValueTask)
         at Microsoft.AspNetCore.Mvc.Infrastructure.ControllerActionInvoker.<InvokeNextActionFilterAsync>g__Awaited|10_0(ControllerActionInvoker invoker, Task lastTask, State next, Scope scope, Object state, Boolean isCompleted)
         at Microsoft.AspNetCore.Mvc.Infrastructure.ControllerActionInvoker.Rethrow(ActionExecutedContextSealed context)
         at Microsoft.AspNetCore.Mvc.Infrastructure.ControllerActionInvoker.Next(State& next, Scope& scope, Object& state, Boolean& isCompleted)
         at Microsoft.AspNetCore.Mvc.Infrastructure.ControllerActionInvoker.<InvokeInnerFilterAsync>g__Awaited|13_0(ControllerActionInvoker invoker, Task lastTask, State next, Scope scope, Object state, Boolean isCompleted)
         at Microsoft.AspNetCore.Mvc.Infrastructure.ResourceInvoker.<InvokeFilterPipelineAsync>g__Awaited|20_0(ResourceInvoker invoker, Task lastTask, State next, Scope scope, Object state, Boolean isCompleted)
         at Microsoft.AspNetCore.Mvc.Infrastructure.ResourceInvoker.<InvokeAsync>g__Awaited|17_0(ResourceInvoker invoker, Task task, IDisposable scope)
         at Microsoft.AspNetCore.Mvc.Infrastructure.ResourceInvoker.<InvokeAsync>g__Awaited|17_0(ResourceInvoker invoker, Task task, IDisposable scope)
         at Microsoft.AspNetCore.Authorization.AuthorizationMiddleware.Invoke(HttpContext context)
         at Microsoft.AspNetCore.Authentication.AuthenticationMiddleware.Invoke(HttpContext context)
         at Microsoft.AspNetCore.Diagnostics.ExceptionHandlerMiddlewareImpl.<Invoke>g__Awaited|10_0(ExceptionHandlerMiddlewareImpl middleware, HttpContext context, Task task)
  ╨Я╤А╨╛╨╣╨┤╨╡╨╜ NoviVovi.Api.Tests.Characters.CharactersControllerTests.AddCharacter_InvalidColorFormat_ReturnsUnprocessableEntity [83 ms]
  ╨Я╤А╨╛╨╣╨┤╨╡╨╜ NoviVovi.Api.Tests.Characters.CharactersControllerTests.AddCharacter_NonExistingNovel_ReturnsNotFound [11 ms]
[xUnit.net 00:00:24.14]     NoviVovi.Api.Tests.Characters.CharactersControllerTests.DeleteCharacter_NonExistingId_Retur
nsNotFound [FAIL]
[xUnit.net 00:00:24.14]       Assert.Equal() Failure: Values differ
[xUnit.net 00:00:24.14]       Expected: NotFound
[xUnit.net 00:00:24.14]       Actual:   UnprocessableEntity
[xUnit.net 00:00:24.14]       Stack Trace:
[xUnit.net 00:00:24.14]         D:\Git\NoviVovi\tests\NoviVovi.Api.Tests\Characters\CharactersControllerTests.cs(254,0): at NoviVovi.Api.Tests.Characters.CharactersControllerTests.DeleteCharacter_NonExistingId_ReturnsNotFound()
[xUnit.net 00:00:24.14]         --- End of stack trace from previous location ---
[xUnit.net 00:00:24.61]     NoviVovi.Api.Tests.Characters.CharactersControllerTests.AddCharacter_ValidRequest_ReturnsCr
eatedCharacter [FAIL]
[xUnit.net 00:00:24.61]       Assert.Equal() Failure: Strings differ
[xUnit.net 00:00:24.61]                  тЖУ (pos 0)
[xUnit.net 00:00:24.61]       Expected: "FF5733"
[xUnit.net 00:00:24.61]       Actual:   "#FF5733"
[xUnit.net 00:00:24.61]                  тЖС (pos 0)
[xUnit.net 00:00:24.61]       Stack Trace:
[xUnit.net 00:00:24.61]         D:\Git\NoviVovi\tests\NoviVovi.Api.Tests\Characters\CharactersControllerTests.cs(35,0): at NoviVovi.Api.Tests.Characters.CharactersControllerTests.AddCharacter_ValidRequest_ReturnsCreatedCharacter()
[xUnit.net 00:00:24.61]         --- End of stack trace from previous location ---
fail: NoviVovi.Api.Infrastructure.GlobalExceptionHandler[0]
      я┐╜роия┐╜я┐╜шла я┐╜я┐╜я┐╜я┐╜рабя┐╜таня┐╜я┐╜я┐╜ я┐╜шибя┐╜я┐╜: я┐╜я┐╜я┐╜соня┐╜я┐╜ '9d3d80bc-e691-467c-9067-51d1b2fdaa7a' я┐╜я┐╜ я┐╜я┐╜я┐╜я┐╜я┐╜я┐╜
      NoviVovi.Application.Common.Exceptions.NotFoundException: я┐╜я┐╜я┐╜соня┐╜я┐╜ '9d3d80bc-e691-467c-9067-51d1b2fdaa7a' я┐╜я┐╜ я┐╜я┐╜я┐╜я┐╜я┐╜я┐╜
         at NoviVovi.Application.Characters.Features.Get.GetCharacterHandler.Handle(GetCharacterQuery request, CancellationToken ct) in D:\Git\NoviVovi\backend\NoviVovi.Application\Characters\Features\Get\GetCharacter.cs:line 24
         at NoviVovi.Api.Characters.Controllers.CharactersController.Get(Guid novelId, Guid characterId) in D:\Git\NoviVovi\backend\NoviVovi.Api\Characters\Controllers\CharactersController.cs:line 40
         at lambda_method142(Closure, Object)
         at Microsoft.AspNetCore.Mvc.Infrastructure.ActionMethodExecutor.AwaitableObjectResultExecutor.Execute(ActionContext actionContext, IActionResultTypeMapper mapper, ObjectMethodExecutor executor, Object controller, Object[] arguments)
         at Microsoft.AspNetCore.Mvc.Infrastructure.ControllerActionInvoker.<InvokeActionMethodAsync>g__Awaited|12_0(ControllerActionInvoker invoker, ValueTask`1 actionResultValueTask)
         at Microsoft.AspNetCore.Mvc.Infrastructure.ControllerActionInvoker.<InvokeNextActionFilterAsync>g__Awaited|10_0(ControllerActionInvoker invoker, Task lastTask, State next, Scope scope, Object state, Boolean isCompleted)
         at Microsoft.AspNetCore.Mvc.Infrastructure.ControllerActionInvoker.Rethrow(ActionExecutedContextSealed context)
         at Microsoft.AspNetCore.Mvc.Infrastructure.ControllerActionInvoker.Next(State& next, Scope& scope, Object& state, Boolean& isCompleted)
         at Microsoft.AspNetCore.Mvc.Infrastructure.ControllerActionInvoker.<InvokeInnerFilterAsync>g__Awaited|13_0(ControllerActionInvoker invoker, Task lastTask, State next, Scope scope, Object state, Boolean isCompleted)
         at Microsoft.AspNetCore.Mvc.Infrastructure.ResourceInvoker.<InvokeFilterPipelineAsync>g__Awaited|20_0(ResourceInvoker invoker, Task lastTask, State next, Scope scope, Object state, Boolean isCompleted)
         at Microsoft.AspNetCore.Mvc.Infrastructure.ResourceInvoker.<InvokeAsync>g__Awaited|17_0(ResourceInvoker invoker, Task task, IDisposable scope)
         at Microsoft.AspNetCore.Mvc.Infrastructure.ResourceInvoker.<InvokeAsync>g__Awaited|17_0(ResourceInvoker invoker, Task task, IDisposable scope)
         at Microsoft.AspNetCore.Authorization.AuthorizationMiddleware.Invoke(HttpContext context)
         at Microsoft.AspNetCore.Authentication.AuthenticationMiddleware.Invoke(HttpContext context)
         at Microsoft.AspNetCore.Diagnostics.ExceptionHandlerMiddlewareImpl.<Invoke>g__Awaited|10_0(ExceptionHandlerMiddlewareImpl middleware, HttpContext context, Task task)
fail: NoviVovi.Api.Infrastructure.GlobalExceptionHandler[0]
      я┐╜роия┐╜я┐╜шла я┐╜я┐╜я┐╜я┐╜рабя┐╜таня┐╜я┐╜я┐╜ я┐╜шибя┐╜я┐╜: Name cannot be empty
      NoviVovi.Domain.Common.DomainException: Name cannot be empty
         at NoviVovi.Domain.Characters.Character.Create(String name, Guid novelId, Color nameColorHex, String description) in D:\Git\NoviVovi\backend\NoviVovi.Domain\Characters\Character.cs:line 27
         at NoviVovi.Application.Characters.Features.Add.AddCharacterHandler.Handle(AddCharacterCommand request, CancellationToken ct) in D:\Git\NoviVovi\backend\NoviVovi.Application\Characters\Features\Add\AddCharacter.cs:line 41
         at NoviVovi.Application.Characters.Features.Add.AddCharacterHandler.Handle(AddCharacterCommand request, CancellationToken ct) in D:\Git\NoviVovi\backend\NoviVovi.Application\Characters\Features\Add\AddCharacter.cs:line 56
         at NoviVovi.Api.Characters.Controllers.CharactersController.Add(Guid novelId, AddCharacterRequest request) in D:\Git\NoviVovi\backend\NoviVovi.Api\Characters\Controllers\CharactersController.cs:line 29
         at lambda_method125(Closure, Object)
         at Microsoft.AspNetCore.Mvc.Infrastructure.ActionMethodExecutor.AwaitableObjectResultExecutor.Execute(ActionContext actionContext, IActionResultTypeMapper mapper, ObjectMethodExecutor executor, Object controller, Object[] arguments)
         at Microsoft.AspNetCore.Mvc.Infrastructure.ControllerActionInvoker.<InvokeActionMethodAsync>g__Awaited|12_0(ControllerActionInvoker invoker, ValueTask`1 actionResultValueTask)
         at Microsoft.AspNetCore.Mvc.Infrastructure.ControllerActionInvoker.<InvokeNextActionFilterAsync>g__Awaited|10_0(ControllerActionInvoker invoker, Task lastTask, State next, Scope scope, Object state, Boolean isCompleted)
         at Microsoft.AspNetCore.Mvc.Infrastructure.ControllerActionInvoker.Rethrow(ActionExecutedContextSealed context)
         at Microsoft.AspNetCore.Mvc.Infrastructure.ControllerActionInvoker.Next(State& next, Scope& scope, Object& state, Boolean& isCompleted)
         at Microsoft.AspNetCore.Mvc.Infrastructure.ControllerActionInvoker.<InvokeInnerFilterAsync>g__Awaited|13_0(ControllerActionInvoker invoker, Task lastTask, State next, Scope scope, Object state, Boolean isCompleted)
         at Microsoft.AspNetCore.Mvc.Infrastructure.ResourceInvoker.<InvokeFilterPipelineAsync>g__Awaited|20_0(ResourceInvoker invoker, Task lastTask, State next, Scope scope, Object state, Boolean isCompleted)
         at Microsoft.AspNetCore.Mvc.Infrastructure.ResourceInvoker.<InvokeAsync>g__Awaited|17_0(ResourceInvoker invoker, Task task, IDisposable scope)
         at Microsoft.AspNetCore.Mvc.Infrastructure.ResourceInvoker.<InvokeAsync>g__Awaited|17_0(ResourceInvoker invoker, Task task, IDisposable scope)
         at Microsoft.AspNetCore.Authorization.AuthorizationMiddleware.Invoke(HttpContext context)
         at Microsoft.AspNetCore.Authentication.AuthenticationMiddleware.Invoke(HttpContext context)
         at Microsoft.AspNetCore.Diagnostics.ExceptionHandlerMiddlewareImpl.<Invoke>g__Awaited|10_0(ExceptionHandlerMiddlewareImpl middleware, HttpContext context, Task task)
  ╨Э╨╡ ╨┐╤А╨╛╨╣╨┤╨╡╨╜ NoviVovi.Api.Tests.Characters.CharactersControllerTests.DeleteCharacter_NonExistingId_ReturnsNotFound [26 ms]
  ╨б╨╛╨╛╨▒╤Й╨╡╨╜╨╕╨╡ ╨╛╨▒ ╨╛╤И╨╕╨▒╨║╨╡:
   Assert.Equal() Failure: Values differ
Expected: NotFound
Actual:   UnprocessableEntity
  ╨в╤А╨░╤Б╤Б╨╕╤А╨╛╨▓╨║╨░ ╤Б╤В╨╡╨║╨░:
     at NoviVovi.Api.Tests.Characters.CharactersControllerTests.DeleteCharacter_NonExistingId_ReturnsNotFound() in D:\Git\NoviVovi\tests\NoviVovi.Api.Tests\Characters\CharactersControllerTests.cs:line 254
--- End of stack trace from previous location ---
  ╨Э╨╡ ╨┐╤А╨╛╨╣╨┤╨╡╨╜ NoviVovi.Api.Tests.Characters.CharactersControllerTests.AddCharacter_ValidRequest_ReturnsCreatedCharacter [31 ms]
  ╨б╨╛╨╛╨▒╤Й╨╡╨╜╨╕╨╡ ╨╛╨▒ ╨╛╤И╨╕╨▒╨║╨╡:
   Assert.Equal() Failure: Strings differ
           тЖУ (pos 0)
Expected: "FF5733"
Actual:   "#FF5733"
           тЖС (pos 0)
  ╨в╤А╨░╤Б╤Б╨╕╤А╨╛╨▓╨║╨░ ╤Б╤В╨╡╨║╨░:
     at NoviVovi.Api.Tests.Characters.CharactersControllerTests.AddCharacter_ValidRequest_ReturnsCreatedCharacter() in D:\Git\NoviVovi\tests\NoviVovi.Api.Tests\Characters\CharactersControllerTests.cs:line 35
--- End of stack trace from previous location ---
  ╨Я╤А╨╛╨╣╨┤╨╡╨╜ NoviVovi.Api.Tests.Characters.CharactersControllerTests.GetCharacter_NonExistingId_ReturnsNotFound [18 ms]
  ╨Я╤А╨╛╨╣╨┤╨╡╨╜ NoviVovi.Api.Tests.Characters.CharactersControllerTests.AddCharacter_EmptyName_ReturnsUnprocessableEntity [21 ms]
[xUnit.net 00:00:26.79]       Assert.Equal() Failure: Strings differ
[xUnit.net 00:00:26.79]                  тЖУ (pos 0)
[xUnit.net 00:00:26.79]       Expected: "FF5733"
[xUnit.net 00:00:26.79]       Actual:   "#FF5733"
[xUnit.net 00:00:26.79]     NoviVovi.Api.Tests.Characters.CharactersControllerTests.GetCharacter_ExistingId_ReturnsChar
acter [FAIL]
[xUnit.net 00:00:26.79]                  тЖС (pos 0)
[xUnit.net 00:00:26.79]       Stack Trace:
[xUnit.net 00:00:26.79]         D:\Git\NoviVovi\tests\NoviVovi.Api.Tests\Characters\CharactersControllerTests.cs(107,0): at NoviVovi.Api.Tests.Characters.CharactersControllerTests.GetCharacter_ExistingId_ReturnsCharacter()
[xUnit.net 00:00:26.79]         --- End of stack trace from previous location ---
  ╨Я╤А╨╛╨╣╨┤╨╡╨╜ NoviVovi.Api.Tests.Characters.CharactersControllerTests.GetAllCharacters_ReturnsAllCharactersForNovel [38 ms]
  ╨Э╨╡ ╨┐╤А╨╛╨╣╨┤╨╡╨╜ NoviVovi.Api.Tests.Characters.CharactersControllerTests.GetCharacter_ExistingId_ReturnsCharacter [17 ms]
  ╨б╨╛╨╛╨▒╤Й╨╡╨╜╨╕╨╡ ╨╛╨▒ ╨╛╤И╨╕╨▒╨║╨╡:
   Assert.Equal() Failure: Strings differ
           тЖУ (pos 0)
Expected: "FF5733"
Actual:   "#FF5733"
           тЖС (pos 0)
  ╨в╤А╨░╤Б╤Б╨╕╤А╨╛╨▓╨║╨░ ╤Б╤В╨╡╨║╨░:
     at NoviVovi.Api.Tests.Characters.CharactersControllerTests.GetCharacter_ExistingId_ReturnsCharacter() in D:\Git\NoviVovi\tests\NoviVovi.Api.Tests\Characters\CharactersControllerTests.cs:line 107
--- End of stack trace from previous location ---
fail: NoviVovi.Api.Infrastructure.GlobalExceptionHandler[0]
      я┐╜роия┐╜я┐╜шла я┐╜я┐╜я┐╜я┐╜рабя┐╜таня┐╜я┐╜я┐╜ я┐╜шибя┐╜я┐╜: я┐╜я┐╜я┐╜соня┐╜я┐╜ '36ec1772-6871-4ad4-921f-e86d44986a72' я┐╜я┐╜ я┐╜я┐╜я┐╜я┐╜я┐╜я┐╜
      NoviVovi.Application.Common.Exceptions.NotFoundException: я┐╜я┐╜я┐╜соня┐╜я┐╜ '36ec1772-6871-4ad4-921f-e86d44986a72' я┐╜я┐╜ я┐╜я┐╜я┐╜я┐╜я┐╜я┐╜
         at NoviVovi.Application.Characters.Features.Patch.PatchCharacterHandler.Handle(PatchCharacterCommand request, CancellationToken ct) in D:\Git\NoviVovi\backend\NoviVovi.Application\Characters\Features\Patch\PatchCharacter.cs:line 36
         at NoviVovi.Application.Characters.Features.Patch.PatchCharacterHandler.Handle(PatchCharacterCommand request, CancellationToken ct) in D:\Git\NoviVovi\backend\NoviVovi.Application\Characters\Features\Patch\PatchCharacter.cs:line 61
         at NoviVovi.Api.Characters.Controllers.CharactersController.Patch(Guid novelId, Guid characterId, PatchCharacterRequest request) in D:\Git\NoviVovi\backend\NoviVovi.Api\Characters\Controllers\CharactersController.cs:line 64
         at lambda_method158(Closure, Object)
         at Microsoft.AspNetCore.Mvc.Infrastructure.ActionMethodExecutor.AwaitableObjectResultExecutor.Execute(ActionContext actionContext, IActionResultTypeMapper mapper, ObjectMethodExecutor executor, Object controller, Object[] arguments)
         at Microsoft.AspNetCore.Mvc.Infrastructure.ControllerActionInvoker.<InvokeActionMethodAsync>g__Awaited|12_0(ControllerActionInvoker invoker, ValueTask`1 actionResultValueTask)
         at Microsoft.AspNetCore.Mvc.Infrastructure.ControllerActionInvoker.<InvokeNextActionFilterAsync>g__Awaited|10_0(ControllerActionInvoker invoker, Task lastTask, State next, Scope scope, Object state, Boolean isCompleted)
         at Microsoft.AspNetCore.Mvc.Infrastructure.ControllerActionInvoker.Rethrow(ActionExecutedContextSealed context)
         at Microsoft.AspNetCore.Mvc.Infrastructure.ControllerActionInvoker.Next(State& next, Scope& scope, Object& state, Boolean& isCompleted)
         at Microsoft.AspNetCore.Mvc.Infrastructure.ControllerActionInvoker.<InvokeInnerFilterAsync>g__Awaited|13_0(ControllerActionInvoker invoker, Task lastTask, State next, Scope scope, Object state, Boolean isCompleted)
         at Microsoft.AspNetCore.Mvc.Infrastructure.ResourceInvoker.<InvokeFilterPipelineAsync>g__Awaited|20_0(ResourceInvoker invoker, Task lastTask, State next, Scope scope, Object state, Boolean isCompleted)
         at Microsoft.AspNetCore.Mvc.Infrastructure.ResourceInvoker.<InvokeAsync>g__Awaited|17_0(ResourceInvoker invoker, Task task, IDisposable scope)
         at Microsoft.AspNetCore.Mvc.Infrastructure.ResourceInvoker.<InvokeAsync>g__Awaited|17_0(ResourceInvoker invoker, Task task, IDisposable scope)
         at Microsoft.AspNetCore.Authorization.AuthorizationMiddleware.Invoke(HttpContext context)
         at Microsoft.AspNetCore.Authentication.AuthenticationMiddleware.Invoke(HttpContext context)
         at Microsoft.AspNetCore.Diagnostics.ExceptionHandlerMiddlewareImpl.<Invoke>g__Awaited|10_0(ExceptionHandlerMiddlewareImpl middleware, HttpContext context, Task task)
  ╨Я╤А╨╛╨╣╨┤╨╡╨╜ NoviVovi.Api.Tests.Characters.CharactersControllerTests.PatchCharacter_NonExistingId_ReturnsNotFound [76 ms]
  ╨Я╤А╨╛╨╣╨┤╨╡╨╜ NoviVovi.Api.Tests.Characters.CharactersControllerTests.GetAllCharacters_DifferentNovels_ReturnsOnlyNovelCharacters [29 ms]
[xUnit.net 00:00:30.21]     NoviVovi.Api.Tests.Characters.CharactersControllerTests.PatchCharacter_ValidRequest_Updates
Character [FAIL]
[xUnit.net 00:00:30.21]       Assert.Equal() Failure: Strings differ
[xUnit.net 00:00:30.21]                  тЖУ (pos 0)
[xUnit.net 00:00:30.21]       Expected: "00FF00"
[xUnit.net 00:00:30.21]       Actual:   "#00FF00"
[xUnit.net 00:00:30.21]                  тЖС (pos 0)
[xUnit.net 00:00:30.21]       Stack Trace:
[xUnit.net 00:00:30.21]         D:\Git\NoviVovi\tests\NoviVovi.Api.Tests\Characters\CharactersControllerTests.cs(191,0): at NoviVovi.Api.Tests.Characters.CharactersControllerTests.PatchCharacter_ValidRequest_UpdatesCharacter()
[xUnit.net 00:00:30.21]         --- End of stack trace from previous location ---
fail: NoviVovi.Api.Infrastructure.GlobalExceptionHandler[0]
      я┐╜роия┐╜я┐╜шла я┐╜я┐╜я┐╜я┐╜рабя┐╜таня┐╜я┐╜я┐╜ я┐╜шибя┐╜я┐╜: я┐╜я┐╜я┐╜соня┐╜я┐╜ 'c11e4a1d-1f96-4ae8-ada1-15f59e3cf821' я┐╜я┐╜ я┐╜я┐╜я┐╜я┐╜я┐╜я┐╜
      NoviVovi.Application.Common.Exceptions.NotFoundException: я┐╜я┐╜я┐╜соня┐╜я┐╜ 'c11e4a1d-1f96-4ae8-ada1-15f59e3cf821' я┐╜я┐╜ я┐╜я┐╜я┐╜я┐╜я┐╜я┐╜
         at NoviVovi.Application.Characters.Features.Get.GetCharacterHandler.Handle(GetCharacterQuery request, CancellationToken ct) in D:\Git\NoviVovi\backend\NoviVovi.Application\Characters\Features\Get\GetCharacter.cs:line 24
         at NoviVovi.Api.Characters.Controllers.CharactersController.Get(Guid novelId, Guid characterId) in D:\Git\NoviVovi\backend\NoviVovi.Api\Characters\Controllers\CharactersController.cs:line 40
         at lambda_method142(Closure, Object)
         at Microsoft.AspNetCore.Mvc.Infrastructure.ActionMethodExecutor.AwaitableObjectResultExecutor.Execute(ActionContext actionContext, IActionResultTypeMapper mapper, ObjectMethodExecutor executor, Object controller, Object[] arguments)
         at Microsoft.AspNetCore.Mvc.Infrastructure.ControllerActionInvoker.<InvokeActionMethodAsync>g__Awaited|12_0(ControllerActionInvoker invoker, ValueTask`1 actionResultValueTask)
         at Microsoft.AspNetCore.Mvc.Infrastructure.ControllerActionInvoker.<InvokeNextActionFilterAsync>g__Awaited|10_0(ControllerActionInvoker invoker, Task lastTask, State next, Scope scope, Object state, Boolean isCompleted)
         at Microsoft.AspNetCore.Mvc.Infrastructure.ControllerActionInvoker.Rethrow(ActionExecutedContextSealed context)
         at Microsoft.AspNetCore.Mvc.Infrastructure.ControllerActionInvoker.Next(State& next, Scope& scope, Object& state, Boolean& isCompleted)
         at Microsoft.AspNetCore.Mvc.Infrastructure.ControllerActionInvoker.<InvokeInnerFilterAsync>g__Awaited|13_0(ControllerActionInvoker invoker, Task lastTask, State next, Scope scope, Object state, Boolean isCompleted)
         at Microsoft.AspNetCore.Mvc.Infrastructure.ResourceInvoker.<InvokeFilterPipelineAsync>g__Awaited|20_0(ResourceInvoker invoker, Task lastTask, State next, Scope scope, Object state, Boolean isCompleted)
         at Microsoft.AspNetCore.Mvc.Infrastructure.ResourceInvoker.<InvokeAsync>g__Awaited|17_0(ResourceInvoker invoker, Task task, IDisposable scope)
         at Microsoft.AspNetCore.Mvc.Infrastructure.ResourceInvoker.<InvokeAsync>g__Awaited|17_0(ResourceInvoker invoker, Task task, IDisposable scope)
         at Microsoft.AspNetCore.Authorization.AuthorizationMiddleware.Invoke(HttpContext context)
         at Microsoft.AspNetCore.Authentication.AuthenticationMiddleware.Invoke(HttpContext context)
         at Microsoft.AspNetCore.Diagnostics.ExceptionHandlerMiddlewareImpl.<Invoke>g__Awaited|10_0(ExceptionHandlerMiddlewareImpl middleware, HttpContext context, Task task)
  ╨Э╨╡ ╨┐╤А╨╛╨╣╨┤╨╡╨╜ NoviVovi.Api.Tests.Characters.CharactersControllerTests.PatchCharacter_ValidRequest_UpdatesCharacter [19 ms]
  ╨б╨╛╨╛╨▒╤Й╨╡╨╜╨╕╨╡ ╨╛╨▒ ╨╛╤И╨╕╨▒╨║╨╡:
   Assert.Equal() Failure: Strings differ
           тЖУ (pos 0)
Expected: "00FF00"
Actual:   "#00FF00"
           тЖС (pos 0)
  ╨в╤А╨░╤Б╤Б╨╕╤А╨╛╨▓╨║╨░ ╤Б╤В╨╡╨║╨░:
     at NoviVovi.Api.Tests.Characters.CharactersControllerTests.PatchCharacter_ValidRequest_UpdatesCharacter() in D:\Git\NoviVovi\tests\NoviVovi.Api.Tests\Characters\CharactersControllerTests.cs:line 191
--- End of stack trace from previous location ---
  ╨Я╤А╨╛╨╣╨┤╨╡╨╜ NoviVovi.Api.Tests.Characters.CharactersControllerTests.DeleteCharacter_ExistingId_DeletesCharacter [60 ms]
fail: NoviVovi.Api.Infrastructure.GlobalExceptionHandler[0]
      я┐╜роия┐╜я┐╜шла я┐╜я┐╜я┐╜я┐╜рабя┐╜таня┐╜я┐╜я┐╜ я┐╜шибя┐╜я┐╜: Invalid character state
      System.ArgumentException: Invalid character state
         at NoviVovi.Infrastructure.Mappers.CharacterMapper.ToDomain(CharacterStateDbO dbo) in D:\Git\NoviVovi\backend\NoviVovi.Infrastructure\Mappers\CharacterMapper.cs:line 65
         at NoviVovi.Infrastructure.Mappers.CharacterMapper.ToDomain(CharacterDbO dbo) in D:\Git\NoviVovi\backend\NoviVovi.Infrastructure\Mappers\CharacterMapper.cs:line 19
         at NoviVovi.Infrastructure.Mappers.NovelMapper.ToDomain(NovelDbO dbo) in D:\Git\NoviVovi\backend\NoviVovi.Infrastructure\Mappers\NovelMapper.cs:line 27
         at NoviVovi.Infrastructure.Repositories.NovelRepository.GetByIdAsync(Guid id, CancellationToken ct) in D:\Git\NoviVovi\backend\NoviVovi.Infrastructure\Repositories\NovelRepository.cs:line 16
         at NoviVovi.Application.Characters.Features.Delete.DeleteCharacterHandler.Handle(DeleteCharacterCommand request, CancellationToken ct) in D:\Git\NoviVovi\backend\NoviVovi.Application\Characters\Features\Delete\DeleteCharacter.cs:line 28
         at NoviVovi.Application.Characters.Features.Delete.DeleteCharacterHandler.Handle(DeleteCharacterCommand request, CancellationToken ct) in D:\Git\NoviVovi\backend\NoviVovi.Application\Characters\Features\Delete\DeleteCharacter.cs:line 45
         at MediatR.Wrappers.RequestHandlerWrapperImpl`1.<>c__DisplayClass1_0.<<Handle>g__Handler|0>d.MoveNext()
      --- End of stack trace from previous location ---
         at NoviVovi.Api.Characters.Controllers.CharactersController.Delete(Guid novelId, Guid characterId) in D:\Git\NoviVovi\backend\NoviVovi.Api\Characters\Controllers\CharactersController.cs:line 75
         at Microsoft.AspNetCore.Mvc.Infrastructure.ActionMethodExecutor.TaskOfIActionResultExecutor.Execute(ActionContext actionContext, IActionResultTypeMapper mapper, ObjectMethodExecutor executor, Object controller, Object[] arguments)
         at Microsoft.AspNetCore.Mvc.Infrastructure.ControllerActionInvoker.<InvokeActionMethodAsync>g__Awaited|12_0(ControllerActionInvoker invoker, ValueTask`1 actionResultValueTask)
         at Microsoft.AspNetCore.Mvc.Infrastructure.ControllerActionInvoker.<InvokeNextActionFilterAsync>g__Awaited|10_0(ControllerActionInvoker invoker, Task lastTask, State next, Scope scope, Object state, Boolean isCompleted)
         at Microsoft.AspNetCore.Mvc.Infrastructure.ControllerActionInvoker.Rethrow(ActionExecutedContextSealed context)
         at Microsoft.AspNetCore.Mvc.Infrastructure.ControllerActionInvoker.Next(State& next, Scope& scope, Object& state, Boolean& isCompleted)
         at Microsoft.AspNetCore.Mvc.Infrastructure.ControllerActionInvoker.<InvokeInnerFilterAsync>g__Awaited|13_0(ControllerActionInvoker invoker, Task lastTask, State next, Scope scope, Object state, Boolean isCompleted)
         at Microsoft.AspNetCore.Mvc.Infrastructure.ResourceInvoker.<InvokeFilterPipelineAsync>g__Awaited|20_0(ResourceInvoker invoker, Task lastTask, State next, Scope scope, Object state, Boolean isCompleted)
         at Microsoft.AspNetCore.Mvc.Infrastructure.ResourceInvoker.<InvokeAsync>g__Awaited|17_0(ResourceInvoker invoker, Task task, IDisposable scope)
         at Microsoft.AspNetCore.Mvc.Infrastructure.ResourceInvoker.<InvokeAsync>g__Awaited|17_0(ResourceInvoker invoker, Task task, IDisposable scope)
         at Microsoft.AspNetCore.Authorization.AuthorizationMiddleware.Invoke(HttpContext context)
         at Microsoft.AspNetCore.Authentication.AuthenticationMiddleware.Invoke(HttpContext context)
         at Microsoft.AspNetCore.Diagnostics.ExceptionHandlerMiddlewareImpl.<Invoke>g__Awaited|10_0(ExceptionHandlerMiddlewareImpl middleware, HttpContext context, Task task)
[xUnit.net 00:00:31.74]     NoviVovi.Api.Tests.Characters.CharactersControllerTests.DeleteCharacter_CascadeDeletesChara
cterStates [FAIL]
[xUnit.net 00:00:31.74]       System.Net.Http.HttpRequestException : Response status code does not indicate success: 500 (Internal Server Error).
[xUnit.net 00:00:31.74]       Stack Trace:
[xUnit.net 00:00:31.74]            at System.Net.Http.HttpResponseMessage.EnsureSuccessStatusCode()
[xUnit.net 00:00:31.74]         D:\Git\NoviVovi\tests\NoviVovi.Api.Tests\Infrastructure\IntegrationTestBase.cs(74,0): at NoviVovi.Api.Tests.Infrastructure.IntegrationTestBase.DeleteAsync(String url)
[xUnit.net 00:00:31.74]         D:\Git\NoviVovi\tests\NoviVovi.Api.Tests\Characters\CharactersControllerTests.cs(278,0): at NoviVovi.Api.Tests.Characters.CharactersControllerTests.DeleteCharacter_CascadeDeletesCharacterStates()
[xUnit.net 00:00:31.74]         --- End of stack trace from previous location ---
  ╨Э╨╡ ╨┐╤А╨╛╨╣╨┤╨╡╨╜ NoviVovi.Api.Tests.Characters.CharactersControllerTests.DeleteCharacter_CascadeDeletesCharacterStates [34 ms]
  ╨б╨╛╨╛╨▒╤Й╨╡╨╜╨╕╨╡ ╨╛╨▒ ╨╛╤И╨╕╨▒╨║╨╡:
   System.Net.Http.HttpRequestException : Response status code does not indicate success: 500 (Internal Server Error).
  ╨в╤А╨░╤Б╤Б╨╕╤А╨╛╨▓╨║╨░ ╤Б╤В╨╡╨║╨░:
     at System.Net.Http.HttpResponseMessage.EnsureSuccessStatusCode()
   at NoviVovi.Api.Tests.Infrastructure.IntegrationTestBase.DeleteAsync(String url) in D:\Git\NoviVovi\tests\NoviVovi.Api.Tests\Infrastructure\IntegrationTestBase.cs:line 74
   at NoviVovi.Api.Tests.Characters.CharactersControllerTests.DeleteCharacter_CascadeDeletesCharacterStates() in D:\Git\NoviVovi\tests\NoviVovi.Api.Tests\Characters\CharactersControllerTests.cs:line 278
--- End of stack trace from previous location ---
info: Microsoft.Hosting.Lifetime[0]
      Application is shutting down...
info: Microsoft.Hosting.Lifetime[0]
      Application started. Press Ctrl+C to shut down.
info: Microsoft.Hosting.Lifetime[0]
      Hosting environment: Testing
info: Microsoft.Hosting.Lifetime[0]
      Content root path: D:\Git\NoviVovi\backend\NoviVovi.Api
warn: Microsoft.AspNetCore.HttpsPolicy.HttpsRedirectionMiddleware[3]
      Failed to determine the https port for redirect.
[xUnit.net 00:00:49.22]     NoviVovi.Api.Tests.Images.ImagesControllerTests.InitiateUpload_InvalidFormat_ReturnsUnproce
ssableEntity [FAIL]
[xUnit.net 00:00:49.22]       Assert.Equal() Failure: Values differ
[xUnit.net 00:00:49.22]       Expected: UnprocessableEntity
[xUnit.net 00:00:49.22]       Actual:   NotFound
[xUnit.net 00:00:49.22]       Stack Trace:
[xUnit.net 00:00:49.22]         D:\Git\NoviVovi\tests\NoviVovi.Api.Tests\Images\ImagesControllerTests.cs(89,0): at NoviVovi.Api.Tests.Images.ImagesControllerTests.InitiateUpload_InvalidFormat_ReturnsUnprocessableEntity()
[xUnit.net 00:00:49.22]         --- End of stack trace from previous location ---
[xUnit.net 00:00:49.68]     NoviVovi.Api.Tests.Images.ImagesControllerTests.ConfirmUpload_ValidImageId_ConfirmsUpload [
FAIL]
[xUnit.net 00:00:49.68]       System.Net.Http.HttpRequestException : Response status code does not indicate success: 404 (Not Found).
[xUnit.net 00:00:49.68]       Stack Trace:
[xUnit.net 00:00:49.68]            at System.Net.Http.HttpResponseMessage.EnsureSuccessStatusCode()
[xUnit.net 00:00:49.68]         D:\Git\NoviVovi\tests\NoviVovi.Api.Tests\Infrastructure\IntegrationTestBase.cs(46,0): at NoviVovi.Api.Tests.Infrastructure.IntegrationTestBase.PostAsync[TResponse](String url, Object request)
[xUnit.net 00:00:49.68]         D:\Git\NoviVovi\tests\NoviVovi.Api.Tests\Images\ImagesControllerTests.cs(96,0): at NoviVovi.Api.Tests.Images.ImagesControllerTests.ConfirmUpload_ValidImageId_ConfirmsUpload()
[xUnit.net 00:00:49.68]         --- End of stack trace from previous location ---
  ╨Э╨╡ ╨┐╤А╨╛╨╣╨┤╨╡╨╜ NoviVovi.Api.Tests.Images.ImagesControllerTests.InitiateUpload_InvalidFormat_ReturnsUnprocessableEntity [40 ms]
  ╨б╨╛╨╛╨▒╤Й╨╡╨╜╨╕╨╡ ╨╛╨▒ ╨╛╤И╨╕╨▒╨║╨╡:
   Assert.Equal() Failure: Values differ
Expected: UnprocessableEntity
Actual:   NotFound
  ╨в╤А╨░╤Б╤Б╨╕╤А╨╛╨▓╨║╨░ ╤Б╤В╨╡╨║╨░:
     at NoviVovi.Api.Tests.Images.ImagesControllerTests.InitiateUpload_InvalidFormat_ReturnsUnprocessableEntity() in D:\Git\NoviVovi\tests\NoviVovi.Api.Tests\Images\ImagesControllerTests.cs:line 89
--- End of stack trace from previous location ---
  ╨Э╨╡ ╨┐╤А╨╛╨╣╨┤╨╡╨╜ NoviVovi.Api.Tests.Images.ImagesControllerTests.ConfirmUpload_ValidImageId_ConfirmsUpload [4 ms]
  ╨б╨╛╨╛╨▒╤Й╨╡╨╜╨╕╨╡ ╨╛╨▒ ╨╛╤И╨╕╨▒╨║╨╡:
   System.Net.Http.HttpRequestException : Response status code does not indicate success: 404 (Not Found).
  ╨в╤А╨░╤Б╤Б╨╕╤А╨╛╨▓╨║╨░ ╤Б╤В╨╡╨║╨░:
     at System.Net.Http.HttpResponseMessage.EnsureSuccessStatusCode()
   at NoviVovi.Api.Tests.Infrastructure.IntegrationTestBase.PostAsync[TResponse](String url, Object request) in D:\Git\NoviVovi\tests\NoviVovi.Api.Tests\Infrastructure\IntegrationTestBase.cs:line 46
   at NoviVovi.Api.Tests.Images.ImagesControllerTests.ConfirmUpload_ValidImageId_ConfirmsUpload() in D:\Git\NoviVovi\tests\NoviVovi.Api.Tests\Images\ImagesControllerTests.cs:line 96
--- End of stack trace from previous location ---
[xUnit.net 00:00:50.23]     NoviVovi.Api.Tests.Images.ImagesControllerTests.ImageWorkflow_CompleteFlow_WorksCorrectly [
FAIL]
[xUnit.net 00:00:50.23]       System.Net.Http.HttpRequestException : Response status code does not indicate success: 404 (Not Found).
[xUnit.net 00:00:50.23]       Stack Trace:
[xUnit.net 00:00:50.23]            at System.Net.Http.HttpResponseMessage.EnsureSuccessStatusCode()
[xUnit.net 00:00:50.23]         D:\Git\NoviVovi\tests\NoviVovi.Api.Tests\Infrastructure\IntegrationTestBase.cs(46,0): at NoviVovi.Api.Tests.Infrastructure.IntegrationTestBase.PostAsync[TResponse](String url, Object request)
[xUnit.net 00:00:50.23]         D:\Git\NoviVovi\tests\NoviVovi.Api.Tests\Images\ImagesControllerTests.cs(276,0): at NoviVovi.Api.Tests.Images.ImagesControllerTests.ImageWorkflow_CompleteFlow_WorksCorrectly()
[xUnit.net 00:00:50.23]         --- End of stack trace from previous location ---
[xUnit.net 00:00:50.65]       System.Net.Http.HttpRequestException : Response status code does not indicate success: 404 (Not Found).
[xUnit.net 00:00:50.65]       Stack Trace:
[xUnit.net 00:00:50.65]            at System.Net.Http.HttpResponseMessage.EnsureSuccessStatusCode()
[xUnit.net 00:00:50.65]         D:\Git\NoviVovi\tests\NoviVovi.Api.Tests\Infrastructure\IntegrationTestBase.cs(46,0): at NoviVovi.Api.Tests.Infrastructure.IntegrationTestBase.PostAsync[TResponse](String url, Object request)
[xUnit.net 00:00:50.65]         D:\Git\NoviVovi\tests\NoviVovi.Api.Tests\Images\ImagesControllerTests.cs(137,0): at NoviVovi.Api.Tests.Images.ImagesControllerTests.GetImage_ExistingId_ReturnsImage()
[xUnit.net 00:00:50.65]         --- End of stack trace from previous location ---
[xUnit.net 00:00:50.65]     NoviVovi.Api.Tests.Images.ImagesControllerTests.GetImage_ExistingId_ReturnsImage [FAIL]
  ╨Э╨╡ ╨┐╤А╨╛╨╣╨┤╨╡╨╜ NoviVovi.Api.Tests.Images.ImagesControllerTests.ImageWorkflow_CompleteFlow_WorksCorrectly [3 ms]
  ╨б╨╛╨╛╨▒╤Й╨╡╨╜╨╕╨╡ ╨╛╨▒ ╨╛╤И╨╕╨▒╨║╨╡:
   System.Net.Http.HttpRequestException : Response status code does not indicate success: 404 (Not Found).
  ╨в╤А╨░╤Б╤Б╨╕╤А╨╛╨▓╨║╨░ ╤Б╤В╨╡╨║╨░:
     at System.Net.Http.HttpResponseMessage.EnsureSuccessStatusCode()
   at NoviVovi.Api.Tests.Infrastructure.IntegrationTestBase.PostAsync[TResponse](String url, Object request) in D:\Git\NoviVovi\tests\NoviVovi.Api.Tests\Infrastructure\IntegrationTestBase.cs:line 46
   at NoviVovi.Api.Tests.Images.ImagesControllerTests.ImageWorkflow_CompleteFlow_WorksCorrectly() in D:\Git\NoviVovi\tests\NoviVovi.Api.Tests\Images\ImagesControllerTests.cs:line 276
--- End of stack trace from previous location ---
  ╨Э╨╡ ╨┐╤А╨╛╨╣╨┤╨╡╨╜ NoviVovi.Api.Tests.Images.ImagesControllerTests.GetImage_ExistingId_ReturnsImage [2 ms]
  ╨б╨╛╨╛╨▒╤Й╨╡╨╜╨╕╨╡ ╨╛╨▒ ╨╛╤И╨╕╨▒╨║╨╡:
   System.Net.Http.HttpRequestException : Response status code does not indicate success: 404 (Not Found).
  ╨в╤А╨░╤Б╤Б╨╕╤А╨╛╨▓╨║╨░ ╤Б╤В╨╡╨║╨░:
     at System.Net.Http.HttpResponseMessage.EnsureSuccessStatusCode()
   at NoviVovi.Api.Tests.Infrastructure.IntegrationTestBase.PostAsync[TResponse](String url, Object request) in D:\Git\NoviVovi\tests\NoviVovi.Api.Tests\Infrastructure\IntegrationTestBase.cs:line 46
   at NoviVovi.Api.Tests.Images.ImagesControllerTests.GetImage_ExistingId_ReturnsImage() in D:\Git\NoviVovi\tests\NoviVovi.Api.Tests\Images\ImagesControllerTests.cs:line 137
--- End of stack trace from previous location ---
  ╨Я╤А╨╛╨╣╨┤╨╡╨╜ NoviVovi.Api.Tests.Images.ImagesControllerTests.ConfirmUpload_NonExistingImageId_ReturnsNotFound [2 ms]
[xUnit.net 00:00:52.08]     NoviVovi.Api.Tests.Images.ImagesControllerTests.DeleteImage_ExistingId_DeletesImage [FAIL]
[xUnit.net 00:00:52.08]       System.Net.Http.HttpRequestException : Response status code does not indicate success: 404 (Not Found).
[xUnit.net 00:00:52.08]       Stack Trace:
[xUnit.net 00:00:52.08]            at System.Net.Http.HttpResponseMessage.EnsureSuccessStatusCode()
[xUnit.net 00:00:52.08]         D:\Git\NoviVovi\tests\NoviVovi.Api.Tests\Infrastructure\IntegrationTestBase.cs(46,0): at NoviVovi.Api.Tests.Infrastructure.IntegrationTestBase.PostAsync[TResponse](String url, Object request)
[xUnit.net 00:00:52.08]         D:\Git\NoviVovi\tests\NoviVovi.Api.Tests\Images\ImagesControllerTests.cs(230,0): at NoviVovi.Api.Tests.Images.ImagesControllerTests.DeleteImage_ExistingId_DeletesImage()
[xUnit.net 00:00:52.08]         --- End of stack trace from previous location ---
  ╨Э╨╡ ╨┐╤А╨╛╨╣╨┤╨╡╨╜ NoviVovi.Api.Tests.Images.ImagesControllerTests.DeleteImage_ExistingId_DeletesImage [2 ms]
  ╨б╨╛╨╛╨▒╤Й╨╡╨╜╨╕╨╡ ╨╛╨▒ ╨╛╤И╨╕╨▒╨║╨╡:
   System.Net.Http.HttpRequestException : Response status code does not indicate success: 404 (Not Found).
  ╨в╤А╨░╤Б╤Б╨╕╤А╨╛╨▓╨║╨░ ╤Б╤В╨╡╨║╨░:
     at System.Net.Http.HttpResponseMessage.EnsureSuccessStatusCode()
   at NoviVovi.Api.Tests.Infrastructure.IntegrationTestBase.PostAsync[TResponse](String url, Object request) in D:\Git\NoviVovi\tests\NoviVovi.Api.Tests\Infrastructure\IntegrationTestBase.cs:line 46
   at NoviVovi.Api.Tests.Images.ImagesControllerTests.DeleteImage_ExistingId_DeletesImage() in D:\Git\NoviVovi\tests\NoviVovi.Api.Tests\Images\ImagesControllerTests.cs:line 230
--- End of stack trace from previous location ---
[xUnit.net 00:00:53.27]     NoviVovi.Api.Tests.Images.ImagesControllerTests.InitiateUpload_EmptyName_ReturnsUnprocessab
leEntity [FAIL]
[xUnit.net 00:00:53.27]       Assert.Equal() Failure: Values differ
[xUnit.net 00:00:53.27]       Expected: UnprocessableEntity
[xUnit.net 00:00:53.27]       Actual:   NotFound
[xUnit.net 00:00:53.27]       Stack Trace:
[xUnit.net 00:00:53.27]         D:\Git\NoviVovi\tests\NoviVovi.Api.Tests\Images\ImagesControllerTests.cs(70,0): at NoviVovi.Api.Tests.Images.ImagesControllerTests.InitiateUpload_EmptyName_ReturnsUnprocessableEntity()
[xUnit.net 00:00:53.27]         --- End of stack trace from previous location ---
[xUnit.net 00:00:54.31]     NoviVovi.Api.Tests.Images.ImagesControllerTests.PatchImage_ValidRequest_UpdatesImage [FAIL]
[xUnit.net 00:00:54.31]       System.Net.Http.HttpRequestException : Response status code does not indicate success: 404 (Not Found).
[xUnit.net 00:00:54.31]       Stack Trace:
[xUnit.net 00:00:54.31]            at System.Net.Http.HttpResponseMessage.EnsureSuccessStatusCode()
[xUnit.net 00:00:54.31]         D:\Git\NoviVovi\tests\NoviVovi.Api.Tests\Infrastructure\IntegrationTestBase.cs(46,0): at NoviVovi.Api.Tests.Infrastructure.IntegrationTestBase.PostAsync[TResponse](String url, Object request)
[xUnit.net 00:00:54.31]         D:\Git\NoviVovi\tests\NoviVovi.Api.Tests\Images\ImagesControllerTests.cs(180,0): at NoviVovi.Api.Tests.Images.ImagesControllerTests.PatchImage_ValidRequest_UpdatesImage()
[xUnit.net 00:00:54.31]         --- End of stack trace from previous location ---
  ╨Э╨╡ ╨┐╤А╨╛╨╣╨┤╨╡╨╜ NoviVovi.Api.Tests.Images.ImagesControllerTests.InitiateUpload_EmptyName_ReturnsUnprocessableEntity [2 ms]
  ╨б╨╛╨╛╨▒╤Й╨╡╨╜╨╕╨╡ ╨╛╨▒ ╨╛╤И╨╕╨▒╨║╨╡:
   Assert.Equal() Failure: Values differ
Expected: UnprocessableEntity
Actual:   NotFound
  ╨в╤А╨░╤Б╤Б╨╕╤А╨╛╨▓╨║╨░ ╤Б╤В╨╡╨║╨░:
     at NoviVovi.Api.Tests.Images.ImagesControllerTests.InitiateUpload_EmptyName_ReturnsUnprocessableEntity() in D:\Git\NoviVovi\tests\NoviVovi.Api.Tests\Images\ImagesControllerTests.cs:line 70
--- End of stack trace from previous location ---
  ╨Э╨╡ ╨┐╤А╨╛╨╣╨┤╨╡╨╜ NoviVovi.Api.Tests.Images.ImagesControllerTests.PatchImage_ValidRequest_UpdatesImage [2 ms]
  ╨б╨╛╨╛╨▒╤Й╨╡╨╜╨╕╨╡ ╨╛╨▒ ╨╛╤И╨╕╨▒╨║╨╡:
   System.Net.Http.HttpRequestException : Response status code does not indicate success: 404 (Not Found).
  ╨в╤А╨░╤Б╤Б╨╕╤А╨╛╨▓╨║╨░ ╤Б╤В╨╡╨║╨░:
     at System.Net.Http.HttpResponseMessage.EnsureSuccessStatusCode()
   at NoviVovi.Api.Tests.Infrastructure.IntegrationTestBase.PostAsync[TResponse](String url, Object request) in D:\Git\NoviVovi\tests\NoviVovi.Api.Tests\Infrastructure\IntegrationTestBase.cs:line 46
   at NoviVovi.Api.Tests.Images.ImagesControllerTests.PatchImage_ValidRequest_UpdatesImage() in D:\Git\NoviVovi\tests\NoviVovi.Api.Tests\Images\ImagesControllerTests.cs:line 180
--- End of stack trace from previous location ---
  ╨Я╤А╨╛╨╣╨┤╨╡╨╜ NoviVovi.Api.Tests.Images.ImagesControllerTests.GetImage_NonExistingId_ReturnsNotFound [1 ms]
warn: LuckyPennySoftware.MediatR.License[0]
      You do not have a valid license key for the Lucky Penny software MediatR. This is allowed for development and testing scenarios. If you are running in production you are required to have a licensed version. Please visit https://luckypennysoftware.com to obtain a valid license.
[xUnit.net 00:00:59.39]     NoviVovi.Api.Tests.Images.ImagesControllerTests.InitiateUpload_ValidRequest_ReturnsUploadIn
fo [FAIL]
[xUnit.net 00:00:59.39]       System.Net.Http.HttpRequestException : Response status code does not indicate success: 404 (Not Found).
[xUnit.net 00:00:59.39]       Stack Trace:
[xUnit.net 00:00:59.39]            at System.Net.Http.HttpResponseMessage.EnsureSuccessStatusCode()
[xUnit.net 00:00:59.39]         D:\Git\NoviVovi\tests\NoviVovi.Api.Tests\Infrastructure\IntegrationTestBase.cs(46,0): at NoviVovi.Api.Tests.Infrastructure.IntegrationTestBase.PostAsync[TResponse](String url, Object request)
[xUnit.net 00:00:59.39]         D:\Git\NoviVovi\tests\NoviVovi.Api.Tests\Images\ImagesControllerTests.cs(36,0): at NoviVovi.Api.Tests.Images.ImagesControllerTests.InitiateUpload_ValidRequest_ReturnsUploadInfo()
[xUnit.net 00:00:59.39]         --- End of stack trace from previous location ---
  ╨Э╨╡ ╨┐╤А╨╛╨╣╨┤╨╡╨╜ NoviVovi.Api.Tests.Images.ImagesControllerTests.InitiateUpload_ValidRequest_ReturnsUploadInfo [19 ms]
  ╨б╨╛╨╛╨▒╤Й╨╡╨╜╨╕╨╡ ╨╛╨▒ ╨╛╤И╨╕╨▒╨║╨╡:
   System.Net.Http.HttpRequestException : Response status code does not indicate success: 404 (Not Found).
  ╨в╤А╨░╤Б╤Б╨╕╤А╨╛╨▓╨║╨░ ╤Б╤В╨╡╨║╨░:
     at System.Net.Http.HttpResponseMessage.EnsureSuccessStatusCode()
   at NoviVovi.Api.Tests.Infrastructure.IntegrationTestBase.PostAsync[TResponse](String url, Object request) in D:\Git\NoviVovi\tests\NoviVovi.Api.Tests\Infrastructure\IntegrationTestBase.cs:line 46
   at NoviVovi.Api.Tests.Images.ImagesControllerTests.InitiateUpload_ValidRequest_ReturnsUploadInfo() in D:\Git\NoviVovi\tests\NoviVovi.Api.Tests\Images\ImagesControllerTests.cs:line 36
--- End of stack trace from previous location ---
  ╨Я╤А╨╛╨╣╨┤╨╡╨╜ NoviVovi.Api.Tests.Images.ImagesControllerTests.DeleteImage_NonExistingId_ReturnsNotFound [1 ms]
  ╨Я╤А╨╛╨╣╨┤╨╡╨╜ NoviVovi.Api.Tests.Images.ImagesControllerTests.PatchImage_NonExistingId_ReturnsNotFound [5 ms]
info: Microsoft.Hosting.Lifetime[0]
      Application is shutting down...
info: Microsoft.Hosting.Lifetime[0]
      Application started. Press Ctrl+C to shut down.
info: Microsoft.Hosting.Lifetime[0]
      Hosting environment: Testing
info: Microsoft.Hosting.Lifetime[0]
      Content root path: D:\Git\NoviVovi\backend\NoviVovi.Api
warn: Microsoft.AspNetCore.HttpsPolicy.HttpsRedirectionMiddleware[3]
      Failed to determine the https port for redirect.
warn: LuckyPennySoftware.MediatR.License[0]
      You do not have a valid license key for the Lucky Penny software MediatR. This is allowed for development and testing scenarios. If you are running in production you are required to have a licensed version. Please visit https://luckypennysoftware.com to obtain a valid license.
fail: NoviVovi.Api.Infrastructure.GlobalExceptionHandler[0]
      я┐╜роия┐╜я┐╜шла я┐╜я┐╜я┐╜я┐╜рабя┐╜таня┐╜я┐╜я┐╜ я┐╜шибя┐╜я┐╜: я┐╜я┐╜я┐╜я┐╜я┐╜я┐╜я┐╜ 'f92883da-0b3d-48fe-938b-3e2c416228ab' я┐╜я┐╜ я┐╜я┐╜я┐╜я┐╜я┐╜я┐╜я┐╜
      NoviVovi.Application.Common.Exceptions.NotFoundException: я┐╜я┐╜я┐╜я┐╜я┐╜я┐╜я┐╜ 'f92883da-0b3d-48fe-938b-3e2c416228ab' я┐╜я┐╜ я┐╜я┐╜я┐╜я┐╜я┐╜я┐╜я┐╜
         at NoviVovi.Application.Labels.Features.Add.AddLabelHandler.Handle(AddLabelCommand request, CancellationToken ct) in D:\Git\NoviVovi\backend\NoviVovi.Application\Labels\Features\Add\AddLabel.cs:line 33
         at NoviVovi.Application.Labels.Features.Add.AddLabelHandler.Handle(AddLabelCommand request, CancellationToken ct) in D:\Git\NoviVovi\backend\NoviVovi.Application\Labels\Features\Add\AddLabel.cs:line 51
         at NoviVovi.Api.Labels.Controllers.LabelsController.Add(Guid novelId, AddLabelRequest request) in D:\Git\NoviVovi\backend\NoviVovi.Api\Labels\Controllers\LabelsController.cs:line 29
         at lambda_method184(Closure, Object)
         at Microsoft.AspNetCore.Mvc.Infrastructure.ActionMethodExecutor.AwaitableObjectResultExecutor.Execute(ActionContext actionContext, IActionResultTypeMapper mapper, ObjectMethodExecutor executor, Object controller, Object[] arguments)
         at Microsoft.AspNetCore.Mvc.Infrastructure.ControllerActionInvoker.<InvokeActionMethodAsync>g__Awaited|12_0(ControllerActionInvoker invoker, ValueTask`1 actionResultValueTask)
         at Microsoft.AspNetCore.Mvc.Infrastructure.ControllerActionInvoker.<InvokeNextActionFilterAsync>g__Awaited|10_0(ControllerActionInvoker invoker, Task lastTask, State next, Scope scope, Object state, Boolean isCompleted)
         at Microsoft.AspNetCore.Mvc.Infrastructure.ControllerActionInvoker.Rethrow(ActionExecutedContextSealed context)
         at Microsoft.AspNetCore.Mvc.Infrastructure.ControllerActionInvoker.Next(State& next, Scope& scope, Object& state, Boolean& isCompleted)
         at Microsoft.AspNetCore.Mvc.Infrastructure.ControllerActionInvoker.<InvokeInnerFilterAsync>g__Awaited|13_0(ControllerActionInvoker invoker, Task lastTask, State next, Scope scope, Object state, Boolean isCompleted)
         at Microsoft.AspNetCore.Mvc.Infrastructure.ResourceInvoker.<InvokeFilterPipelineAsync>g__Awaited|20_0(ResourceInvoker invoker, Task lastTask, State next, Scope scope, Object state, Boolean isCompleted)
         at Microsoft.AspNetCore.Mvc.Infrastructure.ResourceInvoker.<InvokeAsync>g__Awaited|17_0(ResourceInvoker invoker, Task task, IDisposable scope)
         at Microsoft.AspNetCore.Mvc.Infrastructure.ResourceInvoker.<InvokeAsync>g__Awaited|17_0(ResourceInvoker invoker, Task task, IDisposable scope)
         at Microsoft.AspNetCore.Authorization.AuthorizationMiddleware.Invoke(HttpContext context)
         at Microsoft.AspNetCore.Authentication.AuthenticationMiddleware.Invoke(HttpContext context)
         at Microsoft.AspNetCore.Diagnostics.ExceptionHandlerMiddlewareImpl.<Invoke>g__Awaited|10_0(ExceptionHandlerMiddlewareImpl middleware, HttpContext context, Task task)
fail: NoviVovi.Api.Infrastructure.GlobalExceptionHandler[0]
      я┐╜роия┐╜я┐╜шла я┐╜я┐╜я┐╜я┐╜рабя┐╜таня┐╜я┐╜я┐╜ я┐╜шибя┐╜я┐╜: я┐╜я┐╜тка '82315ce0-1c7a-42c8-9e9f-6f358fd93c40' я┐╜я┐╜ я┐╜я┐╜я┐╜я┐╜я┐╜я┐╜я┐╜
      NoviVovi.Application.Common.Exceptions.NotFoundException: я┐╜я┐╜тка '82315ce0-1c7a-42c8-9e9f-6f358fd93c40' я┐╜я┐╜ я┐╜я┐╜я┐╜я┐╜я┐╜я┐╜я┐╜
         at NoviVovi.Application.Labels.Features.Delete.DeleteLabelHandler.Handle(DeleteLabelCommand request, CancellationToken ct) in D:\Git\NoviVovi\backend\NoviVovi.Application\Labels\Features\Delete\DeleteLabel.cs:line 34
         at NoviVovi.Application.Labels.Features.Delete.DeleteLabelHandler.Handle(DeleteLabelCommand request, CancellationToken ct) in D:\Git\NoviVovi\backend\NoviVovi.Application\Labels\Features\Delete\DeleteLabel.cs:line 51
         at MediatR.Wrappers.RequestHandlerWrapperImpl`1.<>c__DisplayClass1_0.<<Handle>g__Handler|0>d.MoveNext()
      --- End of stack trace from previous location ---
         at NoviVovi.Api.Labels.Controllers.LabelsController.Delete(Guid novelId, Guid labelId) in D:\Git\NoviVovi\backend\NoviVovi.Api\Labels\Controllers\LabelsController.cs:line 75
         at Microsoft.AspNetCore.Mvc.Infrastructure.ActionMethodExecutor.TaskOfIActionResultExecutor.Execute(ActionContext actionContext, IActionResultTypeMapper mapper, ObjectMethodExecutor executor, Object controller, Object[] arguments)
         at Microsoft.AspNetCore.Mvc.Infrastructure.ControllerActionInvoker.<InvokeActionMethodAsync>g__Awaited|12_0(ControllerActionInvoker invoker, ValueTask`1 actionResultValueTask)
         at Microsoft.AspNetCore.Mvc.Infrastructure.ControllerActionInvoker.<InvokeNextActionFilterAsync>g__Awaited|10_0(ControllerActionInvoker invoker, Task lastTask, State next, Scope scope, Object state, Boolean isCompleted)
         at Microsoft.AspNetCore.Mvc.Infrastructure.ControllerActionInvoker.Rethrow(ActionExecutedContextSealed context)
         at Microsoft.AspNetCore.Mvc.Infrastructure.ControllerActionInvoker.Next(State& next, Scope& scope, Object& state, Boolean& isCompleted)
         at Microsoft.AspNetCore.Mvc.Infrastructure.ControllerActionInvoker.<InvokeInnerFilterAsync>g__Awaited|13_0(ControllerActionInvoker invoker, Task lastTask, State next, Scope scope, Object state, Boolean isCompleted)
         at Microsoft.AspNetCore.Mvc.Infrastructure.ResourceInvoker.<InvokeFilterPipelineAsync>g__Awaited|20_0(ResourceInvoker invoker, Task lastTask, State next, Scope scope, Object state, Boolean isCompleted)
         at Microsoft.AspNetCore.Mvc.Infrastructure.ResourceInvoker.<InvokeAsync>g__Awaited|17_0(ResourceInvoker invoker, Task task, IDisposable scope)
         at Microsoft.AspNetCore.Mvc.Infrastructure.ResourceInvoker.<InvokeAsync>g__Awaited|17_0(ResourceInvoker invoker, Task task, IDisposable scope)
         at Microsoft.AspNetCore.Authorization.AuthorizationMiddleware.Invoke(HttpContext context)
         at Microsoft.AspNetCore.Authentication.AuthenticationMiddleware.Invoke(HttpContext context)
         at Microsoft.AspNetCore.Diagnostics.ExceptionHandlerMiddlewareImpl.<Invoke>g__Awaited|10_0(ExceptionHandlerMiddlewareImpl middleware, HttpContext context, Task task)
  ╨Я╤А╨╛╨╣╨┤╨╡╨╜ NoviVovi.Api.Tests.Labels.LabelsControllerTests.AddLabel_NonExistingNovel_ReturnsNotFound [38 ms]
  ╨Я╤А╨╛╨╣╨┤╨╡╨╜ NoviVovi.Api.Tests.Labels.LabelsControllerTests.DeleteLabel_NonExistingId_ReturnsNotFound [30 ms]
  ╨Я╤А╨╛╨╣╨┤╨╡╨╜ NoviVovi.Api.Tests.Labels.LabelsControllerTests.GetAllLabels_DifferentNovels_ReturnsOnlyNovelLabels [58 ms]
fail: NoviVovi.Api.Infrastructure.GlobalExceptionHandler[0]
      я┐╜роия┐╜я┐╜шла я┐╜я┐╜я┐╜я┐╜рабя┐╜таня┐╜я┐╜я┐╜ я┐╜шибя┐╜я┐╜: я┐╜я┐╜я┐╜я┐╜я┐╜я┐╜я┐╜я┐╜я┐╜ тип я┐╜тепя┐╜: 'replica'
      System.ArgumentException: я┐╜я┐╜я┐╜я┐╜я┐╜я┐╜я┐╜я┐╜я┐╜ тип я┐╜тепя┐╜: 'replica'
         at NoviVovi.Infrastructure.DbExtensions.ToStepType(String stepType) in D:\Git\NoviVovi\backend\NoviVovi.Infrastructure\DatabaseObjects\Enums\DatabaseExtensions.cs:line 17
         at NoviVovi.Infrastructure.Mappers.StepMapper.ToDomain(StepDbO dbo, MappingContext ctx) in D:\Git\NoviVovi\backend\NoviVovi.Infrastructure\Mappers\StepMapper.cs:line 177
         at NoviVovi.Infrastructure.Mappers.LabelMapper.ToDomain(LabelDbO dbo, MappingContext ctx) in D:\Git\NoviVovi\backend\NoviVovi.Infrastructure\Mappers\LabelMapper.cs:line 22
         at NoviVovi.Infrastructure.Mappers.NovelMapper.ToDomain(NovelDbO dbo) in D:\Git\NoviVovi\backend\NoviVovi.Infrastructure\Mappers\NovelMapper.cs:line 23
         at NoviVovi.Infrastructure.Repositories.NovelRepository.GetByIdAsync(Guid id, CancellationToken ct) in D:\Git\NoviVovi\backend\NoviVovi.Infrastructure\Repositories\NovelRepository.cs:line 16
         at NoviVovi.Application.Labels.Features.Delete.DeleteLabelHandler.Handle(DeleteLabelCommand request, CancellationToken ct) in D:\Git\NoviVovi\backend\NoviVovi.Application\Labels\Features\Delete\DeleteLabel.cs:line 31
         at NoviVovi.Application.Labels.Features.Delete.DeleteLabelHandler.Handle(DeleteLabelCommand request, CancellationToken ct) in D:\Git\NoviVovi\backend\NoviVovi.Application\Labels\Features\Delete\DeleteLabel.cs:line 51
         at MediatR.Wrappers.RequestHandlerWrapperImpl`1.<>c__DisplayClass1_0.<<Handle>g__Handler|0>d.MoveNext()
      --- End of stack trace from previous location ---
         at NoviVovi.Api.Labels.Controllers.LabelsController.Delete(Guid novelId, Guid labelId) in D:\Git\NoviVovi\backend\NoviVovi.Api\Labels\Controllers\LabelsController.cs:line 75
         at Microsoft.AspNetCore.Mvc.Infrastructure.ActionMethodExecutor.TaskOfIActionResultExecutor.Execute(ActionContext actionContext, IActionResultTypeMapper mapper, ObjectMethodExecutor executor, Object controller, Object[] arguments)
         at Microsoft.AspNetCore.Mvc.Infrastructure.ControllerActionInvoker.<InvokeActionMethodAsync>g__Awaited|12_0(ControllerActionInvoker invoker, ValueTask`1 actionResultValueTask)
         at Microsoft.AspNetCore.Mvc.Infrastructure.ControllerActionInvoker.<InvokeNextActionFilterAsync>g__Awaited|10_0(ControllerActionInvoker invoker, Task lastTask, State next, Scope scope, Object state, Boolean isCompleted)
         at Microsoft.AspNetCore.Mvc.Infrastructure.ControllerActionInvoker.Rethrow(ActionExecutedContextSealed context)
         at Microsoft.AspNetCore.Mvc.Infrastructure.ControllerActionInvoker.Next(State& next, Scope& scope, Object& state, Boolean& isCompleted)
         at Microsoft.AspNetCore.Mvc.Infrastructure.ControllerActionInvoker.<InvokeInnerFilterAsync>g__Awaited|13_0(ControllerActionInvoker invoker, Task lastTask, State next, Scope scope, Object state, Boolean isCompleted)
         at Microsoft.AspNetCore.Mvc.Infrastructure.ResourceInvoker.<InvokeFilterPipelineAsync>g__Awaited|20_0(ResourceInvoker invoker, Task lastTask, State next, Scope scope, Object state, Boolean isCompleted)
         at Microsoft.AspNetCore.Mvc.Infrastructure.ResourceInvoker.<InvokeAsync>g__Awaited|17_0(ResourceInvoker invoker, Task task, IDisposable scope)
         at Microsoft.AspNetCore.Mvc.Infrastructure.ResourceInvoker.<InvokeAsync>g__Awaited|17_0(ResourceInvoker invoker, Task task, IDisposable scope)
         at Microsoft.AspNetCore.Authorization.AuthorizationMiddleware.Invoke(HttpContext context)
         at Microsoft.AspNetCore.Authentication.AuthenticationMiddleware.Invoke(HttpContext context)
         at Microsoft.AspNetCore.Diagnostics.ExceptionHandlerMiddlewareImpl.<Invoke>g__Awaited|10_0(ExceptionHandlerMiddlewareImpl middleware, HttpContext context, Task task)
[xUnit.net 00:01:16.63]       System.Net.Http.HttpRequestException : Response status code does not indicate success: 500 (Internal Server Error).
[xUnit.net 00:01:16.63]     NoviVovi.Api.Tests.Labels.LabelsControllerTests.DeleteLabel_CascadeDeletesSteps [FAIL]
[xUnit.net 00:01:16.63]       Stack Trace:
[xUnit.net 00:01:16.63]            at System.Net.Http.HttpResponseMessage.EnsureSuccessStatusCode()
[xUnit.net 00:01:16.63]         D:\Git\NoviVovi\tests\NoviVovi.Api.Tests\Infrastructure\IntegrationTestBase.cs(74,0): at NoviVovi.Api.Tests.Infrastructure.IntegrationTestBase.DeleteAsync(String url)
[xUnit.net 00:01:16.63]         D:\Git\NoviVovi\tests\NoviVovi.Api.Tests\Labels\LabelsControllerTests.cs(253,0): at NoviVovi.Api.Tests.Labels.LabelsControllerTests.DeleteLabel_CascadeDeletesSteps()
[xUnit.net 00:01:16.63]         --- End of stack trace from previous location ---
  ╨Э╨╡ ╨┐╤А╨╛╨╣╨┤╨╡╨╜ NoviVovi.Api.Tests.Labels.LabelsControllerTests.DeleteLabel_CascadeDeletesSteps [23 ms]
  ╨б╨╛╨╛╨▒╤Й╨╡╨╜╨╕╨╡ ╨╛╨▒ ╨╛╤И╨╕╨▒╨║╨╡:
   System.Net.Http.HttpRequestException : Response status code does not indicate success: 500 (Internal Server Error).
  ╨в╤А╨░╤Б╤Б╨╕╤А╨╛╨▓╨║╨░ ╤Б╤В╨╡╨║╨░:
     at System.Net.Http.HttpResponseMessage.EnsureSuccessStatusCode()
   at NoviVovi.Api.Tests.Infrastructure.IntegrationTestBase.DeleteAsync(String url) in D:\Git\NoviVovi\tests\NoviVovi.Api.Tests\Infrastructure\IntegrationTestBase.cs:line 74
   at NoviVovi.Api.Tests.Labels.LabelsControllerTests.DeleteLabel_CascadeDeletesSteps() in D:\Git\NoviVovi\tests\NoviVovi.Api.Tests\Labels\LabelsControllerTests.cs:line 253
--- End of stack trace from previous location ---
  ╨Я╤А╨╛╨╣╨┤╨╡╨╜ NoviVovi.Api.Tests.Labels.LabelsControllerTests.GetLabel_ExistingId_ReturnsLabel [19 ms]
  ╨Я╤А╨╛╨╣╨┤╨╡╨╜ NoviVovi.Api.Tests.Labels.LabelsControllerTests.PatchLabel_ValidRequest_UpdatesLabel [29 ms]
fail: NoviVovi.Api.Infrastructure.GlobalExceptionHandler[0]
      я┐╜роия┐╜я┐╜шла я┐╜я┐╜я┐╜я┐╜рабя┐╜таня┐╜я┐╜я┐╜ я┐╜шибя┐╜я┐╜: я┐╜я┐╜тка 'd73bfbc7-8c45-4973-83db-8cccb1932a99' я┐╜я┐╜ я┐╜я┐╜я┐╜я┐╜я┐╜я┐╜я┐╜
      NoviVovi.Application.Common.Exceptions.NotFoundException: я┐╜я┐╜тка 'd73bfbc7-8c45-4973-83db-8cccb1932a99' я┐╜я┐╜ я┐╜я┐╜я┐╜я┐╜я┐╜я┐╜я┐╜
         at NoviVovi.Application.Labels.Features.Patch.PatchLabelHandler.Handle(PatchLabelCommand request, CancellationToken ct) in D:\Git\NoviVovi\backend\NoviVovi.Application\Labels\Features\Patch\PatchLabel.cs:line 32
         at NoviVovi.Application.Labels.Features.Patch.PatchLabelHandler.Handle(PatchLabelCommand request, CancellationToken ct) in D:\Git\NoviVovi\backend\NoviVovi.Application\Labels\Features\Patch\PatchLabel.cs:line 50
         at NoviVovi.Api.Labels.Controllers.LabelsController.Patch(Guid novelId, Guid labelId, PatchLabelRequest request) in D:\Git\NoviVovi\backend\NoviVovi.Api\Labels\Controllers\LabelsController.cs:line 64
         at lambda_method226(Closure, Object)
         at Microsoft.AspNetCore.Mvc.Infrastructure.ActionMethodExecutor.AwaitableObjectResultExecutor.Execute(ActionContext actionContext, IActionResultTypeMapper mapper, ObjectMethodExecutor executor, Object controller, Object[] arguments)
         at Microsoft.AspNetCore.Mvc.Infrastructure.ControllerActionInvoker.<InvokeActionMethodAsync>g__Awaited|12_0(ControllerActionInvoker invoker, ValueTask`1 actionResultValueTask)
         at Microsoft.AspNetCore.Mvc.Infrastructure.ControllerActionInvoker.<InvokeNextActionFilterAsync>g__Awaited|10_0(ControllerActionInvoker invoker, Task lastTask, State next, Scope scope, Object state, Boolean isCompleted)
         at Microsoft.AspNetCore.Mvc.Infrastructure.ControllerActionInvoker.Rethrow(ActionExecutedContextSealed context)
         at Microsoft.AspNetCore.Mvc.Infrastructure.ControllerActionInvoker.Next(State& next, Scope& scope, Object& state, Boolean& isCompleted)
         at Microsoft.AspNetCore.Mvc.Infrastructure.ControllerActionInvoker.<InvokeInnerFilterAsync>g__Awaited|13_0(ControllerActionInvoker invoker, Task lastTask, State next, Scope scope, Object state, Boolean isCompleted)
         at Microsoft.AspNetCore.Mvc.Infrastructure.ResourceInvoker.<InvokeFilterPipelineAsync>g__Awaited|20_0(ResourceInvoker invoker, Task lastTask, State next, Scope scope, Object state, Boolean isCompleted)
         at Microsoft.AspNetCore.Mvc.Infrastructure.ResourceInvoker.<InvokeAsync>g__Awaited|17_0(ResourceInvoker invoker, Task task, IDisposable scope)
         at Microsoft.AspNetCore.Mvc.Infrastructure.ResourceInvoker.<InvokeAsync>g__Awaited|17_0(ResourceInvoker invoker, Task task, IDisposable scope)
         at Microsoft.AspNetCore.Authorization.AuthorizationMiddleware.Invoke(HttpContext context)
         at Microsoft.AspNetCore.Authentication.AuthenticationMiddleware.Invoke(HttpContext context)
         at Microsoft.AspNetCore.Diagnostics.ExceptionHandlerMiddlewareImpl.<Invoke>g__Awaited|10_0(ExceptionHandlerMiddlewareImpl middleware, HttpContext context, Task task)
fail: NoviVovi.Api.Infrastructure.GlobalExceptionHandler[0]
      я┐╜роия┐╜я┐╜шла я┐╜я┐╜я┐╜я┐╜рабя┐╜таня┐╜я┐╜я┐╜ я┐╜шибя┐╜я┐╜: Name cannot be empty
      NoviVovi.Domain.Common.DomainException: Name cannot be empty
         at NoviVovi.Domain.Labels.Label.Create(String name, Guid novelId) in D:\Git\NoviVovi\backend\NoviVovi.Domain\Labels\Label.cs:line 23
         at NoviVovi.Application.Labels.Features.Add.AddLabelHandler.Handle(AddLabelCommand request, CancellationToken ct) in D:\Git\NoviVovi\backend\NoviVovi.Application\Labels\Features\Add\AddLabel.cs:line 36
         at NoviVovi.Application.Labels.Features.Add.AddLabelHandler.Handle(AddLabelCommand request, CancellationToken ct) in D:\Git\NoviVovi\backend\NoviVovi.Application\Labels\Features\Add\AddLabel.cs:line 51
         at NoviVovi.Api.Labels.Controllers.LabelsController.Add(Guid novelId, AddLabelRequest request) in D:\Git\NoviVovi\backend\NoviVovi.Api\Labels\Controllers\LabelsController.cs:line 29
         at lambda_method184(Closure, Object)
         at Microsoft.AspNetCore.Mvc.Infrastructure.ActionMethodExecutor.AwaitableObjectResultExecutor.Execute(ActionContext actionContext, IActionResultTypeMapper mapper, ObjectMethodExecutor executor, Object controller, Object[] arguments)
         at Microsoft.AspNetCore.Mvc.Infrastructure.ControllerActionInvoker.<InvokeActionMethodAsync>g__Awaited|12_0(ControllerActionInvoker invoker, ValueTask`1 actionResultValueTask)
         at Microsoft.AspNetCore.Mvc.Infrastructure.ControllerActionInvoker.<InvokeNextActionFilterAsync>g__Awaited|10_0(ControllerActionInvoker invoker, Task lastTask, State next, Scope scope, Object state, Boolean isCompleted)
         at Microsoft.AspNetCore.Mvc.Infrastructure.ControllerActionInvoker.Rethrow(ActionExecutedContextSealed context)
         at Microsoft.AspNetCore.Mvc.Infrastructure.ControllerActionInvoker.Next(State& next, Scope& scope, Object& state, Boolean& isCompleted)
         at Microsoft.AspNetCore.Mvc.Infrastructure.ControllerActionInvoker.<InvokeInnerFilterAsync>g__Awaited|13_0(ControllerActionInvoker invoker, Task lastTask, State next, Scope scope, Object state, Boolean isCompleted)
         at Microsoft.AspNetCore.Mvc.Infrastructure.ResourceInvoker.<InvokeFilterPipelineAsync>g__Awaited|20_0(ResourceInvoker invoker, Task lastTask, State next, Scope scope, Object state, Boolean isCompleted)
         at Microsoft.AspNetCore.Mvc.Infrastructure.ResourceInvoker.<InvokeAsync>g__Awaited|17_0(ResourceInvoker invoker, Task task, IDisposable scope)
         at Microsoft.AspNetCore.Mvc.Infrastructure.ResourceInvoker.<InvokeAsync>g__Awaited|17_0(ResourceInvoker invoker, Task task, IDisposable scope)
         at Microsoft.AspNetCore.Authorization.AuthorizationMiddleware.Invoke(HttpContext context)
         at Microsoft.AspNetCore.Authentication.AuthenticationMiddleware.Invoke(HttpContext context)
         at Microsoft.AspNetCore.Diagnostics.ExceptionHandlerMiddlewareImpl.<Invoke>g__Awaited|10_0(ExceptionHandlerMiddlewareImpl middleware, HttpContext context, Task task)
  ╨Я╤А╨╛╨╣╨┤╨╡╨╜ NoviVovi.Api.Tests.Labels.LabelsControllerTests.PatchLabel_NonExistingId_ReturnsNotFound [11 ms]
  ╨Я╤А╨╛╨╣╨┤╨╡╨╜ NoviVovi.Api.Tests.Labels.LabelsControllerTests.AddLabel_ValidRequest_ReturnsCreatedLabel [20 ms]
  ╨Я╤А╨╛╨╣╨┤╨╡╨╜ NoviVovi.Api.Tests.Labels.LabelsControllerTests.AddLabel_EmptyName_ReturnsUnprocessableEntity [10 ms]
fail: NoviVovi.Api.Infrastructure.GlobalExceptionHandler[0]
      я┐╜роия┐╜я┐╜шла я┐╜я┐╜я┐╜я┐╜рабя┐╜таня┐╜я┐╜я┐╜ я┐╜шибя┐╜я┐╜: я┐╜я┐╜тка '40f668c4-9a75-49b4-8117-fa9a24708ee3' я┐╜я┐╜ я┐╜я┐╜я┐╜я┐╜я┐╜я┐╜я┐╜
      NoviVovi.Application.Common.Exceptions.NotFoundException: я┐╜я┐╜тка '40f668c4-9a75-49b4-8117-fa9a24708ee3' я┐╜я┐╜ я┐╜я┐╜я┐╜я┐╜я┐╜я┐╜я┐╜
         at NoviVovi.Application.Labels.Features.Get.GetLabelHandler.Handle(GetLabelQuery request, CancellationToken ct) in D:\Git\NoviVovi\backend\NoviVovi.Application\Labels\Features\Get\GetLabel.cs:line 26
         at NoviVovi.Api.Labels.Controllers.LabelsController.Get(Guid novelId, Guid labelId) in D:\Git\NoviVovi\backend\NoviVovi.Api\Labels\Controllers\LabelsController.cs:line 40
         at lambda_method218(Closure, Object)
         at Microsoft.AspNetCore.Mvc.Infrastructure.ActionMethodExecutor.AwaitableObjectResultExecutor.Execute(ActionContext actionContext, IActionResultTypeMapper mapper, ObjectMethodExecutor executor, Object controller, Object[] arguments)
         at Microsoft.AspNetCore.Mvc.Infrastructure.ControllerActionInvoker.<InvokeActionMethodAsync>g__Awaited|12_0(ControllerActionInvoker invoker, ValueTask`1 actionResultValueTask)
         at Microsoft.AspNetCore.Mvc.Infrastructure.ControllerActionInvoker.<InvokeNextActionFilterAsync>g__Awaited|10_0(ControllerActionInvoker invoker, Task lastTask, State next, Scope scope, Object state, Boolean isCompleted)
         at Microsoft.AspNetCore.Mvc.Infrastructure.ControllerActionInvoker.Rethrow(ActionExecutedContextSealed context)
         at Microsoft.AspNetCore.Mvc.Infrastructure.ControllerActionInvoker.Next(State& next, Scope& scope, Object& state, Boolean& isCompleted)
         at Microsoft.AspNetCore.Mvc.Infrastructure.ControllerActionInvoker.<InvokeInnerFilterAsync>g__Awaited|13_0(ControllerActionInvoker invoker, Task lastTask, State next, Scope scope, Object state, Boolean isCompleted)
         at Microsoft.AspNetCore.Mvc.Infrastructure.ResourceInvoker.<InvokeFilterPipelineAsync>g__Awaited|20_0(ResourceInvoker invoker, Task lastTask, State next, Scope scope, Object state, Boolean isCompleted)
         at Microsoft.AspNetCore.Mvc.Infrastructure.ResourceInvoker.<InvokeAsync>g__Awaited|17_0(ResourceInvoker invoker, Task task, IDisposable scope)
         at Microsoft.AspNetCore.Mvc.Infrastructure.ResourceInvoker.<InvokeAsync>g__Awaited|17_0(ResourceInvoker invoker, Task task, IDisposable scope)
         at Microsoft.AspNetCore.Authorization.AuthorizationMiddleware.Invoke(HttpContext context)
         at Microsoft.AspNetCore.Authentication.AuthenticationMiddleware.Invoke(HttpContext context)
         at Microsoft.AspNetCore.Diagnostics.ExceptionHandlerMiddlewareImpl.<Invoke>g__Awaited|10_0(ExceptionHandlerMiddlewareImpl middleware, HttpContext context, Task task)
  ╨Я╤А╨╛╨╣╨┤╨╡╨╜ NoviVovi.Api.Tests.Labels.LabelsControllerTests.GetLabel_NonExistingId_ReturnsNotFound [12 ms]
  ╨Я╤А╨╛╨╣╨┤╨╡╨╜ NoviVovi.Api.Tests.Labels.LabelsControllerTests.GetAllLabels_ReturnsAllLabelsForNovel [22 ms]
fail: NoviVovi.Api.Infrastructure.GlobalExceptionHandler[0]
      я┐╜роия┐╜я┐╜шла я┐╜я┐╜я┐╜я┐╜рабя┐╜таня┐╜я┐╜я┐╜ я┐╜шибя┐╜я┐╜: я┐╜я┐╜тка '7d511119-5b48-426a-ab6e-886574bf2d52' я┐╜я┐╜ я┐╜я┐╜я┐╜я┐╜я┐╜я┐╜я┐╜
      NoviVovi.Application.Common.Exceptions.NotFoundException: я┐╜я┐╜тка '7d511119-5b48-426a-ab6e-886574bf2d52' я┐╜я┐╜ я┐╜я┐╜я┐╜я┐╜я┐╜я┐╜я┐╜
         at NoviVovi.Application.Labels.Features.Get.GetLabelHandler.Handle(GetLabelQuery request, CancellationToken ct) in D:\Git\NoviVovi\backend\NoviVovi.Application\Labels\Features\Get\GetLabel.cs:line 26
         at NoviVovi.Api.Labels.Controllers.LabelsController.Get(Guid novelId, Guid labelId) in D:\Git\NoviVovi\backend\NoviVovi.Api\Labels\Controllers\LabelsController.cs:line 40
         at lambda_method218(Closure, Object)
         at Microsoft.AspNetCore.Mvc.Infrastructure.ActionMethodExecutor.AwaitableObjectResultExecutor.Execute(ActionContext actionContext, IActionResultTypeMapper mapper, ObjectMethodExecutor executor, Object controller, Object[] arguments)
         at Microsoft.AspNetCore.Mvc.Infrastructure.ControllerActionInvoker.<InvokeActionMethodAsync>g__Awaited|12_0(ControllerActionInvoker invoker, ValueTask`1 actionResultValueTask)
         at Microsoft.AspNetCore.Mvc.Infrastructure.ControllerActionInvoker.<InvokeNextActionFilterAsync>g__Awaited|10_0(ControllerActionInvoker invoker, Task lastTask, State next, Scope scope, Object state, Boolean isCompleted)
         at Microsoft.AspNetCore.Mvc.Infrastructure.ControllerActionInvoker.Rethrow(ActionExecutedContextSealed context)
         at Microsoft.AspNetCore.Mvc.Infrastructure.ControllerActionInvoker.Next(State& next, Scope& scope, Object& state, Boolean& isCompleted)
         at Microsoft.AspNetCore.Mvc.Infrastructure.ControllerActionInvoker.<InvokeInnerFilterAsync>g__Awaited|13_0(ControllerActionInvoker invoker, Task lastTask, State next, Scope scope, Object state, Boolean isCompleted)
         at Microsoft.AspNetCore.Mvc.Infrastructure.ResourceInvoker.<InvokeFilterPipelineAsync>g__Awaited|20_0(ResourceInvoker invoker, Task lastTask, State next, Scope scope, Object state, Boolean isCompleted)
         at Microsoft.AspNetCore.Mvc.Infrastructure.ResourceInvoker.<InvokeAsync>g__Awaited|17_0(ResourceInvoker invoker, Task task, IDisposable scope)
         at Microsoft.AspNetCore.Mvc.Infrastructure.ResourceInvoker.<InvokeAsync>g__Awaited|17_0(ResourceInvoker invoker, Task task, IDisposable scope)
         at Microsoft.AspNetCore.Authorization.AuthorizationMiddleware.Invoke(HttpContext context)
         at Microsoft.AspNetCore.Authentication.AuthenticationMiddleware.Invoke(HttpContext context)
         at Microsoft.AspNetCore.Diagnostics.ExceptionHandlerMiddlewareImpl.<Invoke>g__Awaited|10_0(ExceptionHandlerMiddlewareImpl middleware, HttpContext context, Task task)
  ╨Я╤А╨╛╨╣╨┤╨╡╨╜ NoviVovi.Api.Tests.Labels.LabelsControllerTests.DeleteLabel_ExistingId_DeletesLabel [27 ms]
info: Microsoft.Hosting.Lifetime[0]
      Application is shutting down...
info: Microsoft.Hosting.Lifetime[0]
      Application started. Press Ctrl+C to shut down.
info: Microsoft.Hosting.Lifetime[0]
      Hosting environment: Testing
info: Microsoft.Hosting.Lifetime[0]
      Content root path: D:\Git\NoviVovi\backend\NoviVovi.Api
warn: Microsoft.AspNetCore.HttpsPolicy.HttpsRedirectionMiddleware[3]
      Failed to determine the https port for redirect.
warn: LuckyPennySoftware.MediatR.License[0]
      You do not have a valid license key for the Lucky Penny software MediatR. This is allowed for development and testing scenarios. If you are running in production you are required to have a licensed version. Please visit https://luckypennysoftware.com to obtain a valid license.
fail: NoviVovi.Api.Infrastructure.GlobalExceptionHandler[0]
      я┐╜роия┐╜я┐╜шла я┐╜я┐╜я┐╜я┐╜рабя┐╜таня┐╜я┐╜я┐╜ я┐╜шибя┐╜я┐╜: я┐╜я┐╜я┐╜я┐╜я┐╜я┐╜я┐╜ '65a9c3f7-be4b-479f-b23e-12ba1abf8ef3' я┐╜я┐╜ я┐╜я┐╜я┐╜я┐╜я┐╜я┐╜я┐╜
      NoviVovi.Application.Common.Exceptions.NotFoundException: я┐╜я┐╜я┐╜я┐╜я┐╜я┐╜я┐╜ '65a9c3f7-be4b-479f-b23e-12ba1abf8ef3' я┐╜я┐╜ я┐╜я┐╜я┐╜я┐╜я┐╜я┐╜я┐╜
         at NoviVovi.Application.Novels.Features.GetGraph.GetNovelGraphHandler.Handle(GetNovelGraphQuery request, CancellationToken ct) in D:\Git\NoviVovi\backend\NoviVovi.Application\Novels\Features\GetGraph\GetNovelGraph.cs:line 23
         at NoviVovi.Api.Novels.Controllers.NovelsController.GetGraph(Guid novelId) in D:\Git\NoviVovi\backend\NoviVovi.Api\Novels\Controllers\NovelsController.cs:line 85
         at lambda_method261(Closure, Object)
         at Microsoft.AspNetCore.Mvc.Infrastructure.ActionMethodExecutor.AwaitableObjectResultExecutor.Execute(ActionContext actionContext, IActionResultTypeMapper mapper, ObjectMethodExecutor executor, Object controller, Object[] arguments)
         at Microsoft.AspNetCore.Mvc.Infrastructure.ControllerActionInvoker.<InvokeActionMethodAsync>g__Awaited|12_0(ControllerActionInvoker invoker, ValueTask`1 actionResultValueTask)
         at Microsoft.AspNetCore.Mvc.Infrastructure.ControllerActionInvoker.<InvokeNextActionFilterAsync>g__Awaited|10_0(ControllerActionInvoker invoker, Task lastTask, State next, Scope scope, Object state, Boolean isCompleted)
         at Microsoft.AspNetCore.Mvc.Infrastructure.ControllerActionInvoker.Rethrow(ActionExecutedContextSealed context)
         at Microsoft.AspNetCore.Mvc.Infrastructure.ControllerActionInvoker.Next(State& next, Scope& scope, Object& state, Boolean& isCompleted)
         at Microsoft.AspNetCore.Mvc.Infrastructure.ControllerActionInvoker.<InvokeInnerFilterAsync>g__Awaited|13_0(ControllerActionInvoker invoker, Task lastTask, State next, Scope scope, Object state, Boolean isCompleted)
         at Microsoft.AspNetCore.Mvc.Infrastructure.ResourceInvoker.<InvokeFilterPipelineAsync>g__Awaited|20_0(ResourceInvoker invoker, Task lastTask, State next, Scope scope, Object state, Boolean isCompleted)
         at Microsoft.AspNetCore.Mvc.Infrastructure.ResourceInvoker.<InvokeAsync>g__Awaited|17_0(ResourceInvoker invoker, Task task, IDisposable scope)
         at Microsoft.AspNetCore.Mvc.Infrastructure.ResourceInvoker.<InvokeAsync>g__Awaited|17_0(ResourceInvoker invoker, Task task, IDisposable scope)
         at Microsoft.AspNetCore.Authorization.AuthorizationMiddleware.Invoke(HttpContext context)
         at Microsoft.AspNetCore.Authentication.AuthenticationMiddleware.Invoke(HttpContext context)
         at Microsoft.AspNetCore.Diagnostics.ExceptionHandlerMiddlewareImpl.<Invoke>g__Awaited|10_0(ExceptionHandlerMiddlewareImpl middleware, HttpContext context, Task task)
  ╨Я╤А╨╛╨╣╨┤╨╡╨╜ NoviVovi.Api.Tests.Novels.NovelsControllerTests.ExportNovelToRenPy_ExistingNovel_ReturnsZipFile [190 ms]
  ╨Я╤А╨╛╨╣╨┤╨╡╨╜ NoviVovi.Api.Tests.Novels.NovelsControllerTests.GetNovelGraph_NonExistingId_ReturnsNotFound [18 ms]
  ╨Я╤А╨╛╨╣╨┤╨╡╨╜ NoviVovi.Api.Tests.Novels.NovelsControllerTests.CreateNovel_ValidRequest_ReturnsCreatedNovel [14 ms]
fail: NoviVovi.Api.Infrastructure.GlobalExceptionHandler[0]
      я┐╜роия┐╜я┐╜шла я┐╜я┐╜я┐╜я┐╜рабя┐╜таня┐╜я┐╜я┐╜ я┐╜шибя┐╜я┐╜: я┐╜я┐╜я┐╜я┐╜я┐╜я┐╜я┐╜ '065f5083-062c-49fe-9ba2-ddbb570e5131' я┐╜я┐╜ я┐╜я┐╜я┐╜я┐╜я┐╜я┐╜я┐╜
      NoviVovi.Application.Common.Exceptions.NotFoundException: я┐╜я┐╜я┐╜я┐╜я┐╜я┐╜я┐╜ '065f5083-062c-49fe-9ba2-ddbb570e5131' я┐╜я┐╜ я┐╜я┐╜я┐╜я┐╜я┐╜я┐╜я┐╜
         at NoviVovi.Application.Novels.Features.Get.GetNovelHandler.Handle(GetNovelQuery request, CancellationToken ct) in D:\Git\NoviVovi\backend\NoviVovi.Application\Novels\Features\Get\GetNovel.cs:line 20
         at NoviVovi.Api.Novels.Controllers.NovelsController.Get(Guid novelId) in D:\Git\NoviVovi\backend\NoviVovi.Api\Novels\Controllers\NovelsController.cs:line 44
         at lambda_method272(Closure, Object)
         at Microsoft.AspNetCore.Mvc.Infrastructure.ActionMethodExecutor.AwaitableObjectResultExecutor.Execute(ActionContext actionContext, IActionResultTypeMapper mapper, ObjectMethodExecutor executor, Object controller, Object[] arguments)
         at Microsoft.AspNetCore.Mvc.Infrastructure.ControllerActionInvoker.<InvokeActionMethodAsync>g__Awaited|12_0(ControllerActionInvoker invoker, ValueTask`1 actionResultValueTask)
         at Microsoft.AspNetCore.Mvc.Infrastructure.ControllerActionInvoker.<InvokeNextActionFilterAsync>g__Awaited|10_0(ControllerActionInvoker invoker, Task lastTask, State next, Scope scope, Object state, Boolean isCompleted)
         at Microsoft.AspNetCore.Mvc.Infrastructure.ControllerActionInvoker.Rethrow(ActionExecutedContextSealed context)
         at Microsoft.AspNetCore.Mvc.Infrastructure.ControllerActionInvoker.Next(State& next, Scope& scope, Object& state, Boolean& isCompleted)
         at Microsoft.AspNetCore.Mvc.Infrastructure.ControllerActionInvoker.<InvokeInnerFilterAsync>g__Awaited|13_0(ControllerActionInvoker invoker, Task lastTask, State next, Scope scope, Object state, Boolean isCompleted)
         at Microsoft.AspNetCore.Mvc.Infrastructure.ResourceInvoker.<InvokeFilterPipelineAsync>g__Awaited|20_0(ResourceInvoker invoker, Task lastTask, State next, Scope scope, Object state, Boolean isCompleted)
         at Microsoft.AspNetCore.Mvc.Infrastructure.ResourceInvoker.<InvokeAsync>g__Awaited|17_0(ResourceInvoker invoker, Task task, IDisposable scope)
         at Microsoft.AspNetCore.Mvc.Infrastructure.ResourceInvoker.<InvokeAsync>g__Awaited|17_0(ResourceInvoker invoker, Task task, IDisposable scope)
         at Microsoft.AspNetCore.Authorization.AuthorizationMiddleware.Invoke(HttpContext context)
         at Microsoft.AspNetCore.Authentication.AuthenticationMiddleware.Invoke(HttpContext context)
         at Microsoft.AspNetCore.Diagnostics.ExceptionHandlerMiddlewareImpl.<Invoke>g__Awaited|10_0(ExceptionHandlerMiddlewareImpl middleware, HttpContext context, Task task)
  ╨Я╤А╨╛╨╣╨┤╨╡╨╜ NoviVovi.Api.Tests.Novels.NovelsControllerTests.GetNovelGraph_ExistingNovel_ReturnsGraph [23 ms]
  ╨Я╤А╨╛╨╣╨┤╨╡╨╜ NoviVovi.Api.Tests.Novels.NovelsControllerTests.GetNovel_ExistingId_ReturnsNovel [16 ms]
  ╨Я╤А╨╛╨╣╨┤╨╡╨╜ NoviVovi.Api.Tests.Novels.NovelsControllerTests.DeleteNovel_ExistingId_DeletesNovel [27 ms]
fail: NoviVovi.Api.Infrastructure.GlobalExceptionHandler[0]
      я┐╜роия┐╜я┐╜шла я┐╜я┐╜я┐╜я┐╜рабя┐╜таня┐╜я┐╜я┐╜ я┐╜шибя┐╜я┐╜: Novel '56470f33-ff51-465d-81a7-cef00efe6d33' not found
      NoviVovi.Application.Common.Exceptions.NotFoundException: Novel '56470f33-ff51-465d-81a7-cef00efe6d33' not found
         at NoviVovi.Infrastructure.Exporters.RenPy.Services.RenPyExporter.ExportToRenPyAsync(Guid novelId, CancellationToken ct) in D:\Git\NoviVovi\backend\NoviVovi.Infrastructure\Exporters\RenPy\Services\RenPyExporter.cs:line 29
         at NoviVovi.Application.Novels.Features.Export.ExportNovelToRenPyHandler.Handle(ExportNovelToRenPyCommand request, CancellationToken ct) in D:\Git\NoviVovi\backend\NoviVovi.Application\Novels\Features\Export\ExportNovelToRenPy.cs:line 16
         at NoviVovi.Api.Novels.Controllers.NovelsController.ExportToRenPy(Guid novelId) in D:\Git\NoviVovi\backend\NoviVovi.Api\Novels\Controllers\NovelsController.cs:line 98
         at Microsoft.AspNetCore.Mvc.Infrastructure.ActionMethodExecutor.TaskOfIActionResultExecutor.Execute(ActionContext actionContext, IActionResultTypeMapper mapper, ObjectMethodExecutor executor, Object controller, Object[] arguments)
         at Microsoft.AspNetCore.Mvc.Infrastructure.ControllerActionInvoker.<InvokeActionMethodAsync>g__Awaited|12_0(ControllerActionInvoker invoker, ValueTask`1 actionResultValueTask)
         at Microsoft.AspNetCore.Mvc.Infrastructure.ControllerActionInvoker.<InvokeNextActionFilterAsync>g__Awaited|10_0(ControllerActionInvoker invoker, Task lastTask, State next, Scope scope, Object state, Boolean isCompleted)
         at Microsoft.AspNetCore.Mvc.Infrastructure.ControllerActionInvoker.Rethrow(ActionExecutedContextSealed context)
         at Microsoft.AspNetCore.Mvc.Infrastructure.ControllerActionInvoker.Next(State& next, Scope& scope, Object& state, Boolean& isCompleted)
         at Microsoft.AspNetCore.Mvc.Infrastructure.ControllerActionInvoker.<InvokeInnerFilterAsync>g__Awaited|13_0(ControllerActionInvoker invoker, Task lastTask, State next, Scope scope, Object state, Boolean isCompleted)
         at Microsoft.AspNetCore.Mvc.Infrastructure.ResourceInvoker.<InvokeFilterPipelineAsync>g__Awaited|20_0(ResourceInvoker invoker, Task lastTask, State next, Scope scope, Object state, Boolean isCompleted)
         at Microsoft.AspNetCore.Mvc.Infrastructure.ResourceInvoker.<InvokeAsync>g__Awaited|17_0(ResourceInvoker invoker, Task task, IDisposable scope)
         at Microsoft.AspNetCore.Mvc.Infrastructure.ResourceInvoker.<InvokeAsync>g__Awaited|17_0(ResourceInvoker invoker, Task task, IDisposable scope)
         at Microsoft.AspNetCore.Authorization.AuthorizationMiddleware.Invoke(HttpContext context)
         at Microsoft.AspNetCore.Authentication.AuthenticationMiddleware.Invoke(HttpContext context)
         at Microsoft.AspNetCore.Diagnostics.ExceptionHandlerMiddlewareImpl.<Invoke>g__Awaited|10_0(ExceptionHandlerMiddlewareImpl middleware, HttpContext context, Task task)
fail: NoviVovi.Api.Infrastructure.GlobalExceptionHandler[0]
      я┐╜роия┐╜я┐╜шла я┐╜я┐╜я┐╜я┐╜рабя┐╜таня┐╜я┐╜я┐╜ я┐╜шибя┐╜я┐╜: Title cannot be empty
      NoviVovi.Domain.Common.DomainException: Title cannot be empty
         at NoviVovi.Domain.Novels.Novel.Create(String title) in D:\Git\NoviVovi\backend\NoviVovi.Domain\Novels\Novel.cs:line 34
         at NoviVovi.Application.Novels.Features.Create.CreateNovelHandler.Handle(CreateNovelCommand request, CancellationToken ct) in D:\Git\NoviVovi\backend\NoviVovi.Application\Novels\Features\Create\CreateNovel.cs:line 34
         at NoviVovi.Application.Novels.Features.Create.CreateNovelHandler.Handle(CreateNovelCommand request, CancellationToken ct) in D:\Git\NoviVovi\backend\NoviVovi.Application\Novels\Features\Create\CreateNovel.cs:line 51
         at NoviVovi.Api.Novels.Controllers.NovelsController.Create(CreateNovelRequest request) in D:\Git\NoviVovi\backend\NoviVovi.Api\Novels\Controllers\NovelsController.cs:line 34
         at lambda_method244(Closure, Object)
         at Microsoft.AspNetCore.Mvc.Infrastructure.ActionMethodExecutor.AwaitableObjectResultExecutor.Execute(ActionContext actionContext, IActionResultTypeMapper mapper, ObjectMethodExecutor executor, Object controller, Object[] arguments)
         at Microsoft.AspNetCore.Mvc.Infrastructure.ControllerActionInvoker.<InvokeActionMethodAsync>g__Awaited|12_0(ControllerActionInvoker invoker, ValueTask`1 actionResultValueTask)
         at Microsoft.AspNetCore.Mvc.Infrastructure.ControllerActionInvoker.<InvokeNextActionFilterAsync>g__Awaited|10_0(ControllerActionInvoker invoker, Task lastTask, State next, Scope scope, Object state, Boolean isCompleted)
         at Microsoft.AspNetCore.Mvc.Infrastructure.ControllerActionInvoker.Rethrow(ActionExecutedContextSealed context)
         at Microsoft.AspNetCore.Mvc.Infrastructure.ControllerActionInvoker.InvokeInnerFilterAsync()
      --- End of stack trace from previous location ---
         at Microsoft.AspNetCore.Mvc.Infrastructure.ResourceInvoker.<InvokeFilterPipelineAsync>g__Awaited|20_0(ResourceInvoker invoker, Task lastTask, State next, Scope scope, Object state, Boolean isCompleted)
         at Microsoft.AspNetCore.Mvc.Infrastructure.ResourceInvoker.<InvokeAsync>g__Awaited|17_0(ResourceInvoker invoker, Task task, IDisposable scope)
         at Microsoft.AspNetCore.Mvc.Infrastructure.ResourceInvoker.<InvokeAsync>g__Awaited|17_0(ResourceInvoker invoker, Task task, IDisposable scope)
         at Microsoft.AspNetCore.Authorization.AuthorizationMiddleware.Invoke(HttpContext context)
         at Microsoft.AspNetCore.Authentication.AuthenticationMiddleware.Invoke(HttpContext context)
         at Microsoft.AspNetCore.Diagnostics.ExceptionHandlerMiddlewareImpl.<Invoke>g__Awaited|10_0(ExceptionHandlerMiddlewareImpl middleware, HttpContext context, Task task)
  ╨Я╤А╨╛╨╣╨┤╨╡╨╜ NoviVovi.Api.Tests.Novels.NovelsControllerTests.ExportNovelToRenPy_NonExistingId_ReturnsNotFound [7 ms]
  ╨Я╤А╨╛╨╣╨┤╨╡╨╜ NoviVovi.Api.Tests.Novels.NovelsControllerTests.CreateNovel_EmptyTitle_ReturnsUnprocessableEntity [4 ms]
  ╨Я╤А╨╛╨╣╨┤╨╡╨╜ NoviVovi.Api.Tests.Novels.NovelsControllerTests.PatchNovel_ValidRequest_UpdatesNovel [26 ms]
  ╨Я╤А╨╛╨╣╨┤╨╡╨╜ NoviVovi.Api.Tests.Novels.NovelsControllerTests.GetAllNovels_ReturnsAllNovels [40 ms]
fail: NoviVovi.Api.Infrastructure.GlobalExceptionHandler[0]
      я┐╜роия┐╜я┐╜шла я┐╜я┐╜я┐╜я┐╜рабя┐╜таня┐╜я┐╜я┐╜ я┐╜шибя┐╜я┐╜: я┐╜я┐╜я┐╜я┐╜я┐╜я┐╜я┐╜ 'e17a33f9-488d-4f6f-b179-0b8df805b700' я┐╜я┐╜ я┐╜я┐╜я┐╜я┐╜я┐╜я┐╜я┐╜
      NoviVovi.Application.Common.Exceptions.NotFoundException: я┐╜я┐╜я┐╜я┐╜я┐╜я┐╜я┐╜ 'e17a33f9-488d-4f6f-b179-0b8df805b700' я┐╜я┐╜ я┐╜я┐╜я┐╜я┐╜я┐╜я┐╜я┐╜
         at NoviVovi.Application.Novels.Features.Delete.DeleteNovelHandler.Handle(DeleteNovelCommand request, CancellationToken ct) in D:\Git\NoviVovi\backend\NoviVovi.Application\Novels\Features\Delete\DeleteNovel.cs:line 25
         at NoviVovi.Application.Novels.Features.Delete.DeleteNovelHandler.Handle(DeleteNovelCommand request, CancellationToken ct) in D:\Git\NoviVovi\backend\NoviVovi.Application\Novels\Features\Delete\DeleteNovel.cs:line 35
         at MediatR.Wrappers.RequestHandlerWrapperImpl`1.<>c__DisplayClass1_0.<<Handle>g__Handler|0>d.MoveNext()
      --- End of stack trace from previous location ---
         at NoviVovi.Api.Novels.Controllers.NovelsController.Delete(Guid novelId) in D:\Git\NoviVovi\backend\NoviVovi.Api\Novels\Controllers\NovelsController.cs:line 75
         at Microsoft.AspNetCore.Mvc.Infrastructure.ActionMethodExecutor.TaskOfIActionResultExecutor.Execute(ActionContext actionContext, IActionResultTypeMapper mapper, ObjectMethodExecutor executor, Object controller, Object[] arguments)
         at Microsoft.AspNetCore.Mvc.Infrastructure.ControllerActionInvoker.<InvokeActionMethodAsync>g__Awaited|12_0(ControllerActionInvoker invoker, ValueTask`1 actionResultValueTask)
         at Microsoft.AspNetCore.Mvc.Infrastructure.ControllerActionInvoker.<InvokeNextActionFilterAsync>g__Awaited|10_0(ControllerActionInvoker invoker, Task lastTask, State next, Scope scope, Object state, Boolean isCompleted)
         at Microsoft.AspNetCore.Mvc.Infrastructure.ControllerActionInvoker.Rethrow(ActionExecutedContextSealed context)
         at Microsoft.AspNetCore.Mvc.Infrastructure.ControllerActionInvoker.Next(State& next, Scope& scope, Object& state, Boolean& isCompleted)
         at Microsoft.AspNetCore.Mvc.Infrastructure.ControllerActionInvoker.<InvokeInnerFilterAsync>g__Awaited|13_0(ControllerActionInvoker invoker, Task lastTask, State next, Scope scope, Object state, Boolean isCompleted)
         at Microsoft.AspNetCore.Mvc.Infrastructure.ResourceInvoker.<InvokeFilterPipelineAsync>g__Awaited|20_0(ResourceInvoker invoker, Task lastTask, State next, Scope scope, Object state, Boolean isCompleted)
         at Microsoft.AspNetCore.Mvc.Infrastructure.ResourceInvoker.<InvokeAsync>g__Awaited|17_0(ResourceInvoker invoker, Task task, IDisposable scope)
         at Microsoft.AspNetCore.Mvc.Infrastructure.ResourceInvoker.<InvokeAsync>g__Awaited|17_0(ResourceInvoker invoker, Task task, IDisposable scope)
         at Microsoft.AspNetCore.Authorization.AuthorizationMiddleware.Invoke(HttpContext context)
         at Microsoft.AspNetCore.Authentication.AuthenticationMiddleware.Invoke(HttpContext context)
         at Microsoft.AspNetCore.Diagnostics.ExceptionHandlerMiddlewareImpl.<Invoke>g__Awaited|10_0(ExceptionHandlerMiddlewareImpl middleware, HttpContext context, Task task)
  ╨Я╤А╨╛╨╣╨┤╨╡╨╜ NoviVovi.Api.Tests.Novels.NovelsControllerTests.DeleteNovel_NonExistingId_ReturnsNotFound [6 ms]
fail: NoviVovi.Api.Infrastructure.GlobalExceptionHandler[0]
      я┐╜роия┐╜я┐╜шла я┐╜я┐╜я┐╜я┐╜рабя┐╜таня┐╜я┐╜я┐╜ я┐╜шибя┐╜я┐╜: я┐╜я┐╜я┐╜я┐╜я┐╜я┐╜я┐╜ '1f2ccaed-5fa3-44ff-8a8f-245f2ed73dc9' я┐╜я┐╜ я┐╜я┐╜я┐╜я┐╜я┐╜я┐╜я┐╜
      NoviVovi.Application.Common.Exceptions.NotFoundException: я┐╜я┐╜я┐╜я┐╜я┐╜я┐╜я┐╜ '1f2ccaed-5fa3-44ff-8a8f-245f2ed73dc9' я┐╜я┐╜ я┐╜я┐╜я┐╜я┐╜я┐╜я┐╜я┐╜
         at NoviVovi.Application.Novels.Features.Get.GetNovelHandler.Handle(GetNovelQuery request, CancellationToken ct) in D:\Git\NoviVovi\backend\NoviVovi.Application\Novels\Features\Get\GetNovel.cs:line 20
         at NoviVovi.Api.Novels.Controllers.NovelsController.Get(Guid novelId) in D:\Git\NoviVovi\backend\NoviVovi.Api\Novels\Controllers\NovelsController.cs:line 44
         at lambda_method272(Closure, Object)
         at Microsoft.AspNetCore.Mvc.Infrastructure.ActionMethodExecutor.AwaitableObjectResultExecutor.Execute(ActionContext actionContext, IActionResultTypeMapper mapper, ObjectMethodExecutor executor, Object controller, Object[] arguments)
         at Microsoft.AspNetCore.Mvc.Infrastructure.ControllerActionInvoker.<InvokeActionMethodAsync>g__Awaited|12_0(ControllerActionInvoker invoker, ValueTask`1 actionResultValueTask)
         at Microsoft.AspNetCore.Mvc.Infrastructure.ControllerActionInvoker.<InvokeNextActionFilterAsync>g__Awaited|10_0(ControllerActionInvoker invoker, Task lastTask, State next, Scope scope, Object state, Boolean isCompleted)
         at Microsoft.AspNetCore.Mvc.Infrastructure.ControllerActionInvoker.Rethrow(ActionExecutedContextSealed context)
         at Microsoft.AspNetCore.Mvc.Infrastructure.ControllerActionInvoker.Next(State& next, Scope& scope, Object& state, Boolean& isCompleted)
         at Microsoft.AspNetCore.Mvc.Infrastructure.ControllerActionInvoker.<InvokeInnerFilterAsync>g__Awaited|13_0(ControllerActionInvoker invoker, Task lastTask, State next, Scope scope, Object state, Boolean isCompleted)
         at Microsoft.AspNetCore.Mvc.Infrastructure.ResourceInvoker.<InvokeFilterPipelineAsync>g__Awaited|20_0(ResourceInvoker invoker, Task lastTask, State next, Scope scope, Object state, Boolean isCompleted)
         at Microsoft.AspNetCore.Mvc.Infrastructure.ResourceInvoker.<InvokeAsync>g__Awaited|17_0(ResourceInvoker invoker, Task task, IDisposable scope)
         at Microsoft.AspNetCore.Mvc.Infrastructure.ResourceInvoker.<InvokeAsync>g__Awaited|17_0(ResourceInvoker invoker, Task task, IDisposable scope)
         at Microsoft.AspNetCore.Authorization.AuthorizationMiddleware.Invoke(HttpContext context)
         at Microsoft.AspNetCore.Authentication.AuthenticationMiddleware.Invoke(HttpContext context)
         at Microsoft.AspNetCore.Diagnostics.ExceptionHandlerMiddlewareImpl.<Invoke>g__Awaited|10_0(ExceptionHandlerMiddlewareImpl middleware, HttpContext context, Task task)
  ╨Я╤А╨╛╨╣╨┤╨╡╨╜ NoviVovi.Api.Tests.Novels.NovelsControllerTests.GetNovel_NonExistingId_ReturnsNotFound [27 ms]
info: Microsoft.Hosting.Lifetime[0]
      Application is shutting down...
info: Microsoft.Hosting.Lifetime[0]
      Application started. Press Ctrl+C to shut down.
info: Microsoft.Hosting.Lifetime[0]
      Hosting environment: Testing
info: Microsoft.Hosting.Lifetime[0]
      Content root path: D:\Git\NoviVovi\backend\NoviVovi.Api
warn: Microsoft.AspNetCore.HttpsPolicy.HttpsRedirectionMiddleware[3]
      Failed to determine the https port for redirect.
warn: LuckyPennySoftware.MediatR.License[0]
      You do not have a valid license key for the Lucky Penny software MediatR. This is allowed for development and testing scenarios. If you are running in production you are required to have a licensed version. Please visit https://luckypennysoftware.com to obtain a valid license.
[xUnit.net 00:01:56.76]     NoviVovi.Api.Tests.Preview.PreviewControllerTests.GetPreview_WithBackground_ReturnsSceneSta
teWithBackground [FAIL]
[xUnit.net 00:01:56.76]       System.Net.Http.HttpRequestException : Response status code does not indicate success: 404 (Not Found).
[xUnit.net 00:01:56.76]       Stack Trace:
[xUnit.net 00:01:56.76]            at System.Net.Http.HttpResponseMessage.EnsureSuccessStatusCode()
[xUnit.net 00:01:56.76]         D:\Git\NoviVovi\tests\NoviVovi.Api.Tests\Infrastructure\IntegrationTestBase.cs(46,0): at NoviVovi.Api.Tests.Infrastructure.IntegrationTestBase.PostAsync[TResponse](String url, Object request)
[xUnit.net 00:01:56.76]         D:\Git\NoviVovi\tests\NoviVovi.Api.Tests\Preview\PreviewControllerTests.cs(53,0): at NoviVovi.Api.Tests.Preview.PreviewControllerTests.CreateTestImageAsync(Guid novelId, ImageTypeRequest type)
[xUnit.net 00:01:56.76]         D:\Git\NoviVovi\tests\NoviVovi.Api.Tests\Preview\PreviewControllerTests.cs(101,0): at NoviVovi.Api.Tests.Preview.PreviewControllerTests.GetPreview_WithBackground_ReturnsSceneStateWithBackground()
[xUnit.net 00:01:56.76]         --- End of stack trace from previous location ---
[xUnit.net 00:01:57.33]     NoviVovi.Api.Tests.Preview.PreviewControllerTests.GetPreview_ComplexScene_ReturnsFullState 
[FAIL]
[xUnit.net 00:01:57.33]       System.Net.Http.HttpRequestException : Response status code does not indicate success: 404 (Not Found).
[xUnit.net 00:01:57.33]       Stack Trace:
[xUnit.net 00:01:57.33]            at System.Net.Http.HttpResponseMessage.EnsureSuccessStatusCode()
[xUnit.net 00:01:57.33]         D:\Git\NoviVovi\tests\NoviVovi.Api.Tests\Infrastructure\IntegrationTestBase.cs(46,0): at NoviVovi.Api.Tests.Infrastructure.IntegrationTestBase.PostAsync[TResponse](String url, Object request)
[xUnit.net 00:01:57.33]         D:\Git\NoviVovi\tests\NoviVovi.Api.Tests\Preview\PreviewControllerTests.cs(53,0): at NoviVovi.Api.Tests.Preview.PreviewControllerTests.CreateTestImageAsync(Guid novelId, ImageTypeRequest type)
[xUnit.net 00:01:57.33]         D:\Git\NoviVovi\tests\NoviVovi.Api.Tests\Preview\PreviewControllerTests.cs(249,0): at NoviVovi.Api.Tests.Preview.PreviewControllerTests.GetPreview_ComplexScene_ReturnsFullState()
[xUnit.net 00:01:57.33]         --- End of stack trace from previous location ---
  ╨Э╨╡ ╨┐╤А╨╛╨╣╨┤╨╡╨╜ NoviVovi.Api.Tests.Preview.PreviewControllerTests.GetPreview_WithBackground_ReturnsSceneStateWithBackground [63 ms]
  ╨б╨╛╨╛╨▒╤Й╨╡╨╜╨╕╨╡ ╨╛╨▒ ╨╛╤И╨╕╨▒╨║╨╡:
   System.Net.Http.HttpRequestException : Response status code does not indicate success: 404 (Not Found).
  ╨в╤А╨░╤Б╤Б╨╕╤А╨╛╨▓╨║╨░ ╤Б╤В╨╡╨║╨░:
     at System.Net.Http.HttpResponseMessage.EnsureSuccessStatusCode()
   at NoviVovi.Api.Tests.Infrastructure.IntegrationTestBase.PostAsync[TResponse](String url, Object request) in D:\Git\NoviVovi\tests\NoviVovi.Api.Tests\Infrastructure\IntegrationTestBase.cs:line 46
   at NoviVovi.Api.Tests.Preview.PreviewControllerTests.CreateTestImageAsync(Guid novelId, ImageTypeRequest type) in D:\Git\NoviVovi\tests\NoviVovi.Api.Tests\Preview\PreviewControllerTests.cs:line 53
   at NoviVovi.Api.Tests.Preview.PreviewControllerTests.GetPreview_WithBackground_ReturnsSceneStateWithBackground() in D:\Git\NoviVovi\tests\NoviVovi.Api.Tests\Preview\PreviewControllerTests.cs:line 101
--- End of stack trace from previous location ---
  ╨Э╨╡ ╨┐╤А╨╛╨╣╨┤╨╡╨╜ NoviVovi.Api.Tests.Preview.PreviewControllerTests.GetPreview_ComplexScene_ReturnsFullState [43 ms]
  ╨б╨╛╨╛╨▒╤Й╨╡╨╜╨╕╨╡ ╨╛╨▒ ╨╛╤И╨╕╨▒╨║╨╡:
   System.Net.Http.HttpRequestException : Response status code does not indicate success: 404 (Not Found).
  ╨в╤А╨░╤Б╤Б╨╕╤А╨╛╨▓╨║╨░ ╤Б╤В╨╡╨║╨░:
     at System.Net.Http.HttpResponseMessage.EnsureSuccessStatusCode()
   at NoviVovi.Api.Tests.Infrastructure.IntegrationTestBase.PostAsync[TResponse](String url, Object request) in D:\Git\NoviVovi\tests\NoviVovi.Api.Tests\Infrastructure\IntegrationTestBase.cs:line 46
   at NoviVovi.Api.Tests.Preview.PreviewControllerTests.CreateTestImageAsync(Guid novelId, ImageTypeRequest type) in D:\Git\NoviVovi\tests\NoviVovi.Api.Tests\Preview\PreviewControllerTests.cs:line 53
   at NoviVovi.Api.Tests.Preview.PreviewControllerTests.GetPreview_ComplexScene_ReturnsFullState() in D:\Git\NoviVovi\tests\NoviVovi.Api.Tests\Preview\PreviewControllerTests.cs:line 249
--- End of stack trace from previous location ---
[xUnit.net 00:01:58.35]     NoviVovi.Api.Tests.Preview.PreviewControllerTests.GetPreview_NonExistingStep_ReturnsNotFoun
d [FAIL]
[xUnit.net 00:01:58.35]       Assert.Equal() Failure: Values differ
[xUnit.net 00:01:58.35]       Expected: NotFound
[xUnit.net 00:01:58.35]       Actual:   OK
[xUnit.net 00:01:58.35]       Stack Trace:
[xUnit.net 00:01:58.35]         D:\Git\NoviVovi\tests\NoviVovi.Api.Tests\Preview\PreviewControllerTests.cs(220,0): at NoviVovi.Api.Tests.Preview.PreviewControllerTests.GetPreview_NonExistingStep_ReturnsNotFound()
[xUnit.net 00:01:58.35]         --- End of stack trace from previous location ---
[xUnit.net 00:01:58.87]     NoviVovi.Api.Tests.Preview.PreviewControllerTests.GetPreview_MultipleSteps_AccumulatesState
 [FAIL]
[xUnit.net 00:01:58.87]       System.Net.Http.HttpRequestException : Response status code does not indicate success: 404 (Not Found).
[xUnit.net 00:01:58.87]       Stack Trace:
[xUnit.net 00:01:58.87]            at System.Net.Http.HttpResponseMessage.EnsureSuccessStatusCode()
[xUnit.net 00:01:58.87]         D:\Git\NoviVovi\tests\NoviVovi.Api.Tests\Infrastructure\IntegrationTestBase.cs(46,0): at NoviVovi.Api.Tests.Infrastructure.IntegrationTestBase.PostAsync[TResponse](String url, Object request)
[xUnit.net 00:01:58.87]         D:\Git\NoviVovi\tests\NoviVovi.Api.Tests\Preview\PreviewControllerTests.cs(53,0): at NoviVovi.Api.Tests.Preview.PreviewControllerTests.CreateTestImageAsync(Guid novelId, ImageTypeRequest type)
[xUnit.net 00:01:58.87]         D:\Git\NoviVovi\tests\NoviVovi.Api.Tests\Preview\PreviewControllerTests.cs(147,0): at NoviVovi.Api.Tests.Preview.PreviewControllerTests.GetPreview_MultipleSteps_AccumulatesState()
[xUnit.net 00:01:58.87]         --- End of stack trace from previous location ---
  ╨Э╨╡ ╨┐╤А╨╛╨╣╨┤╨╡╨╜ NoviVovi.Api.Tests.Preview.PreviewControllerTests.GetPreview_NonExistingStep_ReturnsNotFound [41 ms]
  ╨б╨╛╨╛╨▒╤Й╨╡╨╜╨╕╨╡ ╨╛╨▒ ╨╛╤И╨╕╨▒╨║╨╡:
   Assert.Equal() Failure: Values differ
Expected: NotFound
Actual:   OK
  ╨в╤А╨░╤Б╤Б╨╕╤А╨╛╨▓╨║╨░ ╤Б╤В╨╡╨║╨░:
     at NoviVovi.Api.Tests.Preview.PreviewControllerTests.GetPreview_NonExistingStep_ReturnsNotFound() in D:\Git\NoviVovi\tests\NoviVovi.Api.Tests\Preview\PreviewControllerTests.cs:line 220
--- End of stack trace from previous location ---
  ╨Э╨╡ ╨┐╤А╨╛╨╣╨┤╨╡╨╜ NoviVovi.Api.Tests.Preview.PreviewControllerTests.GetPreview_MultipleSteps_AccumulatesState [24 ms]
  ╨б╨╛╨╛╨▒╤Й╨╡╨╜╨╕╨╡ ╨╛╨▒ ╨╛╤И╨╕╨▒╨║╨╡:
   System.Net.Http.HttpRequestException : Response status code does not indicate success: 404 (Not Found).
  ╨в╤А╨░╤Б╤Б╨╕╤А╨╛╨▓╨║╨░ ╤Б╤В╨╡╨║╨░:
     at System.Net.Http.HttpResponseMessage.EnsureSuccessStatusCode()
   at NoviVovi.Api.Tests.Infrastructure.IntegrationTestBase.PostAsync[TResponse](String url, Object request) in D:\Git\NoviVovi\tests\NoviVovi.Api.Tests\Infrastructure\IntegrationTestBase.cs:line 46
   at NoviVovi.Api.Tests.Preview.PreviewControllerTests.CreateTestImageAsync(Guid novelId, ImageTypeRequest type) in D:\Git\NoviVovi\tests\NoviVovi.Api.Tests\Preview\PreviewControllerTests.cs:line 53
   at NoviVovi.Api.Tests.Preview.PreviewControllerTests.GetPreview_MultipleSteps_AccumulatesState() in D:\Git\NoviVovi\tests\NoviVovi.Api.Tests\Preview\PreviewControllerTests.cs:line 147
--- End of stack trace from previous location ---
[xUnit.net 00:01:59.47]     NoviVovi.Api.Tests.Preview.PreviewControllerTests.GetPreview_SimpleReplicaStep_ReturnsScene
State [FAIL]
[xUnit.net 00:01:59.47]       System.NotSupportedException : The JSON payload for polymorphic interface or abstract type 'NoviVovi.Api.Steps.Responses.StepResponse' must specify a type discriminator. Path: $ | LineNumber: 0 | BytePositionInLine: 11.
[xUnit.net 00:01:59.47]       ---- System.NotSupportedException : The JSON payload for polymorphic interface or abstract type 'NoviVovi.Api.Steps.Responses.StepResponse' must specify a type discriminator.
[xUnit.net 00:01:59.47]       Stack Trace:
[xUnit.net 00:01:59.47]            at System.Text.Json.ThrowHelper.ThrowNotSupportedException(ReadStack& state, Utf8JsonReader& reader, Exception innerException)
[xUnit.net 00:01:59.47]            at System.Text.Json.Serialization.Converters.ObjectDefaultConverter`1.OnTryRead(Utf8JsonReader& reader, Type typeToConvert, JsonSerializerOptions options, ReadStack& state, T& value)
[xUnit.net 00:01:59.47]            at System.Text.Json.Serialization.JsonConverter`1.ReadCore(Utf8JsonReader& reader, T& value, JsonSerializerOptions options, ReadStack& state)
[xUnit.net 00:01:59.47]            at System.Text.Json.Serialization.Metadata.JsonTypeInfo`1.DeserializeAsync[TReadBufferState,TStream](TStream utf8Json, TReadBufferState bufferState, CancellationToken cancellationToken)
[xUnit.net 00:01:59.47]            at System.Net.Http.Json.HttpContentJsonExtensions.ReadFromJsonAsyncCore[T](HttpContent content, JsonSerializerOptions options, CancellationToken cancellationToken)
[xUnit.net 00:01:59.47]         D:\Git\NoviVovi\tests\NoviVovi.Api.Tests\Infrastructure\IntegrationTestBase.cs(47,0): at NoviVovi.Api.Tests.Infrastructure.IntegrationTestBase.PostAsync[TResponse](String url, Object request)
[xUnit.net 00:01:59.47]         D:\Git\NoviVovi\tests\NoviVovi.Api.Tests\Preview\PreviewControllerTests.cs(81,0): at NoviVovi.Api.Tests.Preview.PreviewControllerTests.GetPreview_SimpleReplicaStep_ReturnsSceneState()
[xUnit.net 00:01:59.47]         --- End of stack trace from previous location ---
[xUnit.net 00:01:59.47]         ----- Inner Stack Trace -----
[xUnit.net 00:01:59.47]         
[xUnit.net 00:01:59.91]       System.Net.Http.HttpRequestException : Response status code does not indicate success: 404 (Not Found).
[xUnit.net 00:01:59.91]       Stack Trace:
[xUnit.net 00:01:59.91]            at System.Net.Http.HttpResponseMessage.EnsureSuccessStatusCode()
[xUnit.net 00:01:59.91]         D:\Git\NoviVovi\tests\NoviVovi.Api.Tests\Infrastructure\IntegrationTestBase.cs(46,0): at NoviVovi.Api.Tests.Infrastructure.IntegrationTestBase.PostAsync[TResponse](String url, Object request)
[xUnit.net 00:01:59.91]     NoviVovi.Api.Tests.Preview.PreviewControllerTests.GetPreview_WithCharacter_ReturnsSceneStat
eWithCharacter [FAIL]
[xUnit.net 00:01:59.91]         D:\Git\NoviVovi\tests\NoviVovi.Api.Tests\Preview\PreviewControllerTests.cs(53,0): at NoviVovi.Api.Tests.Preview.PreviewControllerTests.CreateTestImageAsync(Guid novelId, ImageTypeRequest type)
[xUnit.net 00:01:59.91]         D:\Git\NoviVovi\tests\NoviVovi.Api.Tests\Preview\PreviewControllerTests.cs(123,0): at NoviVovi.Api.Tests.Preview.PreviewControllerTests.GetPreview_WithCharacter_ReturnsSceneStateWithCharacter()
[xUnit.net 00:01:59.91]         --- End of stack trace from previous location ---
fail: NoviVovi.Api.Infrastructure.GlobalExceptionHandler[0]
      я┐╜роия┐╜я┐╜шла я┐╜я┐╜я┐╜я┐╜рабя┐╜таня┐╜я┐╜я┐╜ я┐╜шибя┐╜я┐╜: я┐╜я┐╜тка '8860b0e3-a42b-4001-b719-fb0d0c32403a' я┐╜я┐╜ я┐╜я┐╜я┐╜я┐╜я┐╜я┐╜я┐╜
      NoviVovi.Application.Common.Exceptions.NotFoundException: я┐╜я┐╜тка '8860b0e3-a42b-4001-b719-fb0d0c32403a' я┐╜я┐╜ я┐╜я┐╜я┐╜я┐╜я┐╜я┐╜я┐╜
         at NoviVovi.Application.Preview.Features.Get.GetScenePreviewHandler.Handle(GetScenePreviewQuery request, CancellationToken ct) in D:\Git\NoviVovi\backend\NoviVovi.Application\Preview\Features\Get\GetScenePreview.cs:line 25
         at NoviVovi.Api.Preview.Controllers.PreviewController.GetPreview(Guid novelId, Guid labelId, Guid stepId) in D:\Git\NoviVovi\backend\NoviVovi.Api\Preview\Controllers\PreviewController.cs:line 23
         at lambda_method337(Closure, Object)
         at Microsoft.AspNetCore.Mvc.Infrastructure.ActionMethodExecutor.AwaitableObjectResultExecutor.Execute(ActionContext actionContext, IActionResultTypeMapper mapper, ObjectMethodExecutor executor, Object controller, Object[] arguments)
         at Microsoft.AspNetCore.Mvc.Infrastructure.ControllerActionInvoker.<InvokeActionMethodAsync>g__Awaited|12_0(ControllerActionInvoker invoker, ValueTask`1 actionResultValueTask)
         at Microsoft.AspNetCore.Mvc.Infrastructure.ControllerActionInvoker.<InvokeNextActionFilterAsync>g__Awaited|10_0(ControllerActionInvoker invoker, Task lastTask, State next, Scope scope, Object state, Boolean isCompleted)
         at Microsoft.AspNetCore.Mvc.Infrastructure.ControllerActionInvoker.Rethrow(ActionExecutedContextSealed context)
         at Microsoft.AspNetCore.Mvc.Infrastructure.ControllerActionInvoker.Next(State& next, Scope& scope, Object& state, Boolean& isCompleted)
         at Microsoft.AspNetCore.Mvc.Infrastructure.ControllerActionInvoker.<InvokeInnerFilterAsync>g__Awaited|13_0(ControllerActionInvoker invoker, Task lastTask, State next, Scope scope, Object state, Boolean isCompleted)
         at Microsoft.AspNetCore.Mvc.Infrastructure.ResourceInvoker.<InvokeFilterPipelineAsync>g__Awaited|20_0(ResourceInvoker invoker, Task lastTask, State next, Scope scope, Object state, Boolean isCompleted)
         at Microsoft.AspNetCore.Mvc.Infrastructure.ResourceInvoker.<InvokeAsync>g__Awaited|17_0(ResourceInvoker invoker, Task task, IDisposable scope)
         at Microsoft.AspNetCore.Mvc.Infrastructure.ResourceInvoker.<InvokeAsync>g__Awaited|17_0(ResourceInvoker invoker, Task task, IDisposable scope)
         at Microsoft.AspNetCore.Authorization.AuthorizationMiddleware.Invoke(HttpContext context)
         at Microsoft.AspNetCore.Authentication.AuthenticationMiddleware.Invoke(HttpContext context)
         at Microsoft.AspNetCore.Diagnostics.ExceptionHandlerMiddlewareImpl.<Invoke>g__Awaited|10_0(ExceptionHandlerMiddlewareImpl middleware, HttpContext context, Task task)
  ╨Э╨╡ ╨┐╤А╨╛╨╣╨┤╨╡╨╜ NoviVovi.Api.Tests.Preview.PreviewControllerTests.GetPreview_SimpleReplicaStep_ReturnsSceneState [65 ms]
  ╨б╨╛╨╛╨▒╤Й╨╡╨╜╨╕╨╡ ╨╛╨▒ ╨╛╤И╨╕╨▒╨║╨╡:
   System.NotSupportedException : The JSON payload for polymorphic interface or abstract type 'NoviVovi.Api.Steps.Responses.StepResponse' must specify a type discriminator. Path: $ | LineNumber: 0 | BytePositionInLine: 11.
---- System.NotSupportedException : The JSON payload for polymorphic interface or abstract type 'NoviVovi.Api.Steps.Responses.StepResponse' must specify a type discriminator.
  ╨в╤А╨░╤Б╤Б╨╕╤А╨╛╨▓╨║╨░ ╤Б╤В╨╡╨║╨░:
     at System.Text.Json.ThrowHelper.ThrowNotSupportedException(ReadStack& state, Utf8JsonReader& reader, Exception innerException)
   at System.Text.Json.Serialization.Converters.ObjectDefaultConverter`1.OnTryRead(Utf8JsonReader& reader, Type typeToConvert, JsonSerializerOptions options, ReadStack& state, T& value)
   at System.Text.Json.Serialization.JsonConverter`1.ReadCore(Utf8JsonReader& reader, T& value, JsonSerializerOptions options, ReadStack& state)
   at System.Text.Json.Serialization.Metadata.JsonTypeInfo`1.DeserializeAsync[TReadBufferState,TStream](TStream utf8Json, TReadBufferState bufferState, CancellationToken cancellationToken)
   at System.Net.Http.Json.HttpContentJsonExtensions.ReadFromJsonAsyncCore[T](HttpContent content, JsonSerializerOptions options, CancellationToken cancellationToken)
   at NoviVovi.Api.Tests.Infrastructure.IntegrationTestBase.PostAsync[TResponse](String url, Object request) in D:\Git\NoviVovi\tests\NoviVovi.Api.Tests\Infrastructure\IntegrationTestBase.cs:line 47
   at NoviVovi.Api.Tests.Preview.PreviewControllerTests.GetPreview_SimpleReplicaStep_ReturnsSceneState() in D:\Git\NoviVovi\tests\NoviVovi.Api.Tests\Preview\PreviewControllerTests.cs:line 81
--- End of stack trace from previous location ---
----- Inner Stack Trace -----

  ╨Э╨╡ ╨┐╤А╨╛╨╣╨┤╨╡╨╜ NoviVovi.Api.Tests.Preview.PreviewControllerTests.GetPreview_WithCharacter_ReturnsSceneStateWithCharacter [19 ms]
  ╨б╨╛╨╛╨▒╤Й╨╡╨╜╨╕╨╡ ╨╛╨▒ ╨╛╤И╨╕╨▒╨║╨╡:
   System.Net.Http.HttpRequestException : Response status code does not indicate success: 404 (Not Found).
  ╨в╤А╨░╤Б╤Б╨╕╤А╨╛╨▓╨║╨░ ╤Б╤В╨╡╨║╨░:
     at System.Net.Http.HttpResponseMessage.EnsureSuccessStatusCode()
   at NoviVovi.Api.Tests.Infrastructure.IntegrationTestBase.PostAsync[TResponse](String url, Object request) in D:\Git\NoviVovi\tests\NoviVovi.Api.Tests\Infrastructure\IntegrationTestBase.cs:line 46
   at NoviVovi.Api.Tests.Preview.PreviewControllerTests.CreateTestImageAsync(Guid novelId, ImageTypeRequest type) in D:\Git\NoviVovi\tests\NoviVovi.Api.Tests\Preview\PreviewControllerTests.cs:line 53
   at NoviVovi.Api.Tests.Preview.PreviewControllerTests.GetPreview_WithCharacter_ReturnsSceneStateWithCharacter() in D:\Git\NoviVovi\tests\NoviVovi.Api.Tests\Preview\PreviewControllerTests.cs:line 123
--- End of stack trace from previous location ---
  ╨Я╤А╨╛╨╣╨┤╨╡╨╜ NoviVovi.Api.Tests.Preview.PreviewControllerTests.GetPreview_NonExistingNovel_ReturnsNotFound [6 ms]
[xUnit.net 00:02:00.78]     NoviVovi.Api.Tests.Preview.PreviewControllerTests.GetPreview_HideCharacterStep_RemovesChara
cterFromState [FAIL]
[xUnit.net 00:02:00.78]       System.Net.Http.HttpRequestException : Response status code does not indicate success: 404 (Not Found).
[xUnit.net 00:02:00.78]       Stack Trace:
[xUnit.net 00:02:00.78]            at System.Net.Http.HttpResponseMessage.EnsureSuccessStatusCode()
[xUnit.net 00:02:00.78]         D:\Git\NoviVovi\tests\NoviVovi.Api.Tests\Infrastructure\IntegrationTestBase.cs(46,0): at NoviVovi.Api.Tests.Infrastructure.IntegrationTestBase.PostAsync[TResponse](String url, Object request)
[xUnit.net 00:02:00.78]         D:\Git\NoviVovi\tests\NoviVovi.Api.Tests\Preview\PreviewControllerTests.cs(53,0): at NoviVovi.Api.Tests.Preview.PreviewControllerTests.CreateTestImageAsync(Guid novelId, ImageTypeRequest type)
[xUnit.net 00:02:00.78]         D:\Git\NoviVovi\tests\NoviVovi.Api.Tests\Preview\PreviewControllerTests.cs(185,0): at NoviVovi.Api.Tests.Preview.PreviewControllerTests.GetPreview_HideCharacterStep_RemovesCharacterFromState()
[xUnit.net 00:02:00.78]         --- End of stack trace from previous location ---
  ╨Э╨╡ ╨┐╤А╨╛╨╣╨┤╨╡╨╜ NoviVovi.Api.Tests.Preview.PreviewControllerTests.GetPreview_HideCharacterStep_RemovesCharacterFromState [23 ms]
  ╨б╨╛╨╛╨▒╤Й╨╡╨╜╨╕╨╡ ╨╛╨▒ ╨╛╤И╨╕╨▒╨║╨╡:
   System.Net.Http.HttpRequestException : Response status code does not indicate success: 404 (Not Found).
  ╨в╤А╨░╤Б╤Б╨╕╤А╨╛╨▓╨║╨░ ╤Б╤В╨╡╨║╨░:
     at System.Net.Http.HttpResponseMessage.EnsureSuccessStatusCode()
   at NoviVovi.Api.Tests.Infrastructure.IntegrationTestBase.PostAsync[TResponse](String url, Object request) in D:\Git\NoviVovi\tests\NoviVovi.Api.Tests\Infrastructure\IntegrationTestBase.cs:line 46
   at NoviVovi.Api.Tests.Preview.PreviewControllerTests.CreateTestImageAsync(Guid novelId, ImageTypeRequest type) in D:\Git\NoviVovi\tests\NoviVovi.Api.Tests\Preview\PreviewControllerTests.cs:line 53
   at NoviVovi.Api.Tests.Preview.PreviewControllerTests.GetPreview_HideCharacterStep_RemovesCharacterFromState() in D:\Git\NoviVovi\tests\NoviVovi.Api.Tests\Preview\PreviewControllerTests.cs:line 185
--- End of stack trace from previous location ---
info: Microsoft.Hosting.Lifetime[0]
      Application is shutting down...
info: Microsoft.Hosting.Lifetime[0]
      Application started. Press Ctrl+C to shut down.
info: Microsoft.Hosting.Lifetime[0]
      Hosting environment: Testing
info: Microsoft.Hosting.Lifetime[0]
      Content root path: D:\Git\NoviVovi\backend\NoviVovi.Api
warn: Microsoft.AspNetCore.HttpsPolicy.HttpsRedirectionMiddleware[3]
      Failed to determine the https port for redirect.
warn: LuckyPennySoftware.MediatR.License[0]
      You do not have a valid license key for the Lucky Penny software MediatR. This is allowed for development and testing scenarios. If you are running in production you are required to have a licensed version. Please visit https://luckypennysoftware.com to obtain a valid license.
[xUnit.net 00:02:11.24]     NoviVovi.Api.Tests.Steps.StepsControllerTests.DeleteStep_ExistingId_DeletesStep [FAIL]
[xUnit.net 00:02:11.24]       System.NotSupportedException : The JSON payload for polymorphic interface or abstract type 'NoviVovi.Api.Steps.Responses.StepResponse' must specify a type discriminator. Path: $ | LineNumber: 0 | BytePositionInLine: 11.
[xUnit.net 00:02:11.24]       ---- System.NotSupportedException : The JSON payload for polymorphic interface or abstract type 'NoviVovi.Api.Steps.Responses.StepResponse' must specify a type discriminator.
[xUnit.net 00:02:11.24]       Stack Trace:
[xUnit.net 00:02:11.24]            at System.Text.Json.ThrowHelper.ThrowNotSupportedException(ReadStack& state, Utf8JsonReader& reader, Exception innerException)
[xUnit.net 00:02:11.24]            at System.Text.Json.Serialization.Converters.ObjectDefaultConverter`1.OnTryRead(Utf8JsonReader& reader, Type typeToConvert, JsonSerializerOptions options, ReadStack& state, T& value)
[xUnit.net 00:02:11.24]            at System.Text.Json.Serialization.JsonConverter`1.ReadCore(Utf8JsonReader& reader, T& value, JsonSerializerOptions options, ReadStack& state)
[xUnit.net 00:02:11.25]            at System.Text.Json.Serialization.Metadata.JsonTypeInfo`1.DeserializeAsync[TReadBufferState,TStream](TStream utf8Json, TReadBufferState bufferState, CancellationToken cancellationToken)
[xUnit.net 00:02:11.25]            at System.Net.Http.Json.HttpContentJsonExtensions.ReadFromJsonAsyncCore[T](HttpContent content, JsonSerializerOptions options, CancellationToken cancellationToken)
[xUnit.net 00:02:11.25]         D:\Git\NoviVovi\tests\NoviVovi.Api.Tests\Infrastructure\IntegrationTestBase.cs(47,0): at NoviVovi.Api.Tests.Infrastructure.IntegrationTestBase.PostAsync[TResponse](String url, Object request)
[xUnit.net 00:02:11.25]         D:\Git\NoviVovi\tests\NoviVovi.Api.Tests\Steps\StepsControllerTests.cs(502,0): at NoviVovi.Api.Tests.Steps.StepsControllerTests.DeleteStep_ExistingId_DeletesStep()
[xUnit.net 00:02:11.25]         --- End of stack trace from previous location ---
[xUnit.net 00:02:11.25]         ----- Inner Stack Trace -----
[xUnit.net 00:02:11.25]         
[xUnit.net 00:02:11.66]     NoviVovi.Api.Tests.Steps.StepsControllerTests.StepOrder_MultipleSteps_MaintainsCorrectOrder
 [FAIL]
[xUnit.net 00:02:11.66]       System.NotSupportedException : The JSON payload for polymorphic interface or abstract type 'NoviVovi.Api.Steps.Responses.StepResponse' must specify a type discriminator. Path: $ | LineNumber: 0 | BytePositionInLine: 11.
[xUnit.net 00:02:11.66]       ---- System.NotSupportedException : The JSON payload for polymorphic interface or abstract type 'NoviVovi.Api.Steps.Responses.StepResponse' must specify a type discriminator.
[xUnit.net 00:02:11.66]       Stack Trace:
[xUnit.net 00:02:11.66]            at System.Text.Json.ThrowHelper.ThrowNotSupportedException(ReadStack& state, Utf8JsonReader& reader, Exception innerException)
[xUnit.net 00:02:11.66]            at System.Text.Json.Serialization.Converters.ObjectDefaultConverter`1.OnTryRead(Utf8JsonReader& reader, Type typeToConvert, JsonSerializerOptions options, ReadStack& state, T& value)
[xUnit.net 00:02:11.66]            at System.Text.Json.Serialization.JsonConverter`1.ReadCore(Utf8JsonReader& reader, T& value, JsonSerializerOptions options, ReadStack& state)
[xUnit.net 00:02:11.66]            at System.Text.Json.Serialization.Metadata.JsonTypeInfo`1.DeserializeAsync[TReadBufferState,TStream](TStream utf8Json, TReadBufferState bufferState, CancellationToken cancellationToken)
[xUnit.net 00:02:11.66]            at System.Net.Http.Json.HttpContentJsonExtensions.ReadFromJsonAsyncCore[T](HttpContent content, JsonSerializerOptions options, CancellationToken cancellationToken)
[xUnit.net 00:02:11.66]         D:\Git\NoviVovi\tests\NoviVovi.Api.Tests\Infrastructure\IntegrationTestBase.cs(47,0): at NoviVovi.Api.Tests.Infrastructure.IntegrationTestBase.PostAsync[TResponse](String url, Object request)
[xUnit.net 00:02:11.66]         D:\Git\NoviVovi\tests\NoviVovi.Api.Tests\Steps\StepsControllerTests.cs(545,0): at NoviVovi.Api.Tests.Steps.StepsControllerTests.StepOrder_MultipleSteps_MaintainsCorrectOrder()
[xUnit.net 00:02:11.66]         --- End of stack trace from previous location ---
[xUnit.net 00:02:11.66]         ----- Inner Stack Trace -----
[xUnit.net 00:02:11.66]         
  ╨Э╨╡ ╨┐╤А╨╛╨╣╨┤╨╡╨╜ NoviVovi.Api.Tests.Steps.StepsControllerTests.DeleteStep_ExistingId_DeletesStep [150 ms]
  ╨б╨╛╨╛╨▒╤Й╨╡╨╜╨╕╨╡ ╨╛╨▒ ╨╛╤И╨╕╨▒╨║╨╡:
   System.NotSupportedException : The JSON payload for polymorphic interface or abstract type 'NoviVovi.Api.Steps.Responses.StepResponse' must specify a type discriminator. Path: $ | LineNumber: 0 | BytePositionInLine: 11.
---- System.NotSupportedException : The JSON payload for polymorphic interface or abstract type 'NoviVovi.Api.Steps.Responses.StepResponse' must specify a type discriminator.
  ╨в╤А╨░╤Б╤Б╨╕╤А╨╛╨▓╨║╨░ ╤Б╤В╨╡╨║╨░:
     at System.Text.Json.ThrowHelper.ThrowNotSupportedException(ReadStack& state, Utf8JsonReader& reader, Exception innerException)
   at System.Text.Json.Serialization.Converters.ObjectDefaultConverter`1.OnTryRead(Utf8JsonReader& reader, Type typeToConvert, JsonSerializerOptions options, ReadStack& state, T& value)
   at System.Text.Json.Serialization.JsonConverter`1.ReadCore(Utf8JsonReader& reader, T& value, JsonSerializerOptions options, ReadStack& state)
   at System.Text.Json.Serialization.Metadata.JsonTypeInfo`1.DeserializeAsync[TReadBufferState,TStream](TStream utf8Json, TReadBufferState bufferState, CancellationToken cancellationToken)
   at System.Net.Http.Json.HttpContentJsonExtensions.ReadFromJsonAsyncCore[T](HttpContent content, JsonSerializerOptions options, CancellationToken cancellationToken)
   at NoviVovi.Api.Tests.Infrastructure.IntegrationTestBase.PostAsync[TResponse](String url, Object request) in D:\Git\NoviVovi\tests\NoviVovi.Api.Tests\Infrastructure\IntegrationTestBase.cs:line 47
   at NoviVovi.Api.Tests.Steps.StepsControllerTests.DeleteStep_ExistingId_DeletesStep() in D:\Git\NoviVovi\tests\NoviVovi.Api.Tests\Steps\StepsControllerTests.cs:line 502
--- End of stack trace from previous location ---
----- Inner Stack Trace -----

  ╨Э╨╡ ╨┐╤А╨╛╨╣╨┤╨╡╨╜ NoviVovi.Api.Tests.Steps.StepsControllerTests.StepOrder_MultipleSteps_MaintainsCorrectOrder [23 ms]
  ╨б╨╛╨╛╨▒╤Й╨╡╨╜╨╕╨╡ ╨╛╨▒ ╨╛╤И╨╕╨▒╨║╨╡:
   System.NotSupportedException : The JSON payload for polymorphic interface or abstract type 'NoviVovi.Api.Steps.Responses.StepResponse' must specify a type discriminator. Path: $ | LineNumber: 0 | BytePositionInLine: 11.
---- System.NotSupportedException : The JSON payload for polymorphic interface or abstract type 'NoviVovi.Api.Steps.Responses.StepResponse' must specify a type discriminator.
  ╨в╤А╨░╤Б╤Б╨╕╤А╨╛╨▓╨║╨░ ╤Б╤В╨╡╨║╨░:
     at System.Text.Json.ThrowHelper.ThrowNotSupportedException(ReadStack& state, Utf8JsonReader& reader, Exception innerException)
   at System.Text.Json.Serialization.Converters.ObjectDefaultConverter`1.OnTryRead(Utf8JsonReader& reader, Type typeToConvert, JsonSerializerOptions options, ReadStack& state, T& value)
   at System.Text.Json.Serialization.JsonConverter`1.ReadCore(Utf8JsonReader& reader, T& value, JsonSerializerOptions options, ReadStack& state)
   at System.Text.Json.Serialization.Metadata.JsonTypeInfo`1.DeserializeAsync[TReadBufferState,TStream](TStream utf8Json, TReadBufferState bufferState, CancellationToken cancellationToken)
   at System.Net.Http.Json.HttpContentJsonExtensions.ReadFromJsonAsyncCore[T](HttpContent content, JsonSerializerOptions options, CancellationToken cancellationToken)
   at NoviVovi.Api.Tests.Infrastructure.IntegrationTestBase.PostAsync[TResponse](String url, Object request) in D:\Git\NoviVovi\tests\NoviVovi.Api.Tests\Infrastructure\IntegrationTestBase.cs:line 47
   at NoviVovi.Api.Tests.Steps.StepsControllerTests.StepOrder_MultipleSteps_MaintainsCorrectOrder() in D:\Git\NoviVovi\tests\NoviVovi.Api.Tests\Steps\StepsControllerTests.cs:line 545
--- End of stack trace from previous location ---
----- Inner Stack Trace -----

fail: NoviVovi.Api.Infrastructure.GlobalExceptionHandler[0]
      я┐╜роия┐╜я┐╜шла я┐╜я┐╜я┐╜я┐╜рабя┐╜таня┐╜я┐╜я┐╜ я┐╜шибя┐╜я┐╜: 23503: INSERT я┐╜я┐╜я┐╜ UPDATE я┐╜ табя┐╜я┐╜я┐╜ "Steps" я┐╜я┐╜я┐╜я┐╜шаея┐╜ я┐╜я┐╜раня┐╜ченя┐╜я┐╜ я┐╜я┐╜я┐╜шнея┐╜я┐╜ я┐╜я┐╜я┐╜я┐╜ "Steps_label_id_fkey"
      DETAIL: я┐╜я┐╜я┐╜я┐╜ (label_id)=(00000000-0000-0000-0000-000000000000) я┐╜я┐╜я┐╜я┐╜я┐╜я┐╜я┐╜я┐╜я┐╜ я┐╜ табя┐╜я┐╜я┐╜ "Labels".
      Npgsql.PostgresException (0x80004005): 23503: INSERT я┐╜я┐╜я┐╜ UPDATE я┐╜ табя┐╜я┐╜я┐╜ "Steps" я┐╜я┐╜я┐╜я┐╜шаея┐╜ я┐╜я┐╜раня┐╜ченя┐╜я┐╜ я┐╜я┐╜я┐╜шнея┐╜я┐╜ я┐╜я┐╜я┐╜я┐╜ "Steps_label_id_fkey"
      DETAIL: я┐╜я┐╜я┐╜я┐╜ (label_id)=(00000000-0000-0000-0000-000000000000) я┐╜я┐╜я┐╜я┐╜я┐╜я┐╜я┐╜я┐╜я┐╜ я┐╜ табя┐╜я┐╜я┐╜ "Labels".
         at Npgsql.Internal.NpgsqlConnector.ReadMessageLong(Boolean async, DataRowLoadingMode dataRowLoadingMode, Boolean readingNotifications, Boolean isReadingPrependedMessage)
         at System.Runtime.CompilerServices.PoolingAsyncValueTaskMethodBuilder`1.StateMachineBox`1.System.Threading.Tasks.Sources.IValueTaskSource<TResult>.GetResult(Int16 token)
         at Npgsql.NpgsqlDataReader.NextResult(Boolean async, Boolean isConsuming, CancellationToken cancellationToken)
         at Npgsql.NpgsqlDataReader.NextResult(Boolean async, Boolean isConsuming, CancellationToken cancellationToken)
         at Npgsql.NpgsqlCommand.ExecuteReader(Boolean async, CommandBehavior behavior, CancellationToken cancellationToken)
         at Npgsql.NpgsqlCommand.ExecuteReader(Boolean async, CommandBehavior behavior, CancellationToken cancellationToken)
         at Npgsql.NpgsqlCommand.ExecuteNonQuery(Boolean async, CancellationToken cancellationToken)
         at Dapper.SqlMapper.ExecuteImplAsync(IDbConnection cnn, CommandDefinition command, Object param) in /_/Dapper/SqlMapper.Async.cs:line 663
         at NoviVovi.Infrastructure.Repositories.BaseRepository.ExecuteAsync(String sql, Object param, CancellationToken ct) in D:\Git\NoviVovi\backend\NoviVovi.Infrastructure\Repositories\DbO\Interfaces\BaseRepository.cs:line 49
         at NoviVovi.Infrastructure.Repositories.DbO.StepDbORepository.AddAsync(StepDbO step) in D:\Git\NoviVovi\backend\NoviVovi.Infrastructure\Repositories\DbO\StepDbORepository.cs:line 158
         at NoviVovi.Infrastructure.Repositories.DbO.StepDbORepository.AddOrUpdateFullAsync(StepDbO step, LoadContext ctx) in D:\Git\NoviVovi\backend\NoviVovi.Infrastructure\Repositories\DbO\StepDbORepository.cs:line 234
         at NoviVovi.Infrastructure.Repositories.New.LabelDbORepository.AddOrUpdateFullAsync(LabelDbO label, LoadContext ctx) in D:\Git\NoviVovi\backend\NoviVovi.Infrastructure\Repositories\DbO\LabelDbORepository.cs:line 201
         at NoviVovi.Infrastructure.Repositories.LabelRepository.AddOrUpdateAsync(Label label, CancellationToken ct) in D:\Git\NoviVovi\backend\NoviVovi.Infrastructure\Repositories\LabelRepository.cs:line 27
         at NoviVovi.Application.Steps.Features.Add.AddHideCharacterStepHandler.Handle(AddHideCharacterStepCommand request, CancellationToken ct) in D:\Git\NoviVovi\backend\NoviVovi.Application\Steps\Features\Add\AddHideCharacterStep.cs:line 47
         at NoviVovi.Application.Steps.Features.Add.AddHideCharacterStepHandler.Handle(AddHideCharacterStepCommand request, CancellationToken ct) in D:\Git\NoviVovi\backend\NoviVovi.Application\Steps\Features\Add\AddHideCharacterStep.cs:line 56
         at NoviVovi.Api.Steps.Controllers.StepsController.Create(Guid novelId, Guid labelId, AddStepRequest request) in D:\Git\NoviVovi\backend\NoviVovi.Api\Steps\Controllers\StepsController.cs:line 32
         at lambda_method385(Closure, Object)
         at Microsoft.AspNetCore.Mvc.Infrastructure.ActionMethodExecutor.AwaitableObjectResultExecutor.Execute(ActionContext actionContext, IActionResultTypeMapper mapper, ObjectMethodExecutor executor, Object controller, Object[] arguments)
         at Microsoft.AspNetCore.Mvc.Infrastructure.ControllerActionInvoker.<InvokeActionMethodAsync>g__Awaited|12_0(ControllerActionInvoker invoker, ValueTask`1 actionResultValueTask)
         at Microsoft.AspNetCore.Mvc.Infrastructure.ControllerActionInvoker.<InvokeNextActionFilterAsync>g__Awaited|10_0(ControllerActionInvoker invoker, Task lastTask, State next, Scope scope, Object state, Boolean isCompleted)
         at Microsoft.AspNetCore.Mvc.Infrastructure.ControllerActionInvoker.Rethrow(ActionExecutedContextSealed context)
         at Microsoft.AspNetCore.Mvc.Infrastructure.ControllerActionInvoker.Next(State& next, Scope& scope, Object& state, Boolean& isCompleted)
         at Microsoft.AspNetCore.Mvc.Infrastructure.ControllerActionInvoker.<InvokeInnerFilterAsync>g__Awaited|13_0(ControllerActionInvoker invoker, Task lastTask, State next, Scope scope, Object state, Boolean isCompleted)
         at Microsoft.AspNetCore.Mvc.Infrastructure.ResourceInvoker.<InvokeFilterPipelineAsync>g__Awaited|20_0(ResourceInvoker invoker, Task lastTask, State next, Scope scope, Object state, Boolean isCompleted)
         at Microsoft.AspNetCore.Mvc.Infrastructure.ResourceInvoker.<InvokeAsync>g__Awaited|17_0(ResourceInvoker invoker, Task task, IDisposable scope)
         at Microsoft.AspNetCore.Mvc.Infrastructure.ResourceInvoker.<InvokeAsync>g__Awaited|17_0(ResourceInvoker invoker, Task task, IDisposable scope)
         at Microsoft.AspNetCore.Authorization.AuthorizationMiddleware.Invoke(HttpContext context)
         at Microsoft.AspNetCore.Authentication.AuthenticationMiddleware.Invoke(HttpContext context)
         at Microsoft.AspNetCore.Diagnostics.ExceptionHandlerMiddlewareImpl.<Invoke>g__Awaited|10_0(ExceptionHandlerMiddlewareImpl middleware, HttpContext context, Task task)
        Exception data:
          Severity: я┐╜я┐╜я┐╜я┐╜я┐╜я┐╜
          SqlState: 23503
          MessageText: INSERT я┐╜я┐╜я┐╜ UPDATE я┐╜ табя┐╜я┐╜я┐╜ "Steps" я┐╜я┐╜я┐╜я┐╜шаея┐╜ я┐╜я┐╜раня┐╜ченя┐╜я┐╜ я┐╜я┐╜я┐╜шнея┐╜я┐╜ я┐╜я┐╜я┐╜я┐╜ "Steps_label_id_fkey"
          Detail: я┐╜я┐╜я┐╜я┐╜ (label_id)=(00000000-0000-0000-0000-000000000000) я┐╜я┐╜я┐╜я┐╜я┐╜я┐╜я┐╜я┐╜я┐╜ я┐╜ табя┐╜я┐╜я┐╜ "Labels".
          SchemaName: public
          TableName: Steps
          ConstraintName: Steps_label_id_fkey
          File: ri_triggers.c
          Line: 2783
          Routine: ri_ReportViolation
[xUnit.net 00:02:12.09]       System.Net.Http.HttpRequestException : Response status code does not indicate success: 500 (Internal Server Error).
[xUnit.net 00:02:12.09]       Stack Trace:
[xUnit.net 00:02:12.09]            at System.Net.Http.HttpResponseMessage.EnsureSuccessStatusCode()
[xUnit.net 00:02:12.09]     NoviVovi.Api.Tests.Steps.StepsControllerTests.AddHideCharacterStep_ValidRequest_ReturnsCrea
tedStep [FAIL]
[xUnit.net 00:02:12.09]         D:\Git\NoviVovi\tests\NoviVovi.Api.Tests\Infrastructure\IntegrationTestBase.cs(46,0): at NoviVovi.Api.Tests.Infrastructure.IntegrationTestBase.PostAsync[TResponse](String url, Object request)
[xUnit.net 00:02:12.09]         D:\Git\NoviVovi\tests\NoviVovi.Api.Tests\Steps\StepsControllerTests.cs(211,0): at NoviVovi.Api.Tests.Steps.StepsControllerTests.AddHideCharacterStep_ValidRequest_ReturnsCreatedStep()
[xUnit.net 00:02:12.09]         --- End of stack trace from previous location ---
[xUnit.net 00:02:12.50]       System.Net.Http.HttpRequestException : Response status code does not indicate success: 404 (Not Found).
[xUnit.net 00:02:12.50]     NoviVovi.Api.Tests.Steps.StepsControllerTests.AddShowCharacterStep_ValidRequest_ReturnsCrea
tedStep [FAIL]
[xUnit.net 00:02:12.50]       Stack Trace:
[xUnit.net 00:02:12.50]            at System.Net.Http.HttpResponseMessage.EnsureSuccessStatusCode()
[xUnit.net 00:02:12.50]         D:\Git\NoviVovi\tests\NoviVovi.Api.Tests\Infrastructure\IntegrationTestBase.cs(46,0): at NoviVovi.Api.Tests.Infrastructure.IntegrationTestBase.PostAsync[TResponse](String url, Object request)
[xUnit.net 00:02:12.50]         D:\Git\NoviVovi\tests\NoviVovi.Api.Tests\Steps\StepsControllerTests.cs(55,0): at NoviVovi.Api.Tests.Steps.StepsControllerTests.CreateTestImageAsync(Guid novelId, ImageTypeRequest type)
[xUnit.net 00:02:12.50]         D:\Git\NoviVovi\tests\NoviVovi.Api.Tests\Steps\StepsControllerTests.cs(149,0): at NoviVovi.Api.Tests.Steps.StepsControllerTests.AddShowCharacterStep_ValidRequest_ReturnsCreatedStep()
[xUnit.net 00:02:12.50]         --- End of stack trace from previous location ---
fail: NoviVovi.Api.Infrastructure.GlobalExceptionHandler[0]
      я┐╜роия┐╜я┐╜шла я┐╜я┐╜я┐╜я┐╜рабя┐╜таня┐╜я┐╜я┐╜ я┐╜шибя┐╜я┐╜: я┐╜я┐╜я┐╜соня┐╜я┐╜ 'b432696c-7fd5-4505-95a0-fd6bf6ea0719' я┐╜я┐╜ я┐╜я┐╜я┐╜я┐╜я┐╜я┐╜
      NoviVovi.Application.Common.Exceptions.NotFoundException: я┐╜я┐╜я┐╜соня┐╜я┐╜ 'b432696c-7fd5-4505-95a0-fd6bf6ea0719' я┐╜я┐╜ я┐╜я┐╜я┐╜я┐╜я┐╜я┐╜
         at NoviVovi.Application.Steps.Features.Add.AddShowReplicaStepHandler.Handle(AddShowReplicaStepCommand request, CancellationToken ct) in D:\Git\NoviVovi\backend\NoviVovi.Application\Steps\Features\Add\AddShowReplicaStep.cs:line 39
         at NoviVovi.Application.Steps.Features.Add.AddShowReplicaStepHandler.Handle(AddShowReplicaStepCommand request, CancellationToken ct) in D:\Git\NoviVovi\backend\NoviVovi.Application\Steps\Features\Add\AddShowReplicaStep.cs:line 57
         at NoviVovi.Api.Steps.Controllers.StepsController.Create(Guid novelId, Guid labelId, AddStepRequest request) in D:\Git\NoviVovi\backend\NoviVovi.Api\Steps\Controllers\StepsController.cs:line 32
         at lambda_method385(Closure, Object)
         at Microsoft.AspNetCore.Mvc.Infrastructure.ActionMethodExecutor.AwaitableObjectResultExecutor.Execute(ActionContext actionContext, IActionResultTypeMapper mapper, ObjectMethodExecutor executor, Object controller, Object[] arguments)
         at Microsoft.AspNetCore.Mvc.Infrastructure.ControllerActionInvoker.<InvokeActionMethodAsync>g__Awaited|12_0(ControllerActionInvoker invoker, ValueTask`1 actionResultValueTask)
         at Microsoft.AspNetCore.Mvc.Infrastructure.ControllerActionInvoker.<InvokeNextActionFilterAsync>g__Awaited|10_0(ControllerActionInvoker invoker, Task lastTask, State next, Scope scope, Object state, Boolean isCompleted)
         at Microsoft.AspNetCore.Mvc.Infrastructure.ControllerActionInvoker.Rethrow(ActionExecutedContextSealed context)
         at Microsoft.AspNetCore.Mvc.Infrastructure.ControllerActionInvoker.Next(State& next, Scope& scope, Object& state, Boolean& isCompleted)
         at Microsoft.AspNetCore.Mvc.Infrastructure.ControllerActionInvoker.<InvokeInnerFilterAsync>g__Awaited|13_0(ControllerActionInvoker invoker, Task lastTask, State next, Scope scope, Object state, Boolean isCompleted)
         at Microsoft.AspNetCore.Mvc.Infrastructure.ResourceInvoker.<InvokeFilterPipelineAsync>g__Awaited|20_0(ResourceInvoker invoker, Task lastTask, State next, Scope scope, Object state, Boolean isCompleted)
         at Microsoft.AspNetCore.Mvc.Infrastructure.ResourceInvoker.<InvokeAsync>g__Awaited|17_0(ResourceInvoker invoker, Task task, IDisposable scope)
         at Microsoft.AspNetCore.Mvc.Infrastructure.ResourceInvoker.<InvokeAsync>g__Awaited|17_0(ResourceInvoker invoker, Task task, IDisposable scope)
         at Microsoft.AspNetCore.Authorization.AuthorizationMiddleware.Invoke(HttpContext context)
         at Microsoft.AspNetCore.Authentication.AuthenticationMiddleware.Invoke(HttpContext context)
         at Microsoft.AspNetCore.Diagnostics.ExceptionHandlerMiddlewareImpl.<Invoke>g__Awaited|10_0(ExceptionHandlerMiddlewareImpl middleware, HttpContext context, Task task)
  ╨Э╨╡ ╨┐╤А╨╛╨╣╨┤╨╡╨╜ NoviVovi.Api.Tests.Steps.StepsControllerTests.AddHideCharacterStep_ValidRequest_ReturnsCreatedStep [47 ms]
  ╨б╨╛╨╛╨▒╤Й╨╡╨╜╨╕╨╡ ╨╛╨▒ ╨╛╤И╨╕╨▒╨║╨╡:
   System.Net.Http.HttpRequestException : Response status code does not indicate success: 500 (Internal Server Error).
  ╨в╤А╨░╤Б╤Б╨╕╤А╨╛╨▓╨║╨░ ╤Б╤В╨╡╨║╨░:
     at System.Net.Http.HttpResponseMessage.EnsureSuccessStatusCode()
   at NoviVovi.Api.Tests.Infrastructure.IntegrationTestBase.PostAsync[TResponse](String url, Object request) in D:\Git\NoviVovi\tests\NoviVovi.Api.Tests\Infrastructure\IntegrationTestBase.cs:line 46
   at NoviVovi.Api.Tests.Steps.StepsControllerTests.AddHideCharacterStep_ValidRequest_ReturnsCreatedStep() in D:\Git\NoviVovi\tests\NoviVovi.Api.Tests\Steps\StepsControllerTests.cs:line 211
--- End of stack trace from previous location ---
  ╨Э╨╡ ╨┐╤А╨╛╨╣╨┤╨╡╨╜ NoviVovi.Api.Tests.Steps.StepsControllerTests.AddShowCharacterStep_ValidRequest_ReturnsCreatedStep [17 ms]
  ╨б╨╛╨╛╨▒╤Й╨╡╨╜╨╕╨╡ ╨╛╨▒ ╨╛╤И╨╕╨▒╨║╨╡:
   System.Net.Http.HttpRequestException : Response status code does not indicate success: 404 (Not Found).
  ╨в╤А╨░╤Б╤Б╨╕╤А╨╛╨▓╨║╨░ ╤Б╤В╨╡╨║╨░:
     at System.Net.Http.HttpResponseMessage.EnsureSuccessStatusCode()
   at NoviVovi.Api.Tests.Infrastructure.IntegrationTestBase.PostAsync[TResponse](String url, Object request) in D:\Git\NoviVovi\tests\NoviVovi.Api.Tests\Infrastructure\IntegrationTestBase.cs:line 46
   at NoviVovi.Api.Tests.Steps.StepsControllerTests.CreateTestImageAsync(Guid novelId, ImageTypeRequest type) in D:\Git\NoviVovi\tests\NoviVovi.Api.Tests\Steps\StepsControllerTests.cs:line 55
   at NoviVovi.Api.Tests.Steps.StepsControllerTests.AddShowCharacterStep_ValidRequest_ReturnsCreatedStep() in D:\Git\NoviVovi\tests\NoviVovi.Api.Tests\Steps\StepsControllerTests.cs:line 149
--- End of stack trace from previous location ---
  ╨Я╤А╨╛╨╣╨┤╨╡╨╜ NoviVovi.Api.Tests.Steps.StepsControllerTests.AddShowReplicaStep_NonExistingCharacter_ReturnsNotFound [18 ms]
fail: NoviVovi.Api.Infrastructure.GlobalExceptionHandler[0]
      я┐╜роия┐╜я┐╜шла я┐╜я┐╜я┐╜я┐╜рабя┐╜таня┐╜я┐╜я┐╜ я┐╜шибя┐╜я┐╜: я┐╜я┐╜я┐╜соня┐╜я┐╜ 'a084e1a5-18de-4b47-99b0-d394351f262c' я┐╜я┐╜ я┐╜я┐╜я┐╜я┐╜я┐╜я┐╜
      NoviVovi.Application.Common.Exceptions.NotFoundException: я┐╜я┐╜я┐╜соня┐╜я┐╜ 'a084e1a5-18de-4b47-99b0-d394351f262c' я┐╜я┐╜ я┐╜я┐╜я┐╜я┐╜я┐╜я┐╜
         at NoviVovi.Application.Steps.Features.Add.AddHideCharacterStepHandler.Handle(AddHideCharacterStepCommand request, CancellationToken ct) in D:\Git\NoviVovi\backend\NoviVovi.Application\Steps\Features\Add\AddHideCharacterStep.cs:line 40
         at NoviVovi.Application.Steps.Features.Add.AddHideCharacterStepHandler.Handle(AddHideCharacterStepCommand request, CancellationToken ct) in D:\Git\NoviVovi\backend\NoviVovi.Application\Steps\Features\Add\AddHideCharacterStep.cs:line 56
         at NoviVovi.Api.Steps.Controllers.StepsController.Create(Guid novelId, Guid labelId, AddStepRequest request) in D:\Git\NoviVovi\backend\NoviVovi.Api\Steps\Controllers\StepsController.cs:line 32
         at lambda_method385(Closure, Object)
         at Microsoft.AspNetCore.Mvc.Infrastructure.ActionMethodExecutor.AwaitableObjectResultExecutor.Execute(ActionContext actionContext, IActionResultTypeMapper mapper, ObjectMethodExecutor executor, Object controller, Object[] arguments)
         at Microsoft.AspNetCore.Mvc.Infrastructure.ControllerActionInvoker.<InvokeActionMethodAsync>g__Awaited|12_0(ControllerActionInvoker invoker, ValueTask`1 actionResultValueTask)
         at Microsoft.AspNetCore.Mvc.Infrastructure.ControllerActionInvoker.<InvokeNextActionFilterAsync>g__Awaited|10_0(ControllerActionInvoker invoker, Task lastTask, State next, Scope scope, Object state, Boolean isCompleted)
         at Microsoft.AspNetCore.Mvc.Infrastructure.ControllerActionInvoker.Rethrow(ActionExecutedContextSealed context)
         at Microsoft.AspNetCore.Mvc.Infrastructure.ControllerActionInvoker.Next(State& next, Scope& scope, Object& state, Boolean& isCompleted)
         at Microsoft.AspNetCore.Mvc.Infrastructure.ControllerActionInvoker.<InvokeInnerFilterAsync>g__Awaited|13_0(ControllerActionInvoker invoker, Task lastTask, State next, Scope scope, Object state, Boolean isCompleted)
         at Microsoft.AspNetCore.Mvc.Infrastructure.ResourceInvoker.<InvokeFilterPipelineAsync>g__Awaited|20_0(ResourceInvoker invoker, Task lastTask, State next, Scope scope, Object state, Boolean isCompleted)
         at Microsoft.AspNetCore.Mvc.Infrastructure.ResourceInvoker.<InvokeAsync>g__Awaited|17_0(ResourceInvoker invoker, Task task, IDisposable scope)
         at Microsoft.AspNetCore.Mvc.Infrastructure.ResourceInvoker.<InvokeAsync>g__Awaited|17_0(ResourceInvoker invoker, Task task, IDisposable scope)
         at Microsoft.AspNetCore.Authorization.AuthorizationMiddleware.Invoke(HttpContext context)
         at Microsoft.AspNetCore.Authentication.AuthenticationMiddleware.Invoke(HttpContext context)
         at Microsoft.AspNetCore.Diagnostics.ExceptionHandlerMiddlewareImpl.<Invoke>g__Awaited|10_0(ExceptionHandlerMiddlewareImpl middleware, HttpContext context, Task task)
fail: NoviVovi.Api.Infrastructure.GlobalExceptionHandler[0]
      я┐╜роия┐╜я┐╜шла я┐╜я┐╜я┐╜я┐╜рабя┐╜таня┐╜я┐╜я┐╜ я┐╜шибя┐╜я┐╜: Text cannot be empty
      NoviVovi.Domain.Common.DomainException: Text cannot be empty
         at NoviVovi.Domain.Dialogue.Replica.Create(Character speaker, String text) in D:\Git\NoviVovi\backend\NoviVovi.Domain\Dialogue\Replica.cs:line 24
         at NoviVovi.Application.Steps.Features.Add.AddShowReplicaStepHandler.Handle(AddShowReplicaStepCommand request, CancellationToken ct) in D:\Git\NoviVovi\backend\NoviVovi.Application\Steps\Features\Add\AddShowReplicaStep.cs:line 42
         at NoviVovi.Application.Steps.Features.Add.AddShowReplicaStepHandler.Handle(AddShowReplicaStepCommand request, CancellationToken ct) in D:\Git\NoviVovi\backend\NoviVovi.Application\Steps\Features\Add\AddShowReplicaStep.cs:line 57
         at NoviVovi.Api.Steps.Controllers.StepsController.Create(Guid novelId, Guid labelId, AddStepRequest request) in D:\Git\NoviVovi\backend\NoviVovi.Api\Steps\Controllers\StepsController.cs:line 32
         at lambda_method385(Closure, Object)
         at Microsoft.AspNetCore.Mvc.Infrastructure.ActionMethodExecutor.AwaitableObjectResultExecutor.Execute(ActionContext actionContext, IActionResultTypeMapper mapper, ObjectMethodExecutor executor, Object controller, Object[] arguments)
         at Microsoft.AspNetCore.Mvc.Infrastructure.ControllerActionInvoker.<InvokeActionMethodAsync>g__Awaited|12_0(ControllerActionInvoker invoker, ValueTask`1 actionResultValueTask)
         at Microsoft.AspNetCore.Mvc.Infrastructure.ControllerActionInvoker.<InvokeNextActionFilterAsync>g__Awaited|10_0(ControllerActionInvoker invoker, Task lastTask, State next, Scope scope, Object state, Boolean isCompleted)
         at Microsoft.AspNetCore.Mvc.Infrastructure.ControllerActionInvoker.Rethrow(ActionExecutedContextSealed context)
         at Microsoft.AspNetCore.Mvc.Infrastructure.ControllerActionInvoker.Next(State& next, Scope& scope, Object& state, Boolean& isCompleted)
         at Microsoft.AspNetCore.Mvc.Infrastructure.ControllerActionInvoker.<InvokeInnerFilterAsync>g__Awaited|13_0(ControllerActionInvoker invoker, Task lastTask, State next, Scope scope, Object state, Boolean isCompleted)
         at Microsoft.AspNetCore.Mvc.Infrastructure.ResourceInvoker.<InvokeFilterPipelineAsync>g__Awaited|20_0(ResourceInvoker invoker, Task lastTask, State next, Scope scope, Object state, Boolean isCompleted)
         at Microsoft.AspNetCore.Mvc.Infrastructure.ResourceInvoker.<InvokeAsync>g__Awaited|17_0(ResourceInvoker invoker, Task task, IDisposable scope)
         at Microsoft.AspNetCore.Mvc.Infrastructure.ResourceInvoker.<InvokeAsync>g__Awaited|17_0(ResourceInvoker invoker, Task task, IDisposable scope)
         at Microsoft.AspNetCore.Authorization.AuthorizationMiddleware.Invoke(HttpContext context)
         at Microsoft.AspNetCore.Authentication.AuthenticationMiddleware.Invoke(HttpContext context)
         at Microsoft.AspNetCore.Diagnostics.ExceptionHandlerMiddlewareImpl.<Invoke>g__Awaited|10_0(ExceptionHandlerMiddlewareImpl middleware, HttpContext context, Task task)
  ╨Я╤А╨╛╨╣╨┤╨╡╨╜ NoviVovi.Api.Tests.Steps.StepsControllerTests.AddHideCharacterStep_NonExistingCharacter_ReturnsNotFound [12 ms]
  ╨Я╤А╨╛╨╣╨┤╨╡╨╜ NoviVovi.Api.Tests.Steps.StepsControllerTests.AddShowReplicaStep_EmptyText_ReturnsUnprocessableEntity [57 ms]
fail: NoviVovi.Api.Infrastructure.GlobalExceptionHandler[0]
      я┐╜роия┐╜я┐╜шла я┐╜я┐╜я┐╜я┐╜рабя┐╜таня┐╜я┐╜я┐╜ я┐╜шибя┐╜я┐╜: я┐╜я┐╜я┐╜соня┐╜я┐╜ 'd8ae4a1a-023e-42ed-b92f-f276c3402fa1' я┐╜я┐╜ я┐╜я┐╜я┐╜я┐╜я┐╜я┐╜
      NoviVovi.Application.Common.Exceptions.NotFoundException: я┐╜я┐╜я┐╜соня┐╜я┐╜ 'd8ae4a1a-023e-42ed-b92f-f276c3402fa1' я┐╜я┐╜ я┐╜я┐╜я┐╜я┐╜я┐╜я┐╜
         at NoviVovi.Application.Steps.Features.Add.AddShowCharacterStepHandler.Handle(AddShowCharacterStepCommand request, CancellationToken ct) in D:\Git\NoviVovi\backend\NoviVovi.Application\Steps\Features\Add\AddShowCharacterStep.cs:line 42
         at NoviVovi.Application.Steps.Features.Add.AddShowCharacterStepHandler.Handle(AddShowCharacterStepCommand request, CancellationToken ct) in D:\Git\NoviVovi\backend\NoviVovi.Application\Steps\Features\Add\AddShowCharacterStep.cs:line 65
         at NoviVovi.Api.Steps.Controllers.StepsController.Create(Guid novelId, Guid labelId, AddStepRequest request) in D:\Git\NoviVovi\backend\NoviVovi.Api\Steps\Controllers\StepsController.cs:line 32
         at lambda_method385(Closure, Object)
         at Microsoft.AspNetCore.Mvc.Infrastructure.ActionMethodExecutor.AwaitableObjectResultExecutor.Execute(ActionContext actionContext, IActionResultTypeMapper mapper, ObjectMethodExecutor executor, Object controller, Object[] arguments)
         at Microsoft.AspNetCore.Mvc.Infrastructure.ControllerActionInvoker.<InvokeActionMethodAsync>g__Awaited|12_0(ControllerActionInvoker invoker, ValueTask`1 actionResultValueTask)
         at Microsoft.AspNetCore.Mvc.Infrastructure.ControllerActionInvoker.<InvokeNextActionFilterAsync>g__Awaited|10_0(ControllerActionInvoker invoker, Task lastTask, State next, Scope scope, Object state, Boolean isCompleted)
         at Microsoft.AspNetCore.Mvc.Infrastructure.ControllerActionInvoker.Rethrow(ActionExecutedContextSealed context)
         at Microsoft.AspNetCore.Mvc.Infrastructure.ControllerActionInvoker.Next(State& next, Scope& scope, Object& state, Boolean& isCompleted)
         at Microsoft.AspNetCore.Mvc.Infrastructure.ControllerActionInvoker.<InvokeInnerFilterAsync>g__Awaited|13_0(ControllerActionInvoker invoker, Task lastTask, State next, Scope scope, Object state, Boolean isCompleted)
         at Microsoft.AspNetCore.Mvc.Infrastructure.ResourceInvoker.<InvokeFilterPipelineAsync>g__Awaited|20_0(ResourceInvoker invoker, Task lastTask, State next, Scope scope, Object state, Boolean isCompleted)
         at Microsoft.AspNetCore.Mvc.Infrastructure.ResourceInvoker.<InvokeAsync>g__Awaited|17_0(ResourceInvoker invoker, Task task, IDisposable scope)
         at Microsoft.AspNetCore.Mvc.Infrastructure.ResourceInvoker.<InvokeAsync>g__Awaited|17_0(ResourceInvoker invoker, Task task, IDisposable scope)
         at Microsoft.AspNetCore.Authorization.AuthorizationMiddleware.Invoke(HttpContext context)
         at Microsoft.AspNetCore.Authentication.AuthenticationMiddleware.Invoke(HttpContext context)
         at Microsoft.AspNetCore.Diagnostics.ExceptionHandlerMiddlewareImpl.<Invoke>g__Awaited|10_0(ExceptionHandlerMiddlewareImpl middleware, HttpContext context, Task task)
fail: NoviVovi.Api.Infrastructure.GlobalExceptionHandler[0]
      я┐╜роия┐╜я┐╜шла я┐╜я┐╜я┐╜я┐╜рабя┐╜таня┐╜я┐╜я┐╜ я┐╜шибя┐╜я┐╜: StepId 1582dddc-dbe9-4b0c-8bbb-7cc8e8a3d28c doesn't exists
      NoviVovi.Domain.Common.DomainException: StepId 1582dddc-dbe9-4b0c-8bbb-7cc8e8a3d28c doesn't exists
         at NoviVovi.Domain.Labels.Label.RemoveStepById(Guid stepId) in D:\Git\NoviVovi\backend\NoviVovi.Domain\Labels\Label.cs:line 66
         at NoviVovi.Application.Steps.Features.Delete.DeleteStepHandler.Handle(DeleteStepCommand request, CancellationToken ct) in D:\Git\NoviVovi\backend\NoviVovi.Application\Steps\Features\Delete\DeleteStep.cs:line 31
         at MediatR.Wrappers.RequestHandlerWrapperImpl`1.<>c__DisplayClass1_0.<<Handle>g__Handler|0>d.MoveNext()
      --- End of stack trace from previous location ---
         at NoviVovi.Api.Steps.Controllers.StepsController.Delete(Guid novelId, Guid labelId, Guid stepId) in D:\Git\NoviVovi\backend\NoviVovi.Api\Steps\Controllers\StepsController.cs:line 76
         at Microsoft.AspNetCore.Mvc.Infrastructure.ActionMethodExecutor.TaskOfIActionResultExecutor.Execute(ActionContext actionContext, IActionResultTypeMapper mapper, ObjectMethodExecutor executor, Object controller, Object[] arguments)
         at Microsoft.AspNetCore.Mvc.Infrastructure.ControllerActionInvoker.<InvokeActionMethodAsync>g__Awaited|12_0(ControllerActionInvoker invoker, ValueTask`1 actionResultValueTask)
         at Microsoft.AspNetCore.Mvc.Infrastructure.ControllerActionInvoker.<InvokeNextActionFilterAsync>g__Awaited|10_0(ControllerActionInvoker invoker, Task lastTask, State next, Scope scope, Object state, Boolean isCompleted)
         at Microsoft.AspNetCore.Mvc.Infrastructure.ControllerActionInvoker.Rethrow(ActionExecutedContextSealed context)
         at Microsoft.AspNetCore.Mvc.Infrastructure.ControllerActionInvoker.Next(State& next, Scope& scope, Object& state, Boolean& isCompleted)
         at Microsoft.AspNetCore.Mvc.Infrastructure.ControllerActionInvoker.<InvokeInnerFilterAsync>g__Awaited|13_0(ControllerActionInvoker invoker, Task lastTask, State next, Scope scope, Object state, Boolean isCompleted)
         at Microsoft.AspNetCore.Mvc.Infrastructure.ResourceInvoker.<InvokeFilterPipelineAsync>g__Awaited|20_0(ResourceInvoker invoker, Task lastTask, State next, Scope scope, Object state, Boolean isCompleted)
         at Microsoft.AspNetCore.Mvc.Infrastructure.ResourceInvoker.<InvokeAsync>g__Awaited|17_0(ResourceInvoker invoker, Task task, IDisposable scope)
         at Microsoft.AspNetCore.Mvc.Infrastructure.ResourceInvoker.<InvokeAsync>g__Awaited|17_0(ResourceInvoker invoker, Task task, IDisposable scope)
         at Microsoft.AspNetCore.Authorization.AuthorizationMiddleware.Invoke(HttpContext context)
         at Microsoft.AspNetCore.Authentication.AuthenticationMiddleware.Invoke(HttpContext context)
         at Microsoft.AspNetCore.Diagnostics.ExceptionHandlerMiddlewareImpl.<Invoke>g__Awaited|10_0(ExceptionHandlerMiddlewareImpl middleware, HttpContext context, Task task)
[xUnit.net 00:02:16.14]     NoviVovi.Api.Tests.Steps.StepsControllerTests.DeleteStep_NonExistingId_ReturnsNotFound [FAI
L]
[xUnit.net 00:02:16.14]       Assert.Equal() Failure: Values differ
[xUnit.net 00:02:16.14]       Expected: NotFound
[xUnit.net 00:02:16.14]       Actual:   UnprocessableEntity
[xUnit.net 00:02:16.14]       Stack Trace:
[xUnit.net 00:02:16.14]         D:\Git\NoviVovi\tests\NoviVovi.Api.Tests\Steps\StepsControllerTests.cs(533,0): at NoviVovi.Api.Tests.Steps.StepsControllerTests.DeleteStep_NonExistingId_ReturnsNotFound()
[xUnit.net 00:02:16.14]         --- End of stack trace from previous location ---
  ╨Я╤А╨╛╨╣╨┤╨╡╨╜ NoviVovi.Api.Tests.Steps.StepsControllerTests.AddShowCharacterStep_NonExistingCharacter_ReturnsNotFound [59 ms]
  ╨Э╨╡ ╨┐╤А╨╛╨╣╨┤╨╡╨╜ NoviVovi.Api.Tests.Steps.StepsControllerTests.DeleteStep_NonExistingId_ReturnsNotFound [19 ms]
  ╨б╨╛╨╛╨▒╤Й╨╡╨╜╨╕╨╡ ╨╛╨▒ ╨╛╤И╨╕╨▒╨║╨╡:
   Assert.Equal() Failure: Values differ
Expected: NotFound
Actual:   UnprocessableEntity
  ╨в╤А╨░╤Б╤Б╨╕╤А╨╛╨▓╨║╨░ ╤Б╤В╨╡╨║╨░:
     at NoviVovi.Api.Tests.Steps.StepsControllerTests.DeleteStep_NonExistingId_ReturnsNotFound() in D:\Git\NoviVovi\tests\NoviVovi.Api.Tests\Steps\StepsControllerTests.cs:line 533
--- End of stack trace from previous location ---
fail: NoviVovi.Api.Infrastructure.GlobalExceptionHandler[0]
      я┐╜роия┐╜я┐╜шла я┐╜я┐╜я┐╜я┐╜рабя┐╜таня┐╜я┐╜я┐╜ я┐╜шибя┐╜я┐╜: я┐╜я┐╜тка 'c5871411-2685-48b9-b446-46327e737301' я┐╜я┐╜ я┐╜я┐╜я┐╜я┐╜я┐╜я┐╜я┐╜
      NoviVovi.Application.Common.Exceptions.NotFoundException: я┐╜я┐╜тка 'c5871411-2685-48b9-b446-46327e737301' я┐╜я┐╜ я┐╜я┐╜я┐╜я┐╜я┐╜я┐╜я┐╜
         at NoviVovi.Application.Steps.Features.Add.AddJumpStepHandler.Handle(AddJumpStepCommand request, CancellationToken ct) in D:\Git\NoviVovi\backend\NoviVovi.Application\Steps\Features\Add\AddJumpStep.cs:line 35
         at NoviVovi.Application.Steps.Features.Add.AddJumpStepHandler.Handle(AddJumpStepCommand request, CancellationToken ct) in D:\Git\NoviVovi\backend\NoviVovi.Application\Steps\Features\Add\AddJumpStep.cs:line 51
         at NoviVovi.Api.Steps.Controllers.StepsController.Create(Guid novelId, Guid labelId, AddStepRequest request) in D:\Git\NoviVovi\backend\NoviVovi.Api\Steps\Controllers\StepsController.cs:line 32
         at lambda_method385(Closure, Object)
         at Microsoft.AspNetCore.Mvc.Infrastructure.ActionMethodExecutor.AwaitableObjectResultExecutor.Execute(ActionContext actionContext, IActionResultTypeMapper mapper, ObjectMethodExecutor executor, Object controller, Object[] arguments)
         at Microsoft.AspNetCore.Mvc.Infrastructure.ControllerActionInvoker.<InvokeActionMethodAsync>g__Awaited|12_0(ControllerActionInvoker invoker, ValueTask`1 actionResultValueTask)
         at Microsoft.AspNetCore.Mvc.Infrastructure.ControllerActionInvoker.<InvokeNextActionFilterAsync>g__Awaited|10_0(ControllerActionInvoker invoker, Task lastTask, State next, Scope scope, Object state, Boolean isCompleted)
         at Microsoft.AspNetCore.Mvc.Infrastructure.ControllerActionInvoker.Rethrow(ActionExecutedContextSealed context)
         at Microsoft.AspNetCore.Mvc.Infrastructure.ControllerActionInvoker.Next(State& next, Scope& scope, Object& state, Boolean& isCompleted)
         at Microsoft.AspNetCore.Mvc.Infrastructure.ControllerActionInvoker.<InvokeInnerFilterAsync>g__Awaited|13_0(ControllerActionInvoker invoker, Task lastTask, State next, Scope scope, Object state, Boolean isCompleted)
         at Microsoft.AspNetCore.Mvc.Infrastructure.ResourceInvoker.<InvokeFilterPipelineAsync>g__Awaited|20_0(ResourceInvoker invoker, Task lastTask, State next, Scope scope, Object state, Boolean isCompleted)
         at Microsoft.AspNetCore.Mvc.Infrastructure.ResourceInvoker.<InvokeAsync>g__Awaited|17_0(ResourceInvoker invoker, Task task, IDisposable scope)
         at Microsoft.AspNetCore.Mvc.Infrastructure.ResourceInvoker.<InvokeAsync>g__Awaited|17_0(ResourceInvoker invoker, Task task, IDisposable scope)
         at Microsoft.AspNetCore.Authorization.AuthorizationMiddleware.Invoke(HttpContext context)
         at Microsoft.AspNetCore.Authentication.AuthenticationMiddleware.Invoke(HttpContext context)
         at Microsoft.AspNetCore.Diagnostics.ExceptionHandlerMiddlewareImpl.<Invoke>g__Awaited|10_0(ExceptionHandlerMiddlewareImpl middleware, HttpContext context, Task task)
  ╨Я╤А╨╛╨╣╨┤╨╡╨╜ NoviVovi.Api.Tests.Steps.StepsControllerTests.AddJumpStep_NonExistingTargetLabel_ReturnsNotFound [17 ms]
[xUnit.net 00:02:18.33]     NoviVovi.Api.Tests.Steps.StepsControllerTests.GetAllSteps_DifferentLabels_ReturnsOnlyLabelS
teps [FAIL]
[xUnit.net 00:02:18.33]       System.NotSupportedException : The JSON payload for polymorphic interface or abstract type 'NoviVovi.Api.Steps.Responses.StepResponse' must specify a type discriminator. Path: $ | LineNumber: 0 | BytePositionInLine: 11.
[xUnit.net 00:02:18.33]       ---- System.NotSupportedException : The JSON payload for polymorphic interface or abstract type 'NoviVovi.Api.Steps.Responses.StepResponse' must specify a type discriminator.
[xUnit.net 00:02:18.33]       Stack Trace:
[xUnit.net 00:02:18.33]            at System.Text.Json.ThrowHelper.ThrowNotSupportedException(ReadStack& state, Utf8JsonReader& reader, Exception innerException)
[xUnit.net 00:02:18.33]            at System.Text.Json.Serialization.Converters.ObjectDefaultConverter`1.OnTryRead(Utf8JsonReader& reader, Type typeToConvert, JsonSerializerOptions options, ReadStack& state, T& value)
[xUnit.net 00:02:18.33]            at System.Text.Json.Serialization.JsonConverter`1.ReadCore(Utf8JsonReader& reader, T& value, JsonSerializerOptions options, ReadStack& state)
[xUnit.net 00:02:18.33]            at System.Text.Json.Serialization.Metadata.JsonTypeInfo`1.DeserializeAsync[TReadBufferState,TStream](TStream utf8Json, TReadBufferState bufferState, CancellationToken cancellationToken)
[xUnit.net 00:02:18.33]            at System.Net.Http.Json.HttpContentJsonExtensions.ReadFromJsonAsyncCore[T](HttpContent content, JsonSerializerOptions options, CancellationToken cancellationToken)
[xUnit.net 00:02:18.33]         D:\Git\NoviVovi\tests\NoviVovi.Api.Tests\Infrastructure\IntegrationTestBase.cs(47,0): at NoviVovi.Api.Tests.Infrastructure.IntegrationTestBase.PostAsync[TResponse](String url, Object request)
[xUnit.net 00:02:18.33]         D:\Git\NoviVovi\tests\NoviVovi.Api.Tests\Steps\StepsControllerTests.cs(478,0): at NoviVovi.Api.Tests.Steps.StepsControllerTests.GetAllSteps_DifferentLabels_ReturnsOnlyLabelSteps()
[xUnit.net 00:02:18.33]         --- End of stack trace from previous location ---
[xUnit.net 00:02:18.33]         ----- Inner Stack Trace -----
[xUnit.net 00:02:18.33]         
fail: NoviVovi.Api.Infrastructure.GlobalExceptionHandler[0]
      я┐╜роия┐╜я┐╜шла я┐╜я┐╜я┐╜я┐╜рабя┐╜таня┐╜я┐╜я┐╜ я┐╜шибя┐╜я┐╜: я┐╜я┐╜я┐╜ 87a9a937-663e-4096-9be3-970f1a0e1943 я┐╜я┐╜ я┐╜я┐╜я┐╜я┐╜я┐╜я┐╜
      NoviVovi.Application.Common.Exceptions.NotFoundException: я┐╜я┐╜я┐╜ 87a9a937-663e-4096-9be3-970f1a0e1943 я┐╜я┐╜ я┐╜я┐╜я┐╜я┐╜я┐╜я┐╜
         at NoviVovi.Application.Steps.Features.Get.GetStepHandler.Handle(GetStepQuery request, CancellationToken ct) in D:\Git\NoviVovi\backend\NoviVovi.Application\Steps\Features\Get\GetStep.cs:line 31
         at NoviVovi.Api.Steps.Controllers.StepsController.Get(Guid novelId, Guid labelId, Guid stepId) in D:\Git\NoviVovi\backend\NoviVovi.Api\Steps\Controllers\StepsController.cs:line 41
         at lambda_method406(Closure, Object)
         at Microsoft.AspNetCore.Mvc.Infrastructure.ActionMethodExecutor.AwaitableObjectResultExecutor.Execute(ActionContext actionContext, IActionResultTypeMapper mapper, ObjectMethodExecutor executor, Object controller, Object[] arguments)
         at Microsoft.AspNetCore.Mvc.Infrastructure.ControllerActionInvoker.<InvokeActionMethodAsync>g__Awaited|12_0(ControllerActionInvoker invoker, ValueTask`1 actionResultValueTask)
         at Microsoft.AspNetCore.Mvc.Infrastructure.ControllerActionInvoker.<InvokeNextActionFilterAsync>g__Awaited|10_0(ControllerActionInvoker invoker, Task lastTask, State next, Scope scope, Object state, Boolean isCompleted)
         at Microsoft.AspNetCore.Mvc.Infrastructure.ControllerActionInvoker.Rethrow(ActionExecutedContextSealed context)
         at Microsoft.AspNetCore.Mvc.Infrastructure.ControllerActionInvoker.Next(State& next, Scope& scope, Object& state, Boolean& isCompleted)
         at Microsoft.AspNetCore.Mvc.Infrastructure.ControllerActionInvoker.<InvokeInnerFilterAsync>g__Awaited|13_0(ControllerActionInvoker invoker, Task lastTask, State next, Scope scope, Object state, Boolean isCompleted)
         at Microsoft.AspNetCore.Mvc.Infrastructure.ResourceInvoker.<InvokeFilterPipelineAsync>g__Awaited|20_0(ResourceInvoker invoker, Task lastTask, State next, Scope scope, Object state, Boolean isCompleted)
         at Microsoft.AspNetCore.Mvc.Infrastructure.ResourceInvoker.<InvokeAsync>g__Awaited|17_0(ResourceInvoker invoker, Task task, IDisposable scope)
         at Microsoft.AspNetCore.Mvc.Infrastructure.ResourceInvoker.<InvokeAsync>g__Awaited|17_0(ResourceInvoker invoker, Task task, IDisposable scope)
         at Microsoft.AspNetCore.Authorization.AuthorizationMiddleware.Invoke(HttpContext context)
         at Microsoft.AspNetCore.Authentication.AuthenticationMiddleware.Invoke(HttpContext context)
         at Microsoft.AspNetCore.Diagnostics.ExceptionHandlerMiddlewareImpl.<Invoke>g__Awaited|10_0(ExceptionHandlerMiddlewareImpl middleware, HttpContext context, Task task)
  ╨Э╨╡ ╨┐╤А╨╛╨╣╨┤╨╡╨╜ NoviVovi.Api.Tests.Steps.StepsControllerTests.GetAllSteps_DifferentLabels_ReturnsOnlyLabelSteps [23 ms]
  ╨б╨╛╨╛╨▒╤Й╨╡╨╜╨╕╨╡ ╨╛╨▒ ╨╛╤И╨╕╨▒╨║╨╡:
   System.NotSupportedException : The JSON payload for polymorphic interface or abstract type 'NoviVovi.Api.Steps.Responses.StepResponse' must specify a type discriminator. Path: $ | LineNumber: 0 | BytePositionInLine: 11.
---- System.NotSupportedException : The JSON payload for polymorphic interface or abstract type 'NoviVovi.Api.Steps.Responses.StepResponse' must specify a type discriminator.
  ╨в╤А╨░╤Б╤Б╨╕╤А╨╛╨▓╨║╨░ ╤Б╤В╨╡╨║╨░:
     at System.Text.Json.ThrowHelper.ThrowNotSupportedException(ReadStack& state, Utf8JsonReader& reader, Exception innerException)
   at System.Text.Json.Serialization.Converters.ObjectDefaultConverter`1.OnTryRead(Utf8JsonReader& reader, Type typeToConvert, JsonSerializerOptions options, ReadStack& state, T& value)
   at System.Text.Json.Serialization.JsonConverter`1.ReadCore(Utf8JsonReader& reader, T& value, JsonSerializerOptions options, ReadStack& state)
   at System.Text.Json.Serialization.Metadata.JsonTypeInfo`1.DeserializeAsync[TReadBufferState,TStream](TStream utf8Json, TReadBufferState bufferState, CancellationToken cancellationToken)
   at System.Net.Http.Json.HttpContentJsonExtensions.ReadFromJsonAsyncCore[T](HttpContent content, JsonSerializerOptions options, CancellationToken cancellationToken)
   at NoviVovi.Api.Tests.Infrastructure.IntegrationTestBase.PostAsync[TResponse](String url, Object request) in D:\Git\NoviVovi\tests\NoviVovi.Api.Tests\Infrastructure\IntegrationTestBase.cs:line 47
   at NoviVovi.Api.Tests.Steps.StepsControllerTests.GetAllSteps_DifferentLabels_ReturnsOnlyLabelSteps() in D:\Git\NoviVovi\tests\NoviVovi.Api.Tests\Steps\StepsControllerTests.cs:line 478
--- End of stack trace from previous location ---
----- Inner Stack Trace -----

  ╨Я╤А╨╛╨╣╨┤╨╡╨╜ NoviVovi.Api.Tests.Steps.StepsControllerTests.GetStep_NonExistingId_ReturnsNotFound [21 ms]
[xUnit.net 00:02:20.31]     NoviVovi.Api.Tests.Steps.StepsControllerTests.GetStep_ExistingId_ReturnsStep [FAIL]
[xUnit.net 00:02:20.31]       System.NotSupportedException : The JSON payload for polymorphic interface or abstract type 'NoviVovi.Api.Steps.Responses.StepResponse' must specify a type discriminator. Path: $ | LineNumber: 0 | BytePositionInLine: 11.
[xUnit.net 00:02:20.31]       ---- System.NotSupportedException : The JSON payload for polymorphic interface or abstract type 'NoviVovi.Api.Steps.Responses.StepResponse' must specify a type discriminator.
[xUnit.net 00:02:20.31]       Stack Trace:
[xUnit.net 00:02:20.31]            at System.Text.Json.ThrowHelper.ThrowNotSupportedException(ReadStack& state, Utf8JsonReader& reader, Exception innerException)
[xUnit.net 00:02:20.31]            at System.Text.Json.Serialization.Converters.ObjectDefaultConverter`1.OnTryRead(Utf8JsonReader& reader, Type typeToConvert, JsonSerializerOptions options, ReadStack& state, T& value)
[xUnit.net 00:02:20.31]            at System.Text.Json.Serialization.JsonConverter`1.ReadCore(Utf8JsonReader& reader, T& value, JsonSerializerOptions options, ReadStack& state)
[xUnit.net 00:02:20.31]            at System.Text.Json.Serialization.Metadata.JsonTypeInfo`1.DeserializeAsync[TReadBufferState,TStream](TStream utf8Json, TReadBufferState bufferState, CancellationToken cancellationToken)
[xUnit.net 00:02:20.31]            at System.Net.Http.Json.HttpContentJsonExtensions.ReadFromJsonAsyncCore[T](HttpContent content, JsonSerializerOptions options, CancellationToken cancellationToken)
[xUnit.net 00:02:20.31]         D:\Git\NoviVovi\tests\NoviVovi.Api.Tests\Infrastructure\IntegrationTestBase.cs(47,0): at NoviVovi.Api.Tests.Infrastructure.IntegrationTestBase.PostAsync[TResponse](String url, Object request)
[xUnit.net 00:02:20.31]         D:\Git\NoviVovi\tests\NoviVovi.Api.Tests\Steps\StepsControllerTests.cs(419,0): at NoviVovi.Api.Tests.Steps.StepsControllerTests.GetStep_ExistingId_ReturnsStep()
[xUnit.net 00:02:20.31]         --- End of stack trace from previous location ---
[xUnit.net 00:02:20.31]         ----- Inner Stack Trace -----
[xUnit.net 00:02:20.31]         
  ╨Э╨╡ ╨┐╤А╨╛╨╣╨┤╨╡╨╜ NoviVovi.Api.Tests.Steps.StepsControllerTests.GetStep_ExistingId_ReturnsStep [61 ms]
  ╨б╨╛╨╛╨▒╤Й╨╡╨╜╨╕╨╡ ╨╛╨▒ ╨╛╤И╨╕╨▒╨║╨╡:
   System.NotSupportedException : The JSON payload for polymorphic interface or abstract type 'NoviVovi.Api.Steps.Responses.StepResponse' must specify a type discriminator. Path: $ | LineNumber: 0 | BytePositionInLine: 11.
---- System.NotSupportedException : The JSON payload for polymorphic interface or abstract type 'NoviVovi.Api.Steps.Responses.StepResponse' must specify a type discriminator.
  ╨в╤А╨░╤Б╤Б╨╕╤А╨╛╨▓╨║╨░ ╤Б╤В╨╡╨║╨░:
     at System.Text.Json.ThrowHelper.ThrowNotSupportedException(ReadStack& state, Utf8JsonReader& reader, Exception innerException)
   at System.Text.Json.Serialization.Converters.ObjectDefaultConverter`1.OnTryRead(Utf8JsonReader& reader, Type typeToConvert, JsonSerializerOptions options, ReadStack& state, T& value)
   at System.Text.Json.Serialization.JsonConverter`1.ReadCore(Utf8JsonReader& reader, T& value, JsonSerializerOptions options, ReadStack& state)
   at System.Text.Json.Serialization.Metadata.JsonTypeInfo`1.DeserializeAsync[TReadBufferState,TStream](TStream utf8Json, TReadBufferState bufferState, CancellationToken cancellationToken)
   at System.Net.Http.Json.HttpContentJsonExtensions.ReadFromJsonAsyncCore[T](HttpContent content, JsonSerializerOptions options, CancellationToken cancellationToken)
   at NoviVovi.Api.Tests.Infrastructure.IntegrationTestBase.PostAsync[TResponse](String url, Object request) in D:\Git\NoviVovi\tests\NoviVovi.Api.Tests\Infrastructure\IntegrationTestBase.cs:line 47
   at NoviVovi.Api.Tests.Steps.StepsControllerTests.GetStep_ExistingId_ReturnsStep() in D:\Git\NoviVovi\tests\NoviVovi.Api.Tests\Steps\StepsControllerTests.cs:line 419
--- End of stack trace from previous location ---
----- Inner Stack Trace -----

[xUnit.net 00:02:21.38]     NoviVovi.Api.Tests.Steps.StepsControllerTests.AddJumpStep_ValidRequest_ReturnsCreatedStep [
FAIL]
[xUnit.net 00:02:21.38]       System.NotSupportedException : The JSON payload for polymorphic interface or abstract type 'NoviVovi.Api.Steps.Responses.StepResponse' must specify a type discriminator. Path: $ | LineNumber: 0 | BytePositionInLine: 14.
[xUnit.net 00:02:21.38]       ---- System.NotSupportedException : The JSON payload for polymorphic interface or abstract type 'NoviVovi.Api.Steps.Responses.StepResponse' must specify a type discriminator.
[xUnit.net 00:02:21.38]       Stack Trace:
[xUnit.net 00:02:21.38]            at System.Text.Json.ThrowHelper.ThrowNotSupportedException(ReadStack& state, Utf8JsonReader& reader, Exception innerException)
[xUnit.net 00:02:21.38]            at System.Text.Json.Serialization.Converters.ObjectDefaultConverter`1.OnTryRead(Utf8JsonReader& reader, Type typeToConvert, JsonSerializerOptions options, ReadStack& state, T& value)
[xUnit.net 00:02:21.38]            at System.Text.Json.Serialization.JsonConverter`1.ReadCore(Utf8JsonReader& reader, T& value, JsonSerializerOptions options, ReadStack& state)
[xUnit.net 00:02:21.38]            at System.Text.Json.Serialization.Metadata.JsonTypeInfo`1.DeserializeAsync[TReadBufferState,TStream](TStream utf8Json, TReadBufferState bufferState, CancellationToken cancellationToken)
[xUnit.net 00:02:21.38]            at System.Net.Http.Json.HttpContentJsonExtensions.ReadFromJsonAsyncCore[T](HttpContent content, JsonSerializerOptions options, CancellationToken cancellationToken)
[xUnit.net 00:02:21.38]         D:\Git\NoviVovi\tests\NoviVovi.Api.Tests\Infrastructure\IntegrationTestBase.cs(47,0): at NoviVovi.Api.Tests.Infrastructure.IntegrationTestBase.PostAsync[TResponse](String url, Object request)
[xUnit.net 00:02:21.38]         D:\Git\NoviVovi\tests\NoviVovi.Api.Tests\Steps\StepsControllerTests.cs(374,0): at NoviVovi.Api.Tests.Steps.StepsControllerTests.AddJumpStep_ValidRequest_ReturnsCreatedStep()
[xUnit.net 00:02:21.38]         --- End of stack trace from previous location ---
[xUnit.net 00:02:21.38]         ----- Inner Stack Trace -----
[xUnit.net 00:02:21.38]         
  ╨Э╨╡ ╨┐╤А╨╛╨╣╨┤╨╡╨╜ NoviVovi.Api.Tests.Steps.StepsControllerTests.AddJumpStep_ValidRequest_ReturnsCreatedStep [56 ms]
  ╨б╨╛╨╛╨▒╤Й╨╡╨╜╨╕╨╡ ╨╛╨▒ ╨╛╤И╨╕╨▒╨║╨╡:
   System.NotSupportedException : The JSON payload for polymorphic interface or abstract type 'NoviVovi.Api.Steps.Responses.StepResponse' must specify a type discriminator. Path: $ | LineNumber: 0 | BytePositionInLine: 14.
---- System.NotSupportedException : The JSON payload for polymorphic interface or abstract type 'NoviVovi.Api.Steps.Responses.StepResponse' must specify a type discriminator.
  ╨в╤А╨░╤Б╤Б╨╕╤А╨╛╨▓╨║╨░ ╤Б╤В╨╡╨║╨░:
     at System.Text.Json.ThrowHelper.ThrowNotSupportedException(ReadStack& state, Utf8JsonReader& reader, Exception innerException)
   at System.Text.Json.Serialization.Converters.ObjectDefaultConverter`1.OnTryRead(Utf8JsonReader& reader, Type typeToConvert, JsonSerializerOptions options, ReadStack& state, T& value)
   at System.Text.Json.Serialization.JsonConverter`1.ReadCore(Utf8JsonReader& reader, T& value, JsonSerializerOptions options, ReadStack& state)
   at System.Text.Json.Serialization.Metadata.JsonTypeInfo`1.DeserializeAsync[TReadBufferState,TStream](TStream utf8Json, TReadBufferState bufferState, CancellationToken cancellationToken)
   at System.Net.Http.Json.HttpContentJsonExtensions.ReadFromJsonAsyncCore[T](HttpContent content, JsonSerializerOptions options, CancellationToken cancellationToken)
   at NoviVovi.Api.Tests.Infrastructure.IntegrationTestBase.PostAsync[TResponse](String url, Object request) in D:\Git\NoviVovi\tests\NoviVovi.Api.Tests\Infrastructure\IntegrationTestBase.cs:line 47
   at NoviVovi.Api.Tests.Steps.StepsControllerTests.AddJumpStep_ValidRequest_ReturnsCreatedStep() in D:\Git\NoviVovi\tests\NoviVovi.Api.Tests\Steps\StepsControllerTests.cs:line 374
--- End of stack trace from previous location ---
----- Inner Stack Trace -----

[xUnit.net 00:02:22.83]     NoviVovi.Api.Tests.Steps.StepsControllerTests.AddShowBackgroundStep_ValidRequest_ReturnsCre
atedStep [FAIL]
[xUnit.net 00:02:22.83]       System.Net.Http.HttpRequestException : Response status code does not indicate success: 404 (Not Found).
[xUnit.net 00:02:22.83]       Stack Trace:
[xUnit.net 00:02:22.83]            at System.Net.Http.HttpResponseMessage.EnsureSuccessStatusCode()
[xUnit.net 00:02:22.83]         D:\Git\NoviVovi\tests\NoviVovi.Api.Tests\Infrastructure\IntegrationTestBase.cs(46,0): at NoviVovi.Api.Tests.Infrastructure.IntegrationTestBase.PostAsync[TResponse](String url, Object request)
[xUnit.net 00:02:22.83]         D:\Git\NoviVovi\tests\NoviVovi.Api.Tests\Steps\StepsControllerTests.cs(55,0): at NoviVovi.Api.Tests.Steps.StepsControllerTests.CreateTestImageAsync(Guid novelId, ImageTypeRequest type)
[xUnit.net 00:02:22.83]         D:\Git\NoviVovi\tests\NoviVovi.Api.Tests\Steps\StepsControllerTests.cs(253,0): at NoviVovi.Api.Tests.Steps.StepsControllerTests.AddShowBackgroundStep_ValidRequest_ReturnsCreatedStep()
[xUnit.net 00:02:22.83]         --- End of stack trace from previous location ---
  ╨Э╨╡ ╨┐╤А╨╛╨╣╨┤╨╡╨╜ NoviVovi.Api.Tests.Steps.StepsControllerTests.AddShowBackgroundStep_ValidRequest_ReturnsCreatedStep [12 ms]
  ╨б╨╛╨╛╨▒╤Й╨╡╨╜╨╕╨╡ ╨╛╨▒ ╨╛╤И╨╕╨▒╨║╨╡:
   System.Net.Http.HttpRequestException : Response status code does not indicate success: 404 (Not Found).
  ╨в╤А╨░╤Б╤Б╨╕╤А╨╛╨▓╨║╨░ ╤Б╤В╨╡╨║╨░:
     at System.Net.Http.HttpResponseMessage.EnsureSuccessStatusCode()
   at NoviVovi.Api.Tests.Infrastructure.IntegrationTestBase.PostAsync[TResponse](String url, Object request) in D:\Git\NoviVovi\tests\NoviVovi.Api.Tests\Infrastructure\IntegrationTestBase.cs:line 46
   at NoviVovi.Api.Tests.Steps.StepsControllerTests.CreateTestImageAsync(Guid novelId, ImageTypeRequest type) in D:\Git\NoviVovi\tests\NoviVovi.Api.Tests\Steps\StepsControllerTests.cs:line 55
   at NoviVovi.Api.Tests.Steps.StepsControllerTests.AddShowBackgroundStep_ValidRequest_ReturnsCreatedStep() in D:\Git\NoviVovi\tests\NoviVovi.Api.Tests\Steps\StepsControllerTests.cs:line 253
--- End of stack trace from previous location ---
[xUnit.net 00:02:23.85]       Assert.Equal() Failure: Values differ
[xUnit.net 00:02:23.85]       Expected: UnprocessableEntity
[xUnit.net 00:02:23.85]       Actual:   OK
[xUnit.net 00:02:23.85]       Stack Trace:
[xUnit.net 00:02:23.85]     NoviVovi.Api.Tests.Steps.StepsControllerTests.AddShowMenuStep_EmptyChoices_ReturnsUnprocess
ableEntity [FAIL]
[xUnit.net 00:02:23.85]         D:\Git\NoviVovi\tests\NoviVovi.Api.Tests\Steps\StepsControllerTests.cs(356,0): at NoviVovi.Api.Tests.Steps.StepsControllerTests.AddShowMenuStep_EmptyChoices_ReturnsUnprocessableEntity()
[xUnit.net 00:02:23.85]         --- End of stack trace from previous location ---
[xUnit.net 00:02:24.47]     NoviVovi.Api.Tests.Steps.StepsControllerTests.AddShowReplicaStep_ValidRequest_ReturnsCreate
dStep [FAIL]
[xUnit.net 00:02:24.47]       System.NotSupportedException : The JSON payload for polymorphic interface or abstract type 'NoviVovi.Api.Steps.Responses.StepResponse' must specify a type discriminator. Path: $ | LineNumber: 0 | BytePositionInLine: 11.
[xUnit.net 00:02:24.47]       ---- System.NotSupportedException : The JSON payload for polymorphic interface or abstract type 'NoviVovi.Api.Steps.Responses.StepResponse' must specify a type discriminator.
[xUnit.net 00:02:24.47]       Stack Trace:
[xUnit.net 00:02:24.47]            at System.Text.Json.ThrowHelper.ThrowNotSupportedException(ReadStack& state, Utf8JsonReader& reader, Exception innerException)
[xUnit.net 00:02:24.47]            at System.Text.Json.Serialization.Converters.ObjectDefaultConverter`1.OnTryRead(Utf8JsonReader& reader, Type typeToConvert, JsonSerializerOptions options, ReadStack& state, T& value)
[xUnit.net 00:02:24.47]            at System.Text.Json.Serialization.JsonConverter`1.ReadCore(Utf8JsonReader& reader, T& value, JsonSerializerOptions options, ReadStack& state)
[xUnit.net 00:02:24.47]            at System.Text.Json.Serialization.Metadata.JsonTypeInfo`1.DeserializeAsync[TReadBufferState,TStream](TStream utf8Json, TReadBufferState bufferState, CancellationToken cancellationToken)
[xUnit.net 00:02:24.47]            at System.Net.Http.Json.HttpContentJsonExtensions.ReadFromJsonAsyncCore[T](HttpContent content, JsonSerializerOptions options, CancellationToken cancellationToken)
[xUnit.net 00:02:24.47]         D:\Git\NoviVovi\tests\NoviVovi.Api.Tests\Infrastructure\IntegrationTestBase.cs(47,0): at NoviVovi.Api.Tests.Infrastructure.IntegrationTestBase.PostAsync[TResponse](String url, Object request)
[xUnit.net 00:02:24.47]         D:\Git\NoviVovi\tests\NoviVovi.Api.Tests\Steps\StepsControllerTests.cs(88,0): at NoviVovi.Api.Tests.Steps.StepsControllerTests.AddShowReplicaStep_ValidRequest_ReturnsCreatedStep()
[xUnit.net 00:02:24.47]         --- End of stack trace from previous location ---
[xUnit.net 00:02:24.47]         ----- Inner Stack Trace -----
[xUnit.net 00:02:24.47]         
[xUnit.net 00:02:25.11]     NoviVovi.Api.Tests.Steps.StepsControllerTests.GetAllSteps_ReturnsAllStepsForLabel [FAIL]
[xUnit.net 00:02:25.11]       System.NotSupportedException : The JSON payload for polymorphic interface or abstract type 'NoviVovi.Api.Steps.Responses.StepResponse' must specify a type discriminator. Path: $ | LineNumber: 0 | BytePositionInLine: 11.
[xUnit.net 00:02:25.11]       ---- System.NotSupportedException : The JSON payload for polymorphic interface or abstract type 'NoviVovi.Api.Steps.Responses.StepResponse' must specify a type discriminator.
[xUnit.net 00:02:25.11]       Stack Trace:
[xUnit.net 00:02:25.11]            at System.Text.Json.ThrowHelper.ThrowNotSupportedException(ReadStack& state, Utf8JsonReader& reader, Exception innerException)
[xUnit.net 00:02:25.11]            at System.Text.Json.Serialization.Converters.ObjectDefaultConverter`1.OnTryRead(Utf8JsonReader& reader, Type typeToConvert, JsonSerializerOptions options, ReadStack& state, T& value)
[xUnit.net 00:02:25.11]            at System.Text.Json.Serialization.JsonConverter`1.ReadCore(Utf8JsonReader& reader, T& value, JsonSerializerOptions options, ReadStack& state)
[xUnit.net 00:02:25.11]            at System.Text.Json.Serialization.Metadata.JsonTypeInfo`1.DeserializeAsync[TReadBufferState,TStream](TStream utf8Json, TReadBufferState bufferState, CancellationToken cancellationToken)
[xUnit.net 00:02:25.11]            at System.Net.Http.Json.HttpContentJsonExtensions.ReadFromJsonAsyncCore[T](HttpContent content, JsonSerializerOptions options, CancellationToken cancellationToken)
[xUnit.net 00:02:25.11]         D:\Git\NoviVovi\tests\NoviVovi.Api.Tests\Infrastructure\IntegrationTestBase.cs(47,0): at NoviVovi.Api.Tests.Infrastructure.IntegrationTestBase.PostAsync[TResponse](String url, Object request)
[xUnit.net 00:02:25.11]         D:\Git\NoviVovi\tests\NoviVovi.Api.Tests\Steps\StepsControllerTests.cs(454,0): at NoviVovi.Api.Tests.Steps.StepsControllerTests.GetAllSteps_ReturnsAllStepsForLabel()
[xUnit.net 00:02:25.11]         --- End of stack trace from previous location ---
[xUnit.net 00:02:25.11]         ----- Inner Stack Trace -----
[xUnit.net 00:02:25.11]         
  ╨Э╨╡ ╨┐╤А╨╛╨╣╨┤╨╡╨╜ NoviVovi.Api.Tests.Steps.StepsControllerTests.AddShowMenuStep_EmptyChoices_ReturnsUnprocessableEntity [34 ms]
  ╨б╨╛╨╛╨▒╤Й╨╡╨╜╨╕╨╡ ╨╛╨▒ ╨╛╤И╨╕╨▒╨║╨╡:
   Assert.Equal() Failure: Values differ
Expected: UnprocessableEntity
Actual:   OK
  ╨в╤А╨░╤Б╤Б╨╕╤А╨╛╨▓╨║╨░ ╤Б╤В╨╡╨║╨░:
     at NoviVovi.Api.Tests.Steps.StepsControllerTests.AddShowMenuStep_EmptyChoices_ReturnsUnprocessableEntity() in D:\Git\NoviVovi\tests\NoviVovi.Api.Tests\Steps\StepsControllerTests.cs:line 356
--- End of stack trace from previous location ---
  ╨Э╨╡ ╨┐╤А╨╛╨╣╨┤╨╡╨╜ NoviVovi.Api.Tests.Steps.StepsControllerTests.AddShowReplicaStep_ValidRequest_ReturnsCreatedStep [20 ms]
  ╨б╨╛╨╛╨▒╤Й╨╡╨╜╨╕╨╡ ╨╛╨▒ ╨╛╤И╨╕╨▒╨║╨╡:
   System.NotSupportedException : The JSON payload for polymorphic interface or abstract type 'NoviVovi.Api.Steps.Responses.StepResponse' must specify a type discriminator. Path: $ | LineNumber: 0 | BytePositionInLine: 11.
---- System.NotSupportedException : The JSON payload for polymorphic interface or abstract type 'NoviVovi.Api.Steps.Responses.StepResponse' must specify a type discriminator.
  ╨в╤А╨░╤Б╤Б╨╕╤А╨╛╨▓╨║╨░ ╤Б╤В╨╡╨║╨░:
     at System.Text.Json.ThrowHelper.ThrowNotSupportedException(ReadStack& state, Utf8JsonReader& reader, Exception innerException)
   at System.Text.Json.Serialization.Converters.ObjectDefaultConverter`1.OnTryRead(Utf8JsonReader& reader, Type typeToConvert, JsonSerializerOptions options, ReadStack& state, T& value)
   at System.Text.Json.Serialization.JsonConverter`1.ReadCore(Utf8JsonReader& reader, T& value, JsonSerializerOptions options, ReadStack& state)
   at System.Text.Json.Serialization.Metadata.JsonTypeInfo`1.DeserializeAsync[TReadBufferState,TStream](TStream utf8Json, TReadBufferState bufferState, CancellationToken cancellationToken)
   at System.Net.Http.Json.HttpContentJsonExtensions.ReadFromJsonAsyncCore[T](HttpContent content, JsonSerializerOptions options, CancellationToken cancellationToken)
   at NoviVovi.Api.Tests.Infrastructure.IntegrationTestBase.PostAsync[TResponse](String url, Object request) in D:\Git\NoviVovi\tests\NoviVovi.Api.Tests\Infrastructure\IntegrationTestBase.cs:line 47
   at NoviVovi.Api.Tests.Steps.StepsControllerTests.AddShowReplicaStep_ValidRequest_ReturnsCreatedStep() in D:\Git\NoviVovi\tests\NoviVovi.Api.Tests\Steps\StepsControllerTests.cs:line 88
--- End of stack trace from previous location ---
----- Inner Stack Trace -----

  ╨Э╨╡ ╨┐╤А╨╛╨╣╨┤╨╡╨╜ NoviVovi.Api.Tests.Steps.StepsControllerTests.GetAllSteps_ReturnsAllStepsForLabel [20 ms]
  ╨б╨╛╨╛╨▒╤Й╨╡╨╜╨╕╨╡ ╨╛╨▒ ╨╛╤И╨╕╨▒╨║╨╡:
   System.NotSupportedException : The JSON payload for polymorphic interface or abstract type 'NoviVovi.Api.Steps.Responses.StepResponse' must specify a type discriminator. Path: $ | LineNumber: 0 | BytePositionInLine: 11.
---- System.NotSupportedException : The JSON payload for polymorphic interface or abstract type 'NoviVovi.Api.Steps.Responses.StepResponse' must specify a type discriminator.
  ╨в╤А╨░╤Б╤Б╨╕╤А╨╛╨▓╨║╨░ ╤Б╤В╨╡╨║╨░:
     at System.Text.Json.ThrowHelper.ThrowNotSupportedException(ReadStack& state, Utf8JsonReader& reader, Exception innerException)
   at System.Text.Json.Serialization.Converters.ObjectDefaultConverter`1.OnTryRead(Utf8JsonReader& reader, Type typeToConvert, JsonSerializerOptions options, ReadStack& state, T& value)
   at System.Text.Json.Serialization.JsonConverter`1.ReadCore(Utf8JsonReader& reader, T& value, JsonSerializerOptions options, ReadStack& state)
   at System.Text.Json.Serialization.Metadata.JsonTypeInfo`1.DeserializeAsync[TReadBufferState,TStream](TStream utf8Json, TReadBufferState bufferState, CancellationToken cancellationToken)
   at System.Net.Http.Json.HttpContentJsonExtensions.ReadFromJsonAsyncCore[T](HttpContent content, JsonSerializerOptions options, CancellationToken cancellationToken)
   at NoviVovi.Api.Tests.Infrastructure.IntegrationTestBase.PostAsync[TResponse](String url, Object request) in D:\Git\NoviVovi\tests\NoviVovi.Api.Tests\Infrastructure\IntegrationTestBase.cs:line 47
   at NoviVovi.Api.Tests.Steps.StepsControllerTests.GetAllSteps_ReturnsAllStepsForLabel() in D:\Git\NoviVovi\tests\NoviVovi.Api.Tests\Steps\StepsControllerTests.cs:line 454
--- End of stack trace from previous location ---
----- Inner Stack Trace -----

fail: NoviVovi.Api.Infrastructure.GlobalExceptionHandler[0]
      я┐╜роия┐╜я┐╜шла я┐╜я┐╜я┐╜я┐╜рабя┐╜таня┐╜я┐╜я┐╜ я┐╜шибя┐╜я┐╜: я┐╜я┐╜я┐╜я┐╜ражя┐╜я┐╜я┐╜я┐╜ 'af558393-9834-40a3-9584-a6f1d60982b3' я┐╜я┐╜ я┐╜я┐╜я┐╜я┐╜я┐╜я┐╜я┐╜
      NoviVovi.Application.Common.Exceptions.NotFoundException: я┐╜я┐╜я┐╜я┐╜ражя┐╜я┐╜я┐╜я┐╜ 'af558393-9834-40a3-9584-a6f1d60982b3' я┐╜я┐╜ я┐╜я┐╜я┐╜я┐╜я┐╜я┐╜я┐╜
         at NoviVovi.Application.Steps.Features.Add.AddShowBackgroundStepHandler.Handle(AddShowBackgroundStepCommand request, CancellationToken ct) in D:\Git\NoviVovi\backend\NoviVovi.Application\Steps\Features\Add\AddShowBackgroundStep.cs:line 42
         at NoviVovi.Application.Steps.Features.Add.AddShowBackgroundStepHandler.Handle(AddShowBackgroundStepCommand request, CancellationToken ct) in D:\Git\NoviVovi\backend\NoviVovi.Application\Steps\Features\Add\AddShowBackgroundStep.cs:line 62
         at NoviVovi.Api.Steps.Controllers.StepsController.Create(Guid novelId, Guid labelId, AddStepRequest request) in D:\Git\NoviVovi\backend\NoviVovi.Api\Steps\Controllers\StepsController.cs:line 32
         at lambda_method385(Closure, Object)
         at Microsoft.AspNetCore.Mvc.Infrastructure.ActionMethodExecutor.AwaitableObjectResultExecutor.Execute(ActionContext actionContext, IActionResultTypeMapper mapper, ObjectMethodExecutor executor, Object controller, Object[] arguments)
         at Microsoft.AspNetCore.Mvc.Infrastructure.ControllerActionInvoker.<InvokeActionMethodAsync>g__Awaited|12_0(ControllerActionInvoker invoker, ValueTask`1 actionResultValueTask)
         at Microsoft.AspNetCore.Mvc.Infrastructure.ControllerActionInvoker.<InvokeNextActionFilterAsync>g__Awaited|10_0(ControllerActionInvoker invoker, Task lastTask, State next, Scope scope, Object state, Boolean isCompleted)
         at Microsoft.AspNetCore.Mvc.Infrastructure.ControllerActionInvoker.Rethrow(ActionExecutedContextSealed context)
         at Microsoft.AspNetCore.Mvc.Infrastructure.ControllerActionInvoker.Next(State& next, Scope& scope, Object& state, Boolean& isCompleted)
         at Microsoft.AspNetCore.Mvc.Infrastructure.ControllerActionInvoker.<InvokeInnerFilterAsync>g__Awaited|13_0(ControllerActionInvoker invoker, Task lastTask, State next, Scope scope, Object state, Boolean isCompleted)
         at Microsoft.AspNetCore.Mvc.Infrastructure.ResourceInvoker.<InvokeFilterPipelineAsync>g__Awaited|20_0(ResourceInvoker invoker, Task lastTask, State next, Scope scope, Object state, Boolean isCompleted)
         at Microsoft.AspNetCore.Mvc.Infrastructure.ResourceInvoker.<InvokeAsync>g__Awaited|17_0(ResourceInvoker invoker, Task task, IDisposable scope)
         at Microsoft.AspNetCore.Mvc.Infrastructure.ResourceInvoker.<InvokeAsync>g__Awaited|17_0(ResourceInvoker invoker, Task task, IDisposable scope)
         at Microsoft.AspNetCore.Authorization.AuthorizationMiddleware.Invoke(HttpContext context)
         at Microsoft.AspNetCore.Authentication.AuthenticationMiddleware.Invoke(HttpContext context)
         at Microsoft.AspNetCore.Diagnostics.ExceptionHandlerMiddlewareImpl.<Invoke>g__Awaited|10_0(ExceptionHandlerMiddlewareImpl middleware, HttpContext context, Task task)
[xUnit.net 00:02:26.68]     NoviVovi.Api.Tests.Steps.StepsControllerTests.AddShowMenuStep_ValidRequest_ReturnsCreatedSt
ep [FAIL]
[xUnit.net 00:02:26.68]       System.NotSupportedException : The JSON payload for polymorphic interface or abstract type 'NoviVovi.Api.Steps.Responses.StepResponse' must specify a type discriminator. Path: $ | LineNumber: 0 | BytePositionInLine: 8.
[xUnit.net 00:02:26.68]       ---- System.NotSupportedException : The JSON payload for polymorphic interface or abstract type 'NoviVovi.Api.Steps.Responses.StepResponse' must specify a type discriminator.
[xUnit.net 00:02:26.68]       Stack Trace:
[xUnit.net 00:02:26.68]            at System.Text.Json.ThrowHelper.ThrowNotSupportedException(ReadStack& state, Utf8JsonReader& reader, Exception innerException)
[xUnit.net 00:02:26.68]            at System.Text.Json.Serialization.Converters.ObjectDefaultConverter`1.OnTryRead(Utf8JsonReader& reader, Type typeToConvert, JsonSerializerOptions options, ReadStack& state, T& value)
[xUnit.net 00:02:26.68]            at System.Text.Json.Serialization.JsonConverter`1.ReadCore(Utf8JsonReader& reader, T& value, JsonSerializerOptions options, ReadStack& state)
[xUnit.net 00:02:26.68]            at System.Text.Json.Serialization.Metadata.JsonTypeInfo`1.DeserializeAsync[TReadBufferState,TStream](TStream utf8Json, TReadBufferState bufferState, CancellationToken cancellationToken)
[xUnit.net 00:02:26.68]            at System.Net.Http.Json.HttpContentJsonExtensions.ReadFromJsonAsyncCore[T](HttpContent content, JsonSerializerOptions options, CancellationToken cancellationToken)
[xUnit.net 00:02:26.68]         D:\Git\NoviVovi\tests\NoviVovi.Api.Tests\Infrastructure\IntegrationTestBase.cs(47,0): at NoviVovi.Api.Tests.Infrastructure.IntegrationTestBase.PostAsync[TResponse](String url, Object request)
[xUnit.net 00:02:26.68]         D:\Git\NoviVovi\tests\NoviVovi.Api.Tests\Steps\StepsControllerTests.cs(318,0): at NoviVovi.Api.Tests.Steps.StepsControllerTests.AddShowMenuStep_ValidRequest_ReturnsCreatedStep()
[xUnit.net 00:02:26.68]         --- End of stack trace from previous location ---
[xUnit.net 00:02:26.68]         ----- Inner Stack Trace -----
[xUnit.net 00:02:26.68]         
  ╨Я╤А╨╛╨╣╨┤╨╡╨╜ NoviVovi.Api.Tests.Steps.StepsControllerTests.AddShowBackgroundStep_NonExistingImage_ReturnsNotFound [16 ms]
  ╨Э╨╡ ╨┐╤А╨╛╨╣╨┤╨╡╨╜ NoviVovi.Api.Tests.Steps.StepsControllerTests.AddShowMenuStep_ValidRequest_ReturnsCreatedStep [70 ms]
  ╨б╨╛╨╛╨▒╤Й╨╡╨╜╨╕╨╡ ╨╛╨▒ ╨╛╤И╨╕╨▒╨║╨╡:
   System.NotSupportedException : The JSON payload for polymorphic interface or abstract type 'NoviVovi.Api.Steps.Responses.StepResponse' must specify a type discriminator. Path: $ | LineNumber: 0 | BytePositionInLine: 8.
---- System.NotSupportedException : The JSON payload for polymorphic interface or abstract type 'NoviVovi.Api.Steps.Responses.StepResponse' must specify a type discriminator.
  ╨в╤А╨░╤Б╤Б╨╕╤А╨╛╨▓╨║╨░ ╤Б╤В╨╡╨║╨░:
     at System.Text.Json.ThrowHelper.ThrowNotSupportedException(ReadStack& state, Utf8JsonReader& reader, Exception innerException)
   at System.Text.Json.Serialization.Converters.ObjectDefaultConverter`1.OnTryRead(Utf8JsonReader& reader, Type typeToConvert, JsonSerializerOptions options, ReadStack& state, T& value)
   at System.Text.Json.Serialization.JsonConverter`1.ReadCore(Utf8JsonReader& reader, T& value, JsonSerializerOptions options, ReadStack& state)
   at System.Text.Json.Serialization.Metadata.JsonTypeInfo`1.DeserializeAsync[TReadBufferState,TStream](TStream utf8Json, TReadBufferState bufferState, CancellationToken cancellationToken)
   at System.Net.Http.Json.HttpContentJsonExtensions.ReadFromJsonAsyncCore[T](HttpContent content, JsonSerializerOptions options, CancellationToken cancellationToken)
   at NoviVovi.Api.Tests.Infrastructure.IntegrationTestBase.PostAsync[TResponse](String url, Object request) in D:\Git\NoviVovi\tests\NoviVovi.Api.Tests\Infrastructure\IntegrationTestBase.cs:line 47
   at NoviVovi.Api.Tests.Steps.StepsControllerTests.AddShowMenuStep_ValidRequest_ReturnsCreatedStep() in D:\Git\NoviVovi\tests\NoviVovi.Api.Tests\Steps\StepsControllerTests.cs:line 318
--- End of stack trace from previous location ---
----- Inner Stack Trace -----

info: Microsoft.Hosting.Lifetime[0]
      Application is shutting down...
[xUnit.net 00:02:44.32]   Finished:    NoviVovi.Api.Tests

╨б╨▒╨╛╨╣ ╤В╨╡╤Б╤В╨╛╨▓╨╛╨│╨╛ ╨╖╨░╨┐╤Г╤Б╨║╨░.
╨Т╤Б╨╡╨│╨╛ ╤В╨╡╤Б╤В╨╛╨▓: 88
     ╨Я╤А╨╛╨╣╨┤╨╡╨╜╨╛: 46
     ╨Э╨╡ ╨┐╤А╨╛╨╣╨┤╨╡╨╜╨╛: 42
 ╨Ю╨▒╤Й╨╡╨╡ ╨▓╤А╨╡╨╝╤П: 2,7499 ╨Ь╨╕╨╜╤Г╤В╤Л
       _VSTestConsole:
         MSB4181: ╨╖╨░╨┤╨░╤З╨░ "VSTestTask" ╨▓╨╛╨╖╨▓╤А╨░╤В╨╕╨╗╨░ ╨╖╨╜╨░╤З╨╡╨╜╨╕╨╡ false, ╨╜╨╛ ╨╜╨╡ ╨╖╨░╤А╨╡╨│╨╕╤Б╤В╤А╨╕╤А╨╛╨▓╨░╨╗╨░ ╨╛╤И╨╕╨▒╨║╤Г.
     1>╨б╨▒╨╛╤А╨║╨░ ╨┐╤А╨╛╨╡╨║╤В╨░ "D:\Git\NoviVovi\tests\NoviVovi.Api.Tests\NoviVovi.Api.Tests.csproj" ╨╖╨░╨▓╨╡╤А╤И╨╡╨╜╨░ (╤Ж╨╡╨╗╨╡╨▓╤Л╨╡ ╨╛╨▒╤К╨╡╨║╤В╤Л VSTest) ╤Б ╨╛╤И╨╕╨▒╨║╨╛╨╣.

╨Ю╤И╨╕╨▒╨║╨░ ╤Б╨▒╨╛╤А╨║╨╕.

       "D:\Git\NoviVovi\tests\NoviVovi.Api.Tests\NoviVovi.Api.Tests.csproj" (╤Ж╨╡╨╗╨╡╨▓╨╛╨╣ ╨╛╨▒╤К╨╡╨║╤В Restore ) (1) ->
       (╨ж╨╡╨╗╨╡╨▓╨╛╨╣ ╨╛╨▒╤К╨╡╨║╤В Restore) -> 
         D:\Git\NoviVovi\backend\NoviVovi.Infrastructure\NoviVovi.Infrastructure.csproj : warning NU1510: PackageReference System.Security.Claims will not be pruned. Consider removing this package from your dependencies, as it is likely unnecessary. [D:\Git\NoviVovi\tests\NoviVovi.Api.Tests\NoviVovi.Api.Tests.csproj]
         D:\Git\NoviVovi\backend\NoviVovi.Infrastructure\NoviVovi.Infrastructure.csproj : warning NU1903: Package 'System.Security.Cryptography.Xml' 8.0.2 has a known high severity vulnerability, https://github.com/advisories/GHSA-37gx-xxp4-5rgx [D:\Git\NoviVovi\tests\NoviVovi.Api.Tests\NoviVovi.Api.Tests.csproj]
         D:\Git\NoviVovi\backend\NoviVovi.Infrastructure\NoviVovi.Infrastructure.csproj : warning NU1903: Package 'System.Security.Cryptography.Xml' 8.0.2 has a known high severity vulnerability, https://github.com/advisories/GHSA-w3x6-4m5h-cxqf [D:\Git\NoviVovi\tests\NoviVovi.Api.Tests\NoviVovi.Api.Tests.csproj]
         D:\Git\NoviVovi\tests\NoviVovi.Api.Tests\NoviVovi.Api.Tests.csproj : warning NU1903: Package 'System.Security.Cryptography.Xml' 8.0.2 has a known high severity vulnerability, https://github.com/advisories/GHSA-37gx-xxp4-5rgx
         D:\Git\NoviVovi\tests\NoviVovi.Api.Tests\NoviVovi.Api.Tests.csproj : warning NU1903: Package 'System.Security.Cryptography.Xml' 8.0.2 has a known high severity vulnerability, https://github.com/advisories/GHSA-w3x6-4m5h-cxqf


       "D:\Git\NoviVovi\tests\NoviVovi.Api.Tests\NoviVovi.Api.Tests.csproj" (╤Ж╨╡╨╗╨╡╨▓╨╛╨╣ ╨╛╨▒╤К╨╡╨║╤В VSTest ) (1:7) ->
       "D:\Git\NoviVovi\tests\NoviVovi.Api.Tests\NoviVovi.Api.Tests.csproj" (╤Ж╨╡╨╗╨╡╨▓╨╛╨╣ ╨╛╨▒╤К╨╡╨║╤В ╨┐╨╛ ╤Г╨╝╨╛╨╗╤З╨░╨╜╨╕╤О) (1:8) ->
       (╨ж╨╡╨╗╨╡╨▓╨╛╨╣ ╨╛╨▒╤К╨╡╨║╤В ResolvePackageAssets) -> 
         D:\Git\NoviVovi\tests\NoviVovi.Api.Tests\NoviVovi.Api.Tests.csproj : warning NU1903: Package 'System.Security.Cryptography.Xml' 8.0.2 has a known high severity vulnerability, https://github.com/advisories/GHSA-37gx-xxp4-5rgx
         D:\Git\NoviVovi\tests\NoviVovi.Api.Tests\NoviVovi.Api.Tests.csproj : warning NU1903: Package 'System.Security.Cryptography.Xml' 8.0.2 has a known high severity vulnerability, https://github.com/advisories/GHSA-w3x6-4m5h-cxqf


       "D:\Git\NoviVovi\tests\NoviVovi.Api.Tests\NoviVovi.Api.Tests.csproj" (╤Ж╨╡╨╗╨╡╨▓╨╛╨╣ ╨╛╨▒╤К╨╡╨║╤В VSTest ) (1:7) ->
       "D:\Git\NoviVovi\tests\NoviVovi.Api.Tests\NoviVovi.Api.Tests.csproj" (╤Ж╨╡╨╗╨╡╨▓╨╛╨╣ ╨╛╨▒╤К╨╡╨║╤В ╨┐╨╛ ╤Г╨╝╨╛╨╗╤З╨░╨╜╨╕╤О) (1:8) ->
       "D:\Git\NoviVovi\backend\NoviVovi.Infrastructure\NoviVovi.Infrastructure.csproj" (╤Ж╨╡╨╗╨╡╨▓╨╛╨╣ ╨╛╨▒╤К╨╡╨║╤В ╨┐╨╛ ╤Г╨╝╨╛╨╗╤З╨░╨╜╨╕╤О) (3:7) ->
         D:\Git\NoviVovi\backend\NoviVovi.Infrastructure\NoviVovi.Infrastructure.csproj : warning NU1510: PackageReference System.Security.Claims will not be pruned. Consider removing this package from your dependencies, as it is likely unnecessary.
         D:\Git\NoviVovi\backend\NoviVovi.Infrastructure\NoviVovi.Infrastructure.csproj : warning NU1903: Package 'System.Security.Cryptography.Xml' 8.0.2 has a known high severity vulnerability, https://github.com/advisories/GHSA-37gx-xxp4-5rgx
         D:\Git\NoviVovi\backend\NoviVovi.Infrastructure\NoviVovi.Infrastructure.csproj : warning NU1903: Package 'System.Security.Cryptography.Xml' 8.0.2 has a known high severity vulnerability, https://github.com/advisories/GHSA-w3x6-4m5h-cxqf

    ╨Я╤А╨╡╨┤╤Г╨┐╤А╨╡╨╢╨┤╨╡╨╜╨╕╨╣: 10
    ╨Ю╤И╨╕╨▒╨╛╨║: 0

╨Я╤А╨╛╤И╨╗╨╛ ╨▓╤А╨╡╨╝╨╡╨╜╨╕ 00:02:49.08
